Archive member included to satisfy reference by file (symbol)

.\CortexM0\ARM_GCC_541\Debug\HybridEncoder.a(ADC.o)
                              .\CortexM0\ARM_GCC_541\Debug\main.o (ADC_Start)
.\CortexM0\ARM_GCC_541\Debug\HybridEncoder.a(ADC_INT.o)
                              .\CortexM0\ARM_GCC_541\Debug\HybridEncoder.a(ADC.o) (ADC_ISR)
.\CortexM0\ARM_GCC_541\Debug\HybridEncoder.a(PWM_2.o)
                              .\CortexM0\ARM_GCC_541\Debug\main.o (PWM_2_WriteCompare)
.\CortexM0\ARM_GCC_541\Debug\HybridEncoder.a(PWM_1.o)
                              .\CortexM0\ARM_GCC_541\Debug\main.o (PWM_1_WriteCompare)
.\CortexM0\ARM_GCC_541\Debug\HybridEncoder.a(UART.o)
                              .\CortexM0\ARM_GCC_541\Debug\main.o (UART_Start)
.\CortexM0\ARM_GCC_541\Debug\HybridEncoder.a(UART_SPI_UART.o)
                              .\CortexM0\ARM_GCC_541\Debug\main.o (UART_SpiUartWriteTxData)
.\CortexM0\ARM_GCC_541\Debug\HybridEncoder.a(UART_UART.o)
                              .\CortexM0\ARM_GCC_541\Debug\HybridEncoder.a(UART.o) (UART_UartInit)
.\CortexM0\ARM_GCC_541\Debug\HybridEncoder.a(ADC_IRQ.o)
                              .\CortexM0\ARM_GCC_541\Debug\main.o (ADC_IRQ_StartEx)
.\CortexM0\ARM_GCC_541\Debug\HybridEncoder.a(CyLib.o)
                              .\CortexM0\ARM_GCC_541\Debug\cyfitter_cfg.o (CyIntEnable)
.\CortexM0\ARM_GCC_541\Debug\HybridEncoder.a(CyLFClk.o)
                              .\CortexM0\ARM_GCC_541\Debug\HybridEncoder.a(CyLib.o) (CySysClkWcoEnabled)
.\CortexM0\ARM_GCC_541\Debug\HybridEncoder.a(CyBootAsmGnu.o)
                              .\CortexM0\ARM_GCC_541\Debug\HybridEncoder.a(CyLib.o) (CyDelayCycles)
.\CortexM0\ARM_GCC_541\Debug\HybridEncoder.a(CyFlash.o)
                              .\CortexM0\ARM_GCC_541\Debug\HybridEncoder.a(CyLib.o) (CySysFlashSetWaitCycles)
c:/program files (x86)/cypress/psoc creator/4.1/psoc creator/import/gnu/arm/5.4.1/bin/../lib/gcc/arm-none-eabi/5.4.1/armv6-m\libgcc.a(_udivsi3.o)
                              .\CortexM0\ARM_GCC_541\Debug\main.o (__aeabi_uidiv)
c:/program files (x86)/cypress/psoc creator/4.1/psoc creator/import/gnu/arm/5.4.1/bin/../lib/gcc/arm-none-eabi/5.4.1/armv6-m\libgcc.a(_divsi3.o)
                              .\CortexM0\ARM_GCC_541\Debug\main.o (__aeabi_idiv)
c:/program files (x86)/cypress/psoc creator/4.1/psoc creator/import/gnu/arm/5.4.1/bin/../lib/gcc/arm-none-eabi/5.4.1/armv6-m\libgcc.a(_dvmd_tls.o)
                              c:/program files (x86)/cypress/psoc creator/4.1/psoc creator/import/gnu/arm/5.4.1/bin/../lib/gcc/arm-none-eabi/5.4.1/armv6-m\libgcc.a(_udivsi3.o) (__aeabi_idiv0)
c:/program files (x86)/cypress/psoc creator/4.1/psoc creator/import/gnu/arm/5.4.1/bin/../lib/gcc/arm-none-eabi/5.4.1/armv6-m\libgcc.a(_aeabi_ldivmod.o)
                              .\CortexM0\ARM_GCC_541\Debug\HybridEncoder.a(ADC.o) (__aeabi_ldivmod)
c:/program files (x86)/cypress/psoc creator/4.1/psoc creator/import/gnu/arm/5.4.1/bin/../lib/gcc/arm-none-eabi/5.4.1/armv6-m\libgcc.a(_muldi3.o)
                              .\CortexM0\ARM_GCC_541\Debug\HybridEncoder.a(ADC.o) (__aeabi_lmul)
c:/program files (x86)/cypress/psoc creator/4.1/psoc creator/import/gnu/arm/5.4.1/bin/../lib/gcc/arm-none-eabi/5.4.1/armv6-m\libgcc.a(bpabi.o)
                              c:/program files (x86)/cypress/psoc creator/4.1/psoc creator/import/gnu/arm/5.4.1/bin/../lib/gcc/arm-none-eabi/5.4.1/armv6-m\libgcc.a(_aeabi_ldivmod.o) (__gnu_ldivmod_helper)
c:/program files (x86)/cypress/psoc creator/4.1/psoc creator/import/gnu/arm/5.4.1/bin/../lib/gcc/arm-none-eabi/5.4.1/armv6-m\libgcc.a(divsf3.o)
                              .\CortexM0\ARM_GCC_541\Debug\HybridEncoder.a(ADC.o) (__aeabi_fdiv)
c:/program files (x86)/cypress/psoc creator/4.1/psoc creator/import/gnu/arm/5.4.1/bin/../lib/gcc/arm-none-eabi/5.4.1/armv6-m\libgcc.a(mulsf3.o)
                              .\CortexM0\ARM_GCC_541\Debug\HybridEncoder.a(ADC.o) (__aeabi_fmul)
c:/program files (x86)/cypress/psoc creator/4.1/psoc creator/import/gnu/arm/5.4.1/bin/../lib/gcc/arm-none-eabi/5.4.1/armv6-m\libgcc.a(floatsisf.o)
                              .\CortexM0\ARM_GCC_541\Debug\HybridEncoder.a(ADC.o) (__aeabi_i2f)
c:/program files (x86)/cypress/psoc creator/4.1/psoc creator/import/gnu/arm/5.4.1/bin/../lib/gcc/arm-none-eabi/5.4.1/armv6-m\libgcc.a(_clzsi2.o)
                              c:/program files (x86)/cypress/psoc creator/4.1/psoc creator/import/gnu/arm/5.4.1/bin/../lib/gcc/arm-none-eabi/5.4.1/armv6-m\libgcc.a(divsf3.o) (__clzsi2)
c:/program files (x86)/cypress/psoc creator/4.1/psoc creator/import/gnu/arm/5.4.1/bin/../lib/gcc/arm-none-eabi/5.4.1/armv6-m\libgcc.a(_divdi3.o)
                              c:/program files (x86)/cypress/psoc creator/4.1/psoc creator/import/gnu/arm/5.4.1/bin/../lib/gcc/arm-none-eabi/5.4.1/armv6-m\libgcc.a(bpabi.o) (__divdi3)
c:/program files (x86)/cypress/psoc creator/4.1/psoc creator/import/gnu/arm/5.4.1/bin/../lib/gcc/arm-none-eabi/5.4.1/armv6-m\libgcc.a(_clzdi2.o)
[...]
Memory Configuration

Name             Origin             Length             Attributes
rom              0x00000000         0x00020000         xr
ram              0x20000000         0x00004000         xrw
*default*        0x00000000         0xffffffff

Linker script and memory map

LOAD c:/program files (x86)/cypress/psoc creator/4.1/psoc creator/import/gnu/arm/5.4.1/bin/../lib/gcc/arm-none-eabi/5.4.1/armv6-m/crti.o
LOAD c:/program files (x86)/cypress/psoc creator/4.1/psoc creator/import/gnu/arm/5.4.1/bin/../lib/gcc/arm-none-eabi/5.4.1/armv6-m/crtbegin.o
LOAD c:/program files (x86)/cypress/psoc creator/4.1/psoc creator/import/gnu/arm/5.4.1/bin/../lib/gcc/arm-none-eabi/5.4.1/../../../../arm-none-eabi/lib/armv6-m/crt0.o
START GROUP
LOAD .\CortexM0\ARM_GCC_541\Debug\main.o
LOAD .\CortexM0\ARM_GCC_541\Debug\cyfitter_cfg.o
LOAD .\CortexM0\ARM_GCC_541\Debug\cymetadata.o
LOAD .\CortexM0\ARM_GCC_541\Debug\Cm0Start.o
LOAD .\CortexM0\ARM_GCC_541\Debug\HybridEncoder.a
LOAD C:\Program Files (x86)\Cypress\PSoC Creator\4.1\PSoC Creator\psoc\content\CyComponentLibrary\CyComponentLibrary.cylib\CapSense_CSD_P4_v2_60\PSoC4\Library\CapsenseP4Library_GCC.a
LOAD C:\Program Files (x86)\Cypress\PSoC Creator\4.1\PSoC Creator\psoc\content\cycomponentlibrary\CyComponentLibrary.cylib\CortexM0\ARM_GCC_541\Debug\CyComponentLibrary.a
END GROUP
START GROUP
LOAD c:/program files (x86)/cypress/psoc creator/4.1/psoc creator/import/gnu/arm/5.4.1/bin/../lib/gcc/arm-none-eabi/5.4.1/armv6-m\libgcc.a
LOAD c:/program files (x86)/cypress/psoc creator/4.1/psoc creator/import/gnu/arm/5.4.1/bin/../lib/gcc/arm-none-eabi/5.4.1/../../../../arm-none-eabi/lib/armv6-m\libg_nano.a
LOAD c:/program files (x86)/cypress/psoc creator/4.1/psoc creator/import/gnu/arm/5.4.1/bin/../lib/gcc/arm-none-eabi/5.4.1/../../../../arm-none-eabi/lib/armv6-m\libc_nano.a
END GROUP
START GROUP
LOAD c:/program files (x86)/cypress/psoc creator/4.1/psoc creator/import/gnu/arm/5.4.1/bin/../lib/gcc/arm-none-eabi/5.4.1/armv6-m\libgcc.a
LOAD c:/program files (x86)/cypress/psoc creator/4.1/psoc creator/import/gnu/arm/5.4.1/bin/../lib/gcc/arm-none-eabi/5.4.1/../../../../arm-none-eabi/lib/armv6-m\libc_nano.a
END GROUP
LOAD c:/program files (x86)/cypress/psoc creator/4.1/psoc creator/import/gnu/arm/5.4.1/bin/../lib/gcc/arm-none-eabi/5.4.1/armv6-m/crtend.o
LOAD c:/program files (x86)/cypress/psoc creator/4.1/psoc creator/import/gnu/arm/5.4.1/bin/../lib/gcc/arm-none-eabi/5.4.1/armv6-m/crtn.o
START GROUP
LOAD c:/program files (x86)/cypress/psoc creator/4.1/psoc creator/import/gnu/arm/5.4.1/bin/../lib/gcc/arm-none-eabi/5.4.1/armv6-m\libgcc.a
LOAD c:/program files (x86)/cypress/psoc creator/4.1/psoc creator/import/gnu/arm/5.4.1/bin/../lib/gcc/arm-none-eabi/5.4.1/../../../../arm-none-eabi/lib/armv6-m\libc.a
LOAD c:/program files (x86)/cypress/psoc creator/4.1/psoc creator/import/gnu/arm/5.4.1/bin/../lib/gcc/arm-none-eabi/5.4.1/../../../../arm-none-eabi/lib/armv6-m\libnosys.a
END GROUP
                0x00000000                CY_APPL_ORIGIN = 0x0
                0x00000080                CY_FLASH_ROW_SIZE = 0x80
                0x00000001                CY_APPL_NUM = 0x1
                0x00000001                CY_APPL_MAX = 0x1
                0x00000040                CY_METADATA_SIZE = 0x40
                0x00000000                CY_APPL_LOADABLE = 0x0
                0x00000000                CY_CHECKSUM_EXCLUDE_SIZE = ALIGN (0x0, CY_FLASH_ROW_SIZE)
                0x00000000                CY_APP_FOR_STACK_AND_COPIER = 0x0
                [!provide]                PROVIDE (__cy_heap_start, _end)
                0x00000001                PROVIDE (__cy_region_num, ((__cy_regions_end - __cy_regions) / 0x10))
                0x20004000                PROVIDE (__cy_stack, (ORIGIN (ram) + LENGTH (ram)))
                [!provide]                PROVIDE (__cy_heap_end, (__cy_stack - 0x800))

.cybootloader   0x00000000        0x0
 *(.cybootloader)
                0x00000000                appl1_start = CY_APPL_ORIGIN?CY_APPL_ORIGIN:ALIGN (CY_FLASH_ROW_SIZE)
                0x0000ff80                appl2_start = (appl1_start + ALIGN ((((LENGTH (rom) - appl1_start) - (0x2 * CY_FLASH_ROW_SIZE)) / 0x2), CY_FLASH_ROW_SIZE))
                0x00000000                appl_start = (CY_APPL_NUM == 0x1)?appl1_start:appl2_start
                0x00000001                cy_project_type_bootloader = (appl_start == 0x0)?0x1:0x0
                0x00000000                cy_project_type_app_for_stack_and_copier = (CY_APP_FOR_STACK_AND_COPIER == 0x1)?0x1:0x0

.text           0x00000000     0x1c6a
 CREATE_OBJECT_SYMBOLS
                0x00000000                PROVIDE (__cy_interrupt_vector, RomVectors)
 *(.romvectors)
 .romvectors    0x00000000       0x10 .\CortexM0\ARM_GCC_541\Debug\Cm0Start.o
                0x00000000                RomVectors
                0x00000001                ASSERT ((. != __cy_interrupt_vector), No interrupt vector)
                0x00000001                ASSERT (CY_APPL_ORIGIN?(SIZEOF (.cybootloader) <= CY_APPL_ORIGIN):0x1, Wrong image location)
                0x00000010                PROVIDE (__cy_reset, Reset)
 *(.text.Reset)
 .text.Reset    0x00000010        0x8 .\CortexM0\ARM_GCC_541\Debug\Cm0Start.o
                0x00000010                Reset
                0x00000001                ASSERT ((. != __cy_reset), No reset code)
 *(.psocinit)
 .psocinit      0x00000018      0x318 .\CortexM0\ARM_GCC_541\Debug\cyfitter_cfg.o
                0x00000158                cyfitter_cfg
                0x00000330                . = MAX (., 0x100)
 *(.text .text.* .gnu.linkonce.t.*)
 .text          0x00000330       0x60 c:/program files (x86)/cypress/psoc creator/4.1/psoc creator/import/gnu/arm/5.4.1/bin/../lib/gcc/arm-none-eabi/5.4.1/armv6-m/crtbegin.o
 .text.ADC_ISR_LOC
                0x00000390       0x5c .\CortexM0\ARM_GCC_541\Debug\main.o
                0x00000390                ADC_ISR_LOC
 .text.atan2Tonc
                0x000003ec       0x94 .\CortexM0\ARM_GCC_541\Debug\main.o
                0x000003ec                atan2Tonc
 .text.main     0x00000480       0xd0 .\CortexM0\ARM_GCC_541\Debug\main.o
                0x00000480                main
 .text.cfg_write_bytes32
                0x00000550       0x34 .\CortexM0\ARM_GCC_541\Debug\cyfitter_cfg.o
 .text.CYMEMZERO
                0x00000584        0xc .\CortexM0\ARM_GCC_541\Debug\cyfitter_cfg.o
 .text.SetAnalogRoutingPumps
                0x00000590       0x20 .\CortexM0\ARM_GCC_541\Debug\cyfitter_cfg.o
                0x00000590                SetAnalogRoutingPumps
 .text.AnalogSetDefault
                0x000005b0       0x44 .\CortexM0\ARM_GCC_541\Debug\cyfitter_cfg.o
 .text.IntDefaultHandler
                0x000005f4       0x10 .\CortexM0\ARM_GCC_541\Debug\Cm0Start.o
                0x000005f4                IntDefaultHandler
 .text._sbrk    0x00000604       0x30 .\CortexM0\ARM_GCC_541\Debug\Cm0Start.o
                0x00000604                _sbrk
 .text.Start_c  0x00000634       0x48 .\CortexM0\ARM_GCC_541\Debug\Cm0Start.o
                0x00000634                Start_c
 .text.initialize_psoc
                0x0000067c       0x4c .\CortexM0\ARM_GCC_541\Debug\Cm0Start.o
                0x0000067c                initialize_psoc
 .text.ADC_Init
                0x000006c8      0x168 .\CortexM0\ARM_GCC_541\Debug\HybridEncoder.a(ADC.o)
                0x000006c8                ADC_Init
 .text.ADC_Enable
                0x00000830       0x30 .\CortexM0\ARM_GCC_541\Debug\HybridEncoder.a(ADC.o)
                0x00000830                ADC_Enable
 .text.ADC_Start
                0x00000860       0x20 .\CortexM0\ARM_GCC_541\Debug\HybridEncoder.a(ADC.o)
                0x00000860                ADC_Start
 .text.ADC_StartConvert
                0x00000880       0x14 .\CortexM0\ARM_GCC_541\Debug\HybridEncoder.a(ADC.o)
                0x00000880                ADC_StartConvert
 .text.ADC_GetResult16
                0x00000894       0x2c .\CortexM0\ARM_GCC_541\Debug\HybridEncoder.a(ADC.o)
                0x00000894                ADC_GetResult16
 .text.ADC_ISR  0x000008c0        0xc .\CortexM0\ARM_GCC_541\Debug\HybridEncoder.a(ADC_INT.o)
                0x000008c0                ADC_ISR
 .text.PWM_2_WriteCounter
                0x000008cc       0x10 .\CortexM0\ARM_GCC_541\Debug\HybridEncoder.a(PWM_2.o)
                0x000008cc                PWM_2_WriteCounter
 .text.PWM_2_WritePeriod
                0x000008dc       0x10 .\CortexM0\ARM_GCC_541\Debug\HybridEncoder.a(PWM_2.o)
                0x000008dc                PWM_2_WritePeriod
 .text.PWM_2_WriteCompare
                0x000008ec       0x10 .\CortexM0\ARM_GCC_541\Debug\HybridEncoder.a(PWM_2.o)
                0x000008ec                PWM_2_WriteCompare
 .text.PWM_2_TriggerCommand
                0x000008fc       0x1c .\CortexM0\ARM_GCC_541\Debug\HybridEncoder.a(PWM_2.o)
                0x000008fc                PWM_2_TriggerCommand
 .text.PWM_2_Enable
                0x00000918       0x24 .\CortexM0\ARM_GCC_541\Debug\HybridEncoder.a(PWM_2.o)
                0x00000918                PWM_2_Enable
 .text.PWM_2_SetInterruptMode
                0x0000093c        0xc .\CortexM0\ARM_GCC_541\Debug\HybridEncoder.a(PWM_2.o)
                0x0000093c                PWM_2_SetInterruptMode
 .text.PWM_2_Init
                0x00000948       0x44 .\CortexM0\ARM_GCC_541\Debug\HybridEncoder.a(PWM_2.o)
                0x00000948                PWM_2_Init
 .text.PWM_2_Start
                0x0000098c       0x20 .\CortexM0\ARM_GCC_541\Debug\HybridEncoder.a(PWM_2.o)
                0x0000098c                PWM_2_Start
 .text.PWM_1_WriteCounter
                0x000009ac       0x10 .\CortexM0\ARM_GCC_541\Debug\HybridEncoder.a(PWM_1.o)
                0x000009ac                PWM_1_WriteCounter
 .text.PWM_1_WritePeriod
                0x000009bc       0x10 .\CortexM0\ARM_GCC_541\Debug\HybridEncoder.a(PWM_1.o)
                0x000009bc                PWM_1_WritePeriod
 .text.PWM_1_WriteCompare
                0x000009cc       0x10 .\CortexM0\ARM_GCC_541\Debug\HybridEncoder.a(PWM_1.o)
                0x000009cc                PWM_1_WriteCompare
 .text.PWM_1_TriggerCommand
                0x000009dc       0x1c .\CortexM0\ARM_GCC_541\Debug\HybridEncoder.a(PWM_1.o)
                0x000009dc                PWM_1_TriggerCommand
 .text.PWM_1_Enable
                0x000009f8       0x24 .\CortexM0\ARM_GCC_541\Debug\HybridEncoder.a(PWM_1.o)
                0x000009f8                PWM_1_Enable
 .text.PWM_1_SetInterruptMode
                0x00000a1c        0xc .\CortexM0\ARM_GCC_541\Debug\HybridEncoder.a(PWM_1.o)
                0x00000a1c                PWM_1_SetInterruptMode
 .text.PWM_1_Init
                0x00000a28       0x44 .\CortexM0\ARM_GCC_541\Debug\HybridEncoder.a(PWM_1.o)
                0x00000a28                PWM_1_Init
 .text.PWM_1_Start
                0x00000a6c       0x20 .\CortexM0\ARM_GCC_541\Debug\HybridEncoder.a(PWM_1.o)
                0x00000a6c                PWM_1_Start
 .text.UART_ScbModePostEnable
                0x00000a8c        0x8 .\CortexM0\ARM_GCC_541\Debug\HybridEncoder.a(UART.o)
 .text.UART_Init
                0x00000a94        0x8 .\CortexM0\ARM_GCC_541\Debug\HybridEncoder.a(UART.o)
                0x00000a94                UART_Init
 .text.UART_Enable
                0x00000a9c       0x18 .\CortexM0\ARM_GCC_541\Debug\HybridEncoder.a(UART.o)
                0x00000a9c                UART_Enable
 .text.UART_Start
                0x00000ab4       0x20 .\CortexM0\ARM_GCC_541\Debug\HybridEncoder.a(UART.o)
                0x00000ab4                UART_Start
 .text.UART_SpiUartReadRxData
                0x00000ad4        0xc .\CortexM0\ARM_GCC_541\Debug\HybridEncoder.a(UART_SPI_UART.o)
                0x00000ad4                UART_SpiUartReadRxData
 .text.UART_SpiUartGetRxBufferSize
                0x00000ae0       0x10 .\CortexM0\ARM_GCC_541\Debug\HybridEncoder.a(UART_SPI_UART.o)
                0x00000ae0                UART_SpiUartGetRxBufferSize
 .text.UART_SpiUartWriteTxData
                0x00000af0       0x1c .\CortexM0\ARM_GCC_541\Debug\HybridEncoder.a(UART_SPI_UART.o)
                0x00000af0                UART_SpiUartWriteTxData
 .text.UART_UartInit
                0x00000b0c       0xa4 .\CortexM0\ARM_GCC_541\Debug\HybridEncoder.a(UART_UART.o)
                0x00000b0c                UART_UartInit
 .text.UART_UartPostEnable
                0x00000bb0       0x24 .\CortexM0\ARM_GCC_541\Debug\HybridEncoder.a(UART_UART.o)
                0x00000bb0                UART_UartPostEnable
 .text.UART_UartGetChar
                0x00000bd4       0x2c .\CortexM0\ARM_GCC_541\Debug\HybridEncoder.a(UART_UART.o)
                0x00000bd4                UART_UartGetChar
 .text.UART_UartPutString
                0x00000c00       0x18 .\CortexM0\ARM_GCC_541\Debug\HybridEncoder.a(UART_UART.o)
                0x00000c00                UART_UartPutString
 .text.ADC_IRQ_SetVector
                0x00000c18        0xc .\CortexM0\ARM_GCC_541\Debug\HybridEncoder.a(ADC_IRQ.o)
                0x00000c18                ADC_IRQ_SetVector
 .text.ADC_IRQ_SetPriority
                0x00000c24       0x20 .\CortexM0\ARM_GCC_541\Debug\HybridEncoder.a(ADC_IRQ.o)
                0x00000c24                ADC_IRQ_SetPriority
 .text.ADC_IRQ_Enable
                0x00000c44       0x10 .\CortexM0\ARM_GCC_541\Debug\HybridEncoder.a(ADC_IRQ.o)
                0x00000c44                ADC_IRQ_Enable
 .text.ADC_IRQ_Disable
                0x00000c54       0x10 .\CortexM0\ARM_GCC_541\Debug\HybridEncoder.a(ADC_IRQ.o)
                0x00000c54                ADC_IRQ_Disable
 .text.ADC_IRQ_StartEx
                0x00000c64       0x1c .\CortexM0\ARM_GCC_541\Debug\HybridEncoder.a(ADC_IRQ.o)
                0x00000c64                ADC_IRQ_StartEx
 .text.CySysClkImoDisableWcoLock
                0x00000c80       0x14 .\CortexM0\ARM_GCC_541\Debug\HybridEncoder.a(CyLib.o)
                0x00000c80                CySysClkImoDisableWcoLock
 .text.CySysClkImoGetWcoLock
                0x00000c94       0x14 .\CortexM0\ARM_GCC_541\Debug\HybridEncoder.a(CyLib.o)
                0x00000c94                CySysClkImoGetWcoLock
 .text.CyIntEnable
                0x00000ca8       0x14 .\CortexM0\ARM_GCC_541\Debug\HybridEncoder.a(CyLib.o)
                0x00000ca8                CyIntEnable
 .text.CyHalt   0x00000cbc        0x4 .\CortexM0\ARM_GCC_541\Debug\HybridEncoder.a(CyLib.o)
                0x00000cbc                CyHalt
 .text.CyIntSetVector
                0x00000cc0       0x24 .\CortexM0\ARM_GCC_541\Debug\HybridEncoder.a(CyLib.o)
                0x00000cc0                CyIntSetVector
 .text.CyIntSetPriority
                0x00000ce4       0x4c .\CortexM0\ARM_GCC_541\Debug\HybridEncoder.a(CyLib.o)
                0x00000ce4                CyIntSetPriority
 .text.CyDelay  0x00000d30       0x30 .\CortexM0\ARM_GCC_541\Debug\HybridEncoder.a(CyLib.o)
                0x00000d30                CyDelay
 .text.CySysClkImoEnableWcoLock
                0x00000d60       0xf0 .\CortexM0\ARM_GCC_541\Debug\HybridEncoder.a(CyLib.o)
                0x00000d60                CySysClkImoEnableWcoLock
 .text.CySysClkWriteImoFreq
                0x00000e50       0x80 .\CortexM0\ARM_GCC_541\Debug\HybridEncoder.a(CyLib.o)
                0x00000e50                CySysClkWriteImoFreq
 .text.CyDelayUs
                0x00000ed0       0x14 .\CortexM0\ARM_GCC_541\Debug\HybridEncoder.a(CyLib.o)
                0x00000ed0                CyDelayUs
 .text.CySysWdtLocked
                0x00000ee4       0x14 .\CortexM0\ARM_GCC_541\Debug\HybridEncoder.a(CyLFClk.o)
 .text.CySysClkWcoEnabled
                0x00000ef8       0x14 .\CortexM0\ARM_GCC_541\Debug\HybridEncoder.a(CyLFClk.o)
                0x00000ef8                CySysClkWcoEnabled
 .text.CySysWdtLock
                0x00000f0c       0x1c .\CortexM0\ARM_GCC_541\Debug\HybridEncoder.a(CyLFClk.o)
                0x00000f0c                CySysWdtLock
 .text.CySysWdtUnlock
                0x00000f28       0x30 .\CortexM0\ARM_GCC_541\Debug\HybridEncoder.a(CyLFClk.o)
                0x00000f28                CySysWdtUnlock
 .text.CySysWdtClearInterrupt
                0x00000f58       0x4c .\CortexM0\ARM_GCC_541\Debug\HybridEncoder.a(CyLFClk.o)
                0x00000f58                CySysWdtClearInterrupt
 .text.CySysWdtIsr
                0x00000fa4       0xa4 .\CortexM0\ARM_GCC_541\Debug\HybridEncoder.a(CyLFClk.o)
                0x00000fa4                CySysWdtIsr
 .text          0x00001048       0x20 .\CortexM0\ARM_GCC_541\Debug\HybridEncoder.a(CyBootAsmGnu.o)
                0x00001048                CyDelayCycles
                0x0000105a                CyEnterCriticalSection
                0x00001062                CyExitCriticalSection
 .text.CySysFlashSetWaitCycles
                0x00001068       0x54 .\CortexM0\ARM_GCC_541\Debug\HybridEncoder.a(CyFlash.o)
                0x00001068                CySysFlashSetWaitCycles
 .text          0x000010bc      0x114 c:/program files (x86)/cypress/psoc creator/4.1/psoc creator/import/gnu/arm/5.4.1/bin/../lib/gcc/arm-none-eabi/5.4.1/armv6-m\libgcc.a(_udivsi3.o)
                0x000010bc                __aeabi_uidiv
                0x000010bc                __udivsi3
                0x000011c8                __aeabi_uidivmod
 .text          0x000011d0      0x1d4 c:/program files (x86)/cypress/psoc creator/4.1/psoc creator/import/gnu/arm/5.4.1/bin/../lib/gcc/arm-none-eabi/5.4.1/armv6-m\libgcc.a(_divsi3.o)
                0x000011d0                __divsi3
                0x000011d0                __aeabi_idiv
                0x0000139c                __aeabi_idivmod
 .text          0x000013a4        0x4 c:/program files (x86)/cypress/psoc creator/4.1/psoc creator/import/gnu/arm/5.4.1/bin/../lib/gcc/arm-none-eabi/5.4.1/armv6-m\libgcc.a(_dvmd_tls.o)
                0x000013a4                __aeabi_idiv0
                0x000013a4                __aeabi_ldiv0
 .text.__errno  0x000013a8        0xc c:/program files (x86)/cypress/psoc creator/4.1/psoc creator/import/gnu/arm/5.4.1/bin/../lib/gcc/arm-none-eabi/5.4.1/../../../../arm-none-eabi/lib/armv6-m\libg_nano.a(lib_a-errno.o)
                0x000013a8                __errno
 .text.__libc_init_array
                0x000013b4       0x4c c:/program files (x86)/cypress/psoc creator/4.1/psoc creator/import/gnu/arm/5.4.1/bin/../lib/gcc/arm-none-eabi/5.4.1/../../../../arm-none-eabi/lib/armv6-m\libg_nano.a(lib_a-init.o)
                0x000013b4                __libc_init_array
 .text.memcpy   0x00001400       0x12 c:/program files (x86)/cypress/psoc creator/4.1/psoc creator/import/gnu/arm/5.4.1/bin/../lib/gcc/arm-none-eabi/5.4.1/../../../../arm-none-eabi/lib/armv6-m\libg_nano.a(lib_a-memcpy-stub.o)
                0x00001400                memcpy
 .text.memset   0x00001412       0x10 c:/program files (x86)/cypress/psoc creator/4.1/psoc creator/import/gnu/arm/5.4.1/bin/../lib/gcc/arm-none-eabi/5.4.1/../../../../arm-none-eabi/lib/armv6-m\libg_nano.a(lib_a-memset.o)
                0x00001412                memset
 *fill*         0x00001422        0x2 
 .text.sprintf  0x00001424       0x44 c:/program files (x86)/cypress/psoc creator/4.1/psoc creator/import/gnu/arm/5.4.1/bin/../lib/gcc/arm-none-eabi/5.4.1/../../../../arm-none-eabi/lib/armv6-m\libg_nano.a(lib_a-sprintf.o)
                0x00001424                siprintf
                0x00001424                sprintf
 .text.__ssputs_r
                0x00001468       0xc4 c:/program files (x86)/cypress/psoc creator/4.1/psoc creator/import/gnu/arm/5.4.1/bin/../lib/gcc/arm-none-eabi/5.4.1/../../../../arm-none-eabi/lib/armv6-m\libg_nano.a(lib_a-nano-svfprintf.o)
                0x00001468                __ssputs_r
 .text._svfprintf_r
                0x0000152c      0x1fc c:/program files (x86)/cypress/psoc creator/4.1/psoc creator/import/gnu/arm/5.4.1/bin/../lib/gcc/arm-none-eabi/5.4.1/../../../../arm-none-eabi/lib/armv6-m\libg_nano.a(lib_a-nano-svfprintf.o)
                0x0000152c                _svfiprintf_r
                0x0000152c                _svfprintf_r
 .text._printf_common
                0x00001728       0xdc c:/program files (x86)/cypress/psoc creator/4.1/psoc creator/import/gnu/arm/5.4.1/bin/../lib/gcc/arm-none-eabi/5.4.1/../../../../arm-none-eabi/lib/armv6-m\libg_nano.a(lib_a-nano-vfprintf_i.o)
                0x00001728                _printf_common
 .text._printf_i
                0x00001804      0x244 c:/program files (x86)/cypress/psoc creator/4.1/psoc creator/import/gnu/arm/5.4.1/bin/../lib/gcc/arm-none-eabi/5.4.1/../../../../arm-none-eabi/lib/armv6-m\libg_nano.a(lib_a-nano-vfprintf_i.o)
                0x00001804                _printf_i
 .text.memchr   0x00001a48       0x16 c:/program files (x86)/cypress/psoc creator/4.1/psoc creator/import/gnu/arm/5.4.1/bin/../lib/gcc/arm-none-eabi/5.4.1/../../../../arm-none-eabi/lib/armv6-m\libg_nano.a(lib_a-memchr-stub.o)
                0x00001a48                memchr
 .text.memmove  0x00001a5e       0x2a c:/program files (x86)/cypress/psoc creator/4.1/psoc creator/import/gnu/arm/5.4.1/bin/../lib/gcc/arm-none-eabi/5.4.1/../../../../arm-none-eabi/lib/armv6-m\libg_nano.a(lib_a-memmove.o)
                0x00001a5e                memmove
 .text._free_r  0x00001a88       0x98 c:/program files (x86)/cypress/psoc creator/4.1/psoc creator/import/gnu/arm/5.4.1/bin/../lib/gcc/arm-none-eabi/5.4.1/../../../../arm-none-eabi/lib/armv6-m\libg_nano.a(lib_a-nano-freer.o)
                0x00001a88                _free_r
 .text._malloc_r
                0x00001b20       0xc0 c:/program files (x86)/cypress/psoc creator/4.1/psoc creator/import/gnu/arm/5.4.1/bin/../lib/gcc/arm-none-eabi/5.4.1/../../../../arm-none-eabi/lib/armv6-m\libg_nano.a(lib_a-nano-mallocr.o)
                0x00001b20                _malloc_r
 .text._realloc_r
                0x00001be0       0x4c c:/program files (x86)/cypress/psoc creator/4.1/psoc creator/import/gnu/arm/5.4.1/bin/../lib/gcc/arm-none-eabi/5.4.1/../../../../arm-none-eabi/lib/armv6-m\libg_nano.a(lib_a-nano-reallocr.o)
                0x00001be0                _realloc_r
 .text._sbrk_r  0x00001c2c       0x24 c:/program files (x86)/cypress/psoc creator/4.1/psoc creator/import/gnu/arm/5.4.1/bin/../lib/gcc/arm-none-eabi/5.4.1/../../../../arm-none-eabi/lib/armv6-m\libg_nano.a(lib_a-sbrkr.o)
                0x00001c2c                _sbrk_r
 .text.__malloc_lock
                0x00001c50        0x2 c:/program files (x86)/cypress/psoc creator/4.1/psoc creator/import/gnu/arm/5.4.1/bin/../lib/gcc/arm-none-eabi/5.4.1/../../../../arm-none-eabi/lib/armv6-m\libg_nano.a(lib_a-mlock.o)
                0x00001c50                __malloc_lock
 .text.__malloc_unlock
                0x00001c52        0x2 c:/program files (x86)/cypress/psoc creator/4.1/psoc creator/import/gnu/arm/5.4.1/bin/../lib/gcc/arm-none-eabi/5.4.1/../../../../arm-none-eabi/lib/armv6-m\libg_nano.a(lib_a-mlock.o)
                0x00001c52                __malloc_unlock
 .text._malloc_usable_size_r
                0x00001c54       0x16 c:/program files (x86)/cypress/psoc creator/4.1/psoc creator/import/gnu/arm/5.4.1/bin/../lib/gcc/arm-none-eabi/5.4.1/../../../../arm-none-eabi/lib/armv6-m\libg_nano.a(lib_a-nano-msizer.o)
                0x00001c54                _malloc_usable_size_r
 *(.plt)
 *(.gnu.warning)
 *(.glue_7t)
 .glue_7t       0x00001c6a        0x0 linker stubs
 *(.glue_7)
 .glue_7        0x00001c6a        0x0 linker stubs
 *(.vfp11_veneer)
 .vfp11_veneer  0x00001c6a        0x0 linker stubs
 *(.bootloader)
 *(.ARM.extab* .gnu.linkonce.armextab.*)
 *(.gcc_except_table)

.v4_bx          0x00001c6c        0x0
 .v4_bx         0x00001c6c        0x0 linker stubs

.iplt           0x00001c6c        0x0
 .iplt          0x00001c6c        0x0 c:/program files (x86)/cypress/psoc creator/4.1/psoc creator/import/gnu/arm/5.4.1/bin/../lib/gcc/arm-none-eabi/5.4.1/armv6-m/crtbegin.o

.eh_frame_hdr
 *(.eh_frame_hdr)

.eh_frame       0x00001c6c        0x4
 *(.eh_frame)
 .eh_frame      0x00001c6c        0x0 c:/program files (x86)/cypress/psoc creator/4.1/psoc creator/import/gnu/arm/5.4.1/bin/../lib/gcc/arm-none-eabi/5.4.1/armv6-m/crtbegin.o
 .eh_frame      0x00001c6c        0x4 c:/program files (x86)/cypress/psoc creator/4.1/psoc creator/import/gnu/arm/5.4.1/bin/../lib/gcc/arm-none-eabi/5.4.1/armv6-m/crtend.o
                [!provide]                PROVIDE (__exidx_start, .)

.ARM.exidx
 *(.ARM.exidx* .gnu.linkonce.armexidx.*)
                0x00001c70                __exidx_end = .

.rodata         0x00001c70      0x140
 *(.rodata .rodata.* .gnu.linkonce.r.*)
 .rodata        0x00001c70        0x9 .\CortexM0\ARM_GCC_541\Debug\main.o
 *fill*         0x00001c79        0x3 
 .rodata.str1.4
                0x00001c7c       0x10 .\CortexM0\ARM_GCC_541\Debug\main.o
                                  0xe (size before relaxing)
 .rodata        0x00001c8c       0x60 .\CortexM0\ARM_GCC_541\Debug\cyfitter_cfg.o
 .rodata        0x00001cec       0x14 .\CortexM0\ARM_GCC_541\Debug\HybridEncoder.a(ADC.o)
 .rodata        0x00001d00       0x47 .\CortexM0\ARM_GCC_541\Debug\HybridEncoder.a(CyLib.o)
                0x00001d00                cyImoFreqMhz2Reg
                0x00001d30                cyImoFreqMhz2DpllOffset
 .rodata.str1.1
                0x00001d47        0x2 c:/program files (x86)/cypress/psoc creator/4.1/psoc creator/import/gnu/arm/5.4.1/bin/../lib/gcc/arm-none-eabi/5.4.1/../../../../arm-none-eabi/lib/armv6-m\libg_nano.a(lib_a-impure.o)
 .rodata.str1.1
                0x00001d49       0x11 c:/program files (x86)/cypress/psoc creator/4.1/psoc creator/import/gnu/arm/5.4.1/bin/../lib/gcc/arm-none-eabi/5.4.1/../../../../arm-none-eabi/lib/armv6-m\libg_nano.a(lib_a-nano-svfprintf.o)
 .rodata.str1.1
                0x00001d5a       0x22 c:/program files (x86)/cypress/psoc creator/4.1/psoc creator/import/gnu/arm/5.4.1/bin/../lib/gcc/arm-none-eabi/5.4.1/../../../../arm-none-eabi/lib/armv6-m\libg_nano.a(lib_a-nano-vfprintf_i.o)
                0x00001d7c                . = ALIGN (0x4)
 *(.init)
 .init          0x00001d7c        0x4 c:/program files (x86)/cypress/psoc creator/4.1/psoc creator/import/gnu/arm/5.4.1/bin/../lib/gcc/arm-none-eabi/5.4.1/armv6-m/crti.o
                0x00001d7c                _init
 .init          0x00001d80        0x8 c:/program files (x86)/cypress/psoc creator/4.1/psoc creator/import/gnu/arm/5.4.1/bin/../lib/gcc/arm-none-eabi/5.4.1/armv6-m/crtn.o
                0x00001d88                . = ALIGN (0x4)
                0x00001d88                __preinit_array_start = .
 *(.preinit_array)
                0x00001d88                __preinit_array_end = .
                0x00001d88                . = ALIGN (0x4)
                0x00001d88                __init_array_start = .
 *(SORT(.init_array.*))
 *(.init_array)
 .init_array    0x00001d88        0x4 c:/program files (x86)/cypress/psoc creator/4.1/psoc creator/import/gnu/arm/5.4.1/bin/../lib/gcc/arm-none-eabi/5.4.1/armv6-m/crtbegin.o
 .init_array    0x00001d8c        0x4 .\CortexM0\ARM_GCC_541\Debug\Cm0Start.o
                0x00001d90                __init_array_end = .
                0x00001d90                . = ALIGN (0x4)
 *(.fini)
 .fini          0x00001d90        0x4 c:/program files (x86)/cypress/psoc creator/4.1/psoc creator/import/gnu/arm/5.4.1/bin/../lib/gcc/arm-none-eabi/5.4.1/armv6-m/crti.o
                0x00001d90                _fini
 .fini          0x00001d94        0x8 c:/program files (x86)/cypress/psoc creator/4.1/psoc creator/import/gnu/arm/5.4.1/bin/../lib/gcc/arm-none-eabi/5.4.1/armv6-m/crtn.o
                0x00001d9c                . = ALIGN (0x4)
                0x00001d9c                __fini_array_start = .
 *(.fini_array)
 .fini_array    0x00001d9c        0x4 c:/program files (x86)/cypress/psoc creator/4.1/psoc creator/import/gnu/arm/5.4.1/bin/../lib/gcc/arm-none-eabi/5.4.1/armv6-m/crtbegin.o
 *(SORT(.fini_array.*))
                0x00001da0                __fini_array_end = .
                0x00001da0                . = ALIGN (0x4)
 *crtbegin.o(.ctors)
 *(EXCLUDE_FILE(*crtend.o) .ctors)
 *(SORT(.ctors.*))
 *crtend.o(.ctors)
                0x00001da0                . = ALIGN (0x4)
 *crtbegin.o(.dtors)
 *(EXCLUDE_FILE(*crtend.o) .dtors)
 *(SORT(.dtors.*))
 *crtend.o(.dtors)
                0x00001da0                . = ALIGN (0x4)
                0x00001da0                __cy_regions = .
                0x00001da0        0x4 LONG 0x1db0 __cy_region_init_ram
                0x00001da4        0x4 LONG 0x200000c0 __cy_region_start_data
                0x00001da8        0x4 LONG 0x88 __cy_region_init_size_ram
                0x00001dac        0x4 LONG 0x80 __cy_region_zero_size_ram
                0x00001db0                __cy_regions_end = .
                0x00001db0                . = ALIGN (0x8)
                0x00001db0                _etext = .

.cy_checksum_exclude
                0x00001db0        0x0
 *(.cy_checksum_exclude)

.ramvectors     0x20000000       0xc0
                0x20000000                __cy_region_start_ram = .
 *(.ramvectors)
 .ramvectors    0x20000000       0xc0 .\CortexM0\ARM_GCC_541\Debug\Cm0Start.o
                0x20000000                CyRamVectors

.noinit
 *(.noinit)

.data           0x200000c0       0x88 load address 0x00001db0
                0x200000c0                __cy_region_start_data = .
 *(.jcr)
 .jcr           0x200000c0        0x0 c:/program files (x86)/cypress/psoc creator/4.1/psoc creator/import/gnu/arm/5.4.1/bin/../lib/gcc/arm-none-eabi/5.4.1/armv6-m/crtbegin.o
 .jcr           0x200000c0        0x4 c:/program files (x86)/cypress/psoc creator/4.1/psoc creator/import/gnu/arm/5.4.1/bin/../lib/gcc/arm-none-eabi/5.4.1/armv6-m/crtend.o
 *(.got.plt)
 *(.got)
 *(.shdata)
 *(.data .data.* .gnu.linkonce.d.*)
 .data          0x200000c4        0x4 .\CortexM0\ARM_GCC_541\Debug\Cm0Start.o
 .data          0x200000c8       0x14 .\CortexM0\ARM_GCC_541\Debug\HybridEncoder.a(CyLib.o)
                0x200000c8                CySysClkPumpConfig
                0x200000cc                cydelay32kMs
                0x200000d0                cydelayFreqKhz
                0x200000d4                cydelayFreqMhz
                0x200000d8                cydelayFreqHz
 .data          0x200000dc        0x8 .\CortexM0\ARM_GCC_541\Debug\HybridEncoder.a(CyLFClk.o)
 .data.impure_data
                0x200000e4       0x60 c:/program files (x86)/cypress/psoc creator/4.1/psoc creator/import/gnu/arm/5.4.1/bin/../lib/gcc/arm-none-eabi/5.4.1/../../../../arm-none-eabi/lib/armv6-m\libg_nano.a(lib_a-impure.o)
 .data._impure_ptr
                0x20000144        0x4 c:/program files (x86)/cypress/psoc creator/4.1/psoc creator/import/gnu/arm/5.4.1/bin/../lib/gcc/arm-none-eabi/5.4.1/../../../../arm-none-eabi/lib/armv6-m\libg_nano.a(lib_a-impure.o)
                0x20000144                _impure_ptr
                0x20000148                . = ALIGN (0x8)
 *(.ram)
                0x20000148                _edata = .

.igot.plt       0x20000148        0x0 load address 0x00001e38
 .igot.plt      0x20000148        0x0 c:/program files (x86)/cypress/psoc creator/4.1/psoc creator/import/gnu/arm/5.4.1/bin/../lib/gcc/arm-none-eabi/5.4.1/armv6-m/crtbegin.o

.bss            0x20000148       0x80 load address 0x00001e38
                0x20000148                PROVIDE (__bss_start__, .)
 *(.shbss)
 *(.bss .bss.* .gnu.linkonce.b.*)
 .bss           0x20000148       0x1c c:/program files (x86)/cypress/psoc creator/4.1/psoc creator/import/gnu/arm/5.4.1/bin/../lib/gcc/arm-none-eabi/5.4.1/armv6-m/crtbegin.o
 .bss           0x20000164        0x4 .\CortexM0\ARM_GCC_541\Debug\main.o
                0x20000164                dataReady
 .bss           0x20000168        0x1 .\CortexM0\ARM_GCC_541\Debug\HybridEncoder.a(ADC.o)
                0x20000168                ADC_initVar
 .bss           0x20000169        0x1 .\CortexM0\ARM_GCC_541\Debug\HybridEncoder.a(PWM_2.o)
                0x20000169                PWM_2_initVar
 .bss           0x2000016a        0x1 .\CortexM0\ARM_GCC_541\Debug\HybridEncoder.a(PWM_1.o)
                0x2000016a                PWM_1_initVar
 *fill*         0x2000016b        0x1 
 .bss           0x2000016c        0x4 .\CortexM0\ARM_GCC_541\Debug\HybridEncoder.a(UART.o)
                0x2000016c                UART_initVar
                0x2000016e                UART_IntrTxMask
 .bss           0x20000170       0x28 .\CortexM0\ARM_GCC_541\Debug\HybridEncoder.a(CyLFClk.o)
 .bss.__malloc_sbrk_start
                0x20000198        0x4 c:/program files (x86)/cypress/psoc creator/4.1/psoc creator/import/gnu/arm/5.4.1/bin/../lib/gcc/arm-none-eabi/5.4.1/../../../../arm-none-eabi/lib/armv6-m\libg_nano.a(lib_a-nano-mallocr.o)
                0x20000198                __malloc_sbrk_start
 .bss.__malloc_free_list
                0x2000019c        0x4 c:/program files (x86)/cypress/psoc creator/4.1/psoc creator/import/gnu/arm/5.4.1/bin/../lib/gcc/arm-none-eabi/5.4.1/../../../../arm-none-eabi/lib/armv6-m\libg_nano.a(lib_a-nano-mallocr.o)
                0x2000019c                __malloc_free_list
 *(COMMON)
 COMMON         0x200001a0        0x8 .\CortexM0\ARM_GCC_541\Debug\main.o
                0x200001a0                result
 COMMON         0x200001a8       0x18 .\CortexM0\ARM_GCC_541\Debug\HybridEncoder.a(ADC.o)
                0x200001a8                ADC_countsPer10Volt
                0x200001b8                ADC_offset
 COMMON         0x200001c0        0x4 c:/program files (x86)/cypress/psoc creator/4.1/psoc creator/import/gnu/arm/5.4.1/bin/../lib/gcc/arm-none-eabi/5.4.1/../../../../arm-none-eabi/lib/armv6-m\libg_nano.a(lib_a-reent.o)
                0x200001c0                errno
                0x200001c8                . = ALIGN (0x8)
 *fill*         0x200001c4        0x4 
 *(.ram.b)
                0x200001c8                _end = .
                0x200001c8                __end = .
                0x200001c8                PROVIDE (end, .)
                0x200001c8                PROVIDE (__bss_end__, .)
                0x00001db0                __cy_region_init_ram = LOADADDR (.data)
                0x00000088                __cy_region_init_size_ram = (_edata - ADDR (.data))
                0x00000080                __cy_region_zero_size_ram = (_end - _edata)

.heap           0x200001c8       0x80 load address 0x00001e38
                0x200001c8                . = _end
                0x20000248                . = (. + 0x80)
 *fill*         0x200001c8       0x80 
                0x20000248                __cy_heap_limit = .

.stack          0x20003800      0x800
                0x20003800                __cy_stack_limit = .
                0x20004000                . = (. + 0x800)
 *fill*         0x20003800      0x800 
                0x00000001                ASSERT ((__cy_stack_limit >= __cy_heap_limit), region RAM overflowed with stack)
                0x00000000                cy_checksum_exclude_size = (CY_APPL_LOADABLE == 0x1)?SIZEOF (.cy_checksum_exclude):0x0
                0x00000001                ASSERT ((cy_checksum_exclude_size <= CY_CHECKSUM_EXCLUDE_SIZE), CY_BOOT: Section .cy_checksum_exclude size exceedes specified limit.)
                0x0001ffc0                cyloadermeta_start = (cy_project_type_bootloader || cy_project_type_app_for_stack_and_copier)?(LENGTH (rom) - CY_METADATA_SIZE):0xf0000000

.cyloadermeta
 *(.cyloadermeta)
                0x0001ffc0                cyloadablemeta_start = cy_project_type_app_for_stack_and_copier?((LENGTH (rom) - CY_FLASH_ROW_SIZE) - CY_METADATA_SIZE):((LENGTH (rom) - (CY_FLASH_ROW_SIZE * (CY_APPL_NUM - 0x1))) - CY_METADATA_SIZE)

.cyloadablemeta
 *(.cyloadablemeta)

.cyflashprotect
                0x90400000       0x80
 *(.cyflashprotect)
 .cyflashprotect
                0x90400000       0x80 .\CortexM0\ARM_GCC_541\Debug\cymetadata.o
                0x90400000                cy_meta_flashprotect

.cymeta         0x90500000        0xc
 *(.cymeta)
 .cymeta        0x90500000        0xc .\CortexM0\ARM_GCC_541\Debug\cymetadata.o
                0x90500000                cy_metadata

.cychipprotect  0x90600000        0x1
 *(.cychipprotect)
 .cychipprotect
                0x90600000        0x1 .\CortexM0\ARM_GCC_541\Debug\cymetadata.o
                0x90600000                cy_meta_chipprotect

.rel.dyn        0x00001e38        0x0 load address 0x90600004
 .rel.iplt      0x00001e38        0x0 c:/program files (x86)/cypress/psoc creator/4.1/psoc creator/import/gnu/arm/5.4.1/bin/../lib/gcc/arm-none-eabi/5.4.1/armv6-m/crtbegin.o

.stab
 *(.stab)

.stabstr
 *(.stabstr)

.debug
 *(.debug)

.line
 *(.line)

.debug_srcinfo
 *(.debug_srcinfo)

.debug_sfnames
 *(.debug_sfnames)

.debug_aranges  0x00000000      0x9c8
 *(.debug_aranges)
 .debug_aranges
                0x00000000       0x38 .\CortexM0\ARM_GCC_541\Debug\main.o
 .debug_aranges
                0x00000038       0x48 .\CortexM0\ARM_GCC_541\Debug\cyfitter_cfg.o
 .debug_aranges
                0x00000080       0x18 .\CortexM0\ARM_GCC_541\Debug\cymetadata.o
 .debug_aranges
                0x00000098       0x48 .\CortexM0\ARM_GCC_541\Debug\Cm0Start.o
 .debug_aranges
                0x000000e0       0xa8 .\CortexM0\ARM_GCC_541\Debug\HybridEncoder.a(ADC.o)
 .debug_aranges
                0x00000188       0x20 .\CortexM0\ARM_GCC_541\Debug\HybridEncoder.a(ADC_INT.o)
 .debug_aranges
                0x000001a8      0x158 .\CortexM0\ARM_GCC_541\Debug\HybridEncoder.a(PWM_2.o)
 .debug_aranges
                0x00000300      0x158 .\CortexM0\ARM_GCC_541\Debug\HybridEncoder.a(PWM_1.o)
 .debug_aranges
                0x00000458       0x58 .\CortexM0\ARM_GCC_541\Debug\HybridEncoder.a(UART.o)
 .debug_aranges
                0x000004b0       0x60 .\CortexM0\ARM_GCC_541\Debug\HybridEncoder.a(UART_SPI_UART.o)
 .debug_aranges
                0x00000510       0x88 .\CortexM0\ARM_GCC_541\Debug\HybridEncoder.a(UART_UART.o)
 .debug_aranges
                0x00000598       0x80 .\CortexM0\ARM_GCC_541\Debug\HybridEncoder.a(ADC_IRQ.o)
 .debug_aranges
                0x00000618      0x1c8 .\CortexM0\ARM_GCC_541\Debug\HybridEncoder.a(CyLib.o)
 .debug_aranges
                0x000007e0      0x188 .\CortexM0\ARM_GCC_541\Debug\HybridEncoder.a(CyLFClk.o)
 .debug_aranges
                0x00000968       0x20 .\CortexM0\ARM_GCC_541\Debug\HybridEncoder.a(CyBootAsmGnu.o)
 .debug_aranges
                0x00000988       0x40 .\CortexM0\ARM_GCC_541\Debug\HybridEncoder.a(CyFlash.o)

.debug_pubnames
 *(.debug_pubnames)

.debug_info     0x00000000     0x5289
 *(.debug_info .gnu.linkonce.wi.*)
 .debug_info    0x00000000      0x51b .\CortexM0\ARM_GCC_541\Debug\main.o
 .debug_info    0x0000051b      0x405 .\CortexM0\ARM_GCC_541\Debug\cyfitter_cfg.o
 .debug_info    0x00000920       0xf8 .\CortexM0\ARM_GCC_541\Debug\cymetadata.o
 .debug_info    0x00000a18      0x3a2 .\CortexM0\ARM_GCC_541\Debug\Cm0Start.o
 .debug_info    0x00000dba      0x5a5 .\CortexM0\ARM_GCC_541\Debug\HybridEncoder.a(ADC.o)
 .debug_info    0x0000135f       0xcb .\CortexM0\ARM_GCC_541\Debug\HybridEncoder.a(ADC_INT.o)
 .debug_info    0x0000142a      0x909 .\CortexM0\ARM_GCC_541\Debug\HybridEncoder.a(PWM_2.o)
 .debug_info    0x00001d33      0x908 .\CortexM0\ARM_GCC_541\Debug\HybridEncoder.a(PWM_1.o)
 .debug_info    0x0000263b      0x23a .\CortexM0\ARM_GCC_541\Debug\HybridEncoder.a(UART.o)
 .debug_info    0x00002875      0x220 .\CortexM0\ARM_GCC_541\Debug\HybridEncoder.a(UART_SPI_UART.o)
 .debug_info    0x00002a95      0x36e .\CortexM0\ARM_GCC_541\Debug\HybridEncoder.a(UART_UART.o)
 .debug_info    0x00002e03      0x305 .\CortexM0\ARM_GCC_541\Debug\HybridEncoder.a(ADC_IRQ.o)
 .debug_info    0x00003108      0xd2f .\CortexM0\ARM_GCC_541\Debug\HybridEncoder.a(CyLib.o)
 .debug_info    0x00003e37     0x1058 .\CortexM0\ARM_GCC_541\Debug\HybridEncoder.a(CyLFClk.o)
 .debug_info    0x00004e8f       0xaa .\CortexM0\ARM_GCC_541\Debug\HybridEncoder.a(CyBootAsmGnu.o)
 .debug_info    0x00004f39      0x350 .\CortexM0\ARM_GCC_541\Debug\HybridEncoder.a(CyFlash.o)

.debug_abbrev   0x00000000     0x1502
 *(.debug_abbrev)
 .debug_abbrev  0x00000000      0x1fe .\CortexM0\ARM_GCC_541\Debug\main.o
 .debug_abbrev  0x000001fe      0x1cf .\CortexM0\ARM_GCC_541\Debug\cyfitter_cfg.o
 .debug_abbrev  0x000003cd       0x5d .\CortexM0\ARM_GCC_541\Debug\cymetadata.o
 .debug_abbrev  0x0000042a      0x1d7 .\CortexM0\ARM_GCC_541\Debug\Cm0Start.o
 .debug_abbrev  0x00000601      0x184 .\CortexM0\ARM_GCC_541\Debug\HybridEncoder.a(ADC.o)
 .debug_abbrev  0x00000785       0x65 .\CortexM0\ARM_GCC_541\Debug\HybridEncoder.a(ADC_INT.o)
 .debug_abbrev  0x000007ea      0x119 .\CortexM0\ARM_GCC_541\Debug\HybridEncoder.a(PWM_2.o)
 .debug_abbrev  0x00000903      0x119 .\CortexM0\ARM_GCC_541\Debug\HybridEncoder.a(PWM_1.o)
 .debug_abbrev  0x00000a1c       0xd5 .\CortexM0\ARM_GCC_541\Debug\HybridEncoder.a(UART.o)
 .debug_abbrev  0x00000af1      0x14f .\CortexM0\ARM_GCC_541\Debug\HybridEncoder.a(UART_SPI_UART.o)
 .debug_abbrev  0x00000c40      0x132 .\CortexM0\ARM_GCC_541\Debug\HybridEncoder.a(UART_UART.o)
 .debug_abbrev  0x00000d72      0x19a .\CortexM0\ARM_GCC_541\Debug\HybridEncoder.a(ADC_IRQ.o)
 .debug_abbrev  0x00000f0c      0x218 .\CortexM0\ARM_GCC_541\Debug\HybridEncoder.a(CyLib.o)
 .debug_abbrev  0x00001124      0x248 .\CortexM0\ARM_GCC_541\Debug\HybridEncoder.a(CyLFClk.o)
 .debug_abbrev  0x0000136c       0x14 .\CortexM0\ARM_GCC_541\Debug\HybridEncoder.a(CyBootAsmGnu.o)
 .debug_abbrev  0x00001380      0x182 .\CortexM0\ARM_GCC_541\Debug\HybridEncoder.a(CyFlash.o)

.debug_line     0x00000000     0x236a
 *(.debug_line)
 .debug_line    0x00000000      0x239 .\CortexM0\ARM_GCC_541\Debug\main.o
 .debug_line    0x00000239      0x1bd .\CortexM0\ARM_GCC_541\Debug\cyfitter_cfg.o
 .debug_line    0x000003f6      0x141 .\CortexM0\ARM_GCC_541\Debug\cymetadata.o
 .debug_line    0x00000537      0x236 .\CortexM0\ARM_GCC_541\Debug\Cm0Start.o
 .debug_line    0x0000076d      0x28f .\CortexM0\ARM_GCC_541\Debug\HybridEncoder.a(ADC.o)
 .debug_line    0x000009fc       0x62 .\CortexM0\ARM_GCC_541\Debug\HybridEncoder.a(ADC_INT.o)
 .debug_line    0x00000a5e      0x37e .\CortexM0\ARM_GCC_541\Debug\HybridEncoder.a(PWM_2.o)
 .debug_line    0x00000ddc      0x37e .\CortexM0\ARM_GCC_541\Debug\HybridEncoder.a(PWM_1.o)
 .debug_line    0x0000115a      0x108 .\CortexM0\ARM_GCC_541\Debug\HybridEncoder.a(UART.o)
 .debug_line    0x00001262      0x11a .\CortexM0\ARM_GCC_541\Debug\HybridEncoder.a(UART_SPI_UART.o)
 .debug_line    0x0000137c      0x1ae .\CortexM0\ARM_GCC_541\Debug\HybridEncoder.a(UART_UART.o)
 .debug_line    0x0000152a      0x153 .\CortexM0\ARM_GCC_541\Debug\HybridEncoder.a(ADC_IRQ.o)
 .debug_line    0x0000167d      0x541 .\CortexM0\ARM_GCC_541\Debug\HybridEncoder.a(CyLib.o)
 .debug_line    0x00001bbe      0x5d1 .\CortexM0\ARM_GCC_541\Debug\HybridEncoder.a(CyLFClk.o)
 .debug_line    0x0000218f       0x68 .\CortexM0\ARM_GCC_541\Debug\HybridEncoder.a(CyBootAsmGnu.o)
 .debug_line    0x000021f7      0x173 .\CortexM0\ARM_GCC_541\Debug\HybridEncoder.a(CyFlash.o)

.debug_frame    0x00000000     0x1d7c
 *(.debug_frame)
 .debug_frame   0x00000000       0x90 .\CortexM0\ARM_GCC_541\Debug\main.o
 .debug_frame   0x00000090       0xb4 .\CortexM0\ARM_GCC_541\Debug\cyfitter_cfg.o
 .debug_frame   0x00000144       0xbc .\CortexM0\ARM_GCC_541\Debug\Cm0Start.o
 .debug_frame   0x00000200      0x1b0 .\CortexM0\ARM_GCC_541\Debug\HybridEncoder.a(ADC.o)
 .debug_frame   0x000003b0       0x20 .\CortexM0\ARM_GCC_541\Debug\HybridEncoder.a(ADC_INT.o)
 .debug_frame   0x000003d0      0x3a0 .\CortexM0\ARM_GCC_541\Debug\HybridEncoder.a(PWM_2.o)
 .debug_frame   0x00000770      0x3a0 .\CortexM0\ARM_GCC_541\Debug\HybridEncoder.a(PWM_1.o)
 .debug_frame   0x00000b10       0xd8 .\CortexM0\ARM_GCC_541\Debug\HybridEncoder.a(UART.o)
 .debug_frame   0x00000be8       0xb0 .\CortexM0\ARM_GCC_541\Debug\HybridEncoder.a(UART_SPI_UART.o)
 .debug_frame   0x00000c98      0x130 .\CortexM0\ARM_GCC_541\Debug\HybridEncoder.a(UART_UART.o)
 .debug_frame   0x00000dc8      0x110 .\CortexM0\ARM_GCC_541\Debug\HybridEncoder.a(ADC_IRQ.o)
 .debug_frame   0x00000ed8      0x488 .\CortexM0\ARM_GCC_541\Debug\HybridEncoder.a(CyLib.o)
 .debug_frame   0x00001360      0x4a4 .\CortexM0\ARM_GCC_541\Debug\HybridEncoder.a(CyLFClk.o)
 .debug_frame   0x00001804       0x90 .\CortexM0\ARM_GCC_541\Debug\HybridEncoder.a(CyFlash.o)
 .debug_frame   0x00001894       0x20 c:/program files (x86)/cypress/psoc creator/4.1/psoc creator/import/gnu/arm/5.4.1/bin/../lib/gcc/arm-none-eabi/5.4.1/armv6-m\libgcc.a(_udivsi3.o)
 .debug_frame   0x000018b4       0x20 c:/program files (x86)/cypress/psoc creator/4.1/psoc creator/import/gnu/arm/5.4.1/bin/../lib/gcc/arm-none-eabi/5.4.1/armv6-m\libgcc.a(_divsi3.o)
 .debug_frame   0x000018d4       0x34 c:/program files (x86)/cypress/psoc creator/4.1/psoc creator/import/gnu/arm/5.4.1/bin/../lib/gcc/arm-none-eabi/5.4.1/armv6-m\libgcc.a(_muldi3.o)
 .debug_frame   0x00001908       0x30 c:/program files (x86)/cypress/psoc creator/4.1/psoc creator/import/gnu/arm/5.4.1/bin/../lib/gcc/arm-none-eabi/5.4.1/armv6-m\libgcc.a(bpabi.o)
 .debug_frame   0x00001938       0x3c c:/program files (x86)/cypress/psoc creator/4.1/psoc creator/import/gnu/arm/5.4.1/bin/../lib/gcc/arm-none-eabi/5.4.1/armv6-m\libgcc.a(divsf3.o)
 .debug_frame   0x00001974       0x38 c:/program files (x86)/cypress/psoc creator/4.1/psoc creator/import/gnu/arm/5.4.1/bin/../lib/gcc/arm-none-eabi/5.4.1/armv6-m\libgcc.a(mulsf3.o)
 .debug_frame   0x000019ac       0x2c c:/program files (x86)/cypress/psoc creator/4.1/psoc creator/import/gnu/arm/5.4.1/bin/../lib/gcc/arm-none-eabi/5.4.1/armv6-m\libgcc.a(floatsisf.o)
 .debug_frame   0x000019d8       0x3c c:/program files (x86)/cypress/psoc creator/4.1/psoc creator/import/gnu/arm/5.4.1/bin/../lib/gcc/arm-none-eabi/5.4.1/armv6-m\libgcc.a(_divdi3.o)
 .debug_frame   0x00001a14       0x20 c:/program files (x86)/cypress/psoc creator/4.1/psoc creator/import/gnu/arm/5.4.1/bin/../lib/gcc/arm-none-eabi/5.4.1/../../../../arm-none-eabi/lib/armv6-m\libg_nano.a(lib_a-errno.o)
 .debug_frame   0x00001a34       0x28 c:/program files (x86)/cypress/psoc creator/4.1/psoc creator/import/gnu/arm/5.4.1/bin/../lib/gcc/arm-none-eabi/5.4.1/../../../../arm-none-eabi/lib/armv6-m\libg_nano.a(lib_a-exit.o)
 .debug_frame   0x00001a5c       0x2c c:/program files (x86)/cypress/psoc creator/4.1/psoc creator/import/gnu/arm/5.4.1/bin/../lib/gcc/arm-none-eabi/5.4.1/../../../../arm-none-eabi/lib/armv6-m\libg_nano.a(lib_a-init.o)
 .debug_frame   0x00001a88       0x28 c:/program files (x86)/cypress/psoc creator/4.1/psoc creator/import/gnu/arm/5.4.1/bin/../lib/gcc/arm-none-eabi/5.4.1/../../../../arm-none-eabi/lib/armv6-m\libg_nano.a(lib_a-memcpy-stub.o)
 .debug_frame   0x00001ab0       0x20 c:/program files (x86)/cypress/psoc creator/4.1/psoc creator/import/gnu/arm/5.4.1/bin/../lib/gcc/arm-none-eabi/5.4.1/../../../../arm-none-eabi/lib/armv6-m\libg_nano.a(lib_a-memset.o)
 .debug_frame   0x00001ad0       0x50 c:/program files (x86)/cypress/psoc creator/4.1/psoc creator/import/gnu/arm/5.4.1/bin/../lib/gcc/arm-none-eabi/5.4.1/../../../../arm-none-eabi/lib/armv6-m\libg_nano.a(lib_a-sprintf.o)
 .debug_frame   0x00001b20       0x74 c:/program files (x86)/cypress/psoc creator/4.1/psoc creator/import/gnu/arm/5.4.1/bin/../lib/gcc/arm-none-eabi/5.4.1/../../../../arm-none-eabi/lib/armv6-m\libg_nano.a(lib_a-nano-svfprintf.o)
 .debug_frame   0x00001b94       0x54 c:/program files (x86)/cypress/psoc creator/4.1/psoc creator/import/gnu/arm/5.4.1/bin/../lib/gcc/arm-none-eabi/5.4.1/../../../../arm-none-eabi/lib/armv6-m\libg_nano.a(lib_a-nano-vfprintf_i.o)
 .debug_frame   0x00001be8       0x20 c:/program files (x86)/cypress/psoc creator/4.1/psoc creator/import/gnu/arm/5.4.1/bin/../lib/gcc/arm-none-eabi/5.4.1/../../../../arm-none-eabi/lib/armv6-m\libg_nano.a(lib_a-memchr-stub.o)
 .debug_frame   0x00001c08       0x28 c:/program files (x86)/cypress/psoc creator/4.1/psoc creator/import/gnu/arm/5.4.1/bin/../lib/gcc/arm-none-eabi/5.4.1/../../../../arm-none-eabi/lib/armv6-m\libg_nano.a(lib_a-memmove.o)
 .debug_frame   0x00001c30       0x2c c:/program files (x86)/cypress/psoc creator/4.1/psoc creator/import/gnu/arm/5.4.1/bin/../lib/gcc/arm-none-eabi/5.4.1/../../../../arm-none-eabi/lib/armv6-m\libg_nano.a(lib_a-nano-freer.o)
 .debug_frame   0x00001c5c       0x2c c:/program files (x86)/cypress/psoc creator/4.1/psoc creator/import/gnu/arm/5.4.1/bin/../lib/gcc/arm-none-eabi/5.4.1/../../../../arm-none-eabi/lib/armv6-m\libg_nano.a(lib_a-nano-mallocr.o)
 .debug_frame   0x00001c88       0x30 c:/program files (x86)/cypress/psoc creator/4.1/psoc creator/import/gnu/arm/5.4.1/bin/../lib/gcc/arm-none-eabi/5.4.1/../../../../arm-none-eabi/lib/armv6-m\libg_nano.a(lib_a-nano-reallocr.o)
 .debug_frame   0x00001cb8       0x2c c:/program files (x86)/cypress/psoc creator/4.1/psoc creator/import/gnu/arm/5.4.1/bin/../lib/gcc/arm-none-eabi/5.4.1/../../../../arm-none-eabi/lib/armv6-m\libg_nano.a(lib_a-sbrkr.o)
 .debug_frame   0x00001ce4       0x30 c:/program files (x86)/cypress/psoc creator/4.1/psoc creator/import/gnu/arm/5.4.1/bin/../lib/gcc/arm-none-eabi/5.4.1/../../../../arm-none-eabi/lib/armv6-m\libg_nano.a(lib_a-mlock.o)
 .debug_frame   0x00001d14       0x20 c:/program files (x86)/cypress/psoc creator/4.1/psoc creator/import/gnu/arm/5.4.1/bin/../lib/gcc/arm-none-eabi/5.4.1/../../../../arm-none-eabi/lib/armv6-m\libg_nano.a(lib_a-nano-msizer.o)
 .debug_frame   0x00001d34       0x48 c:/program files (x86)/cypress/psoc creator/4.1/psoc creator/import/gnu/arm/5.4.1/bin/../lib/gcc/arm-none-eabi/5.4.1/../../../../arm-none-eabi/lib/armv6-m\libg_nano.a(lib_a-reent.o)

.debug_str      0x00000000     0x208f
 *(.debug_str)
 .debug_str     0x00000000      0x2fa .\CortexM0\ARM_GCC_541\Debug\main.o
                                0x340 (size before relaxing)
 .debug_str     0x000002fa      0x14b .\CortexM0\ARM_GCC_541\Debug\cyfitter_cfg.o
                                0x317 (size before relaxing)
 .debug_str     0x00000445       0x63 .\CortexM0\ARM_GCC_541\Debug\cymetadata.o
                                0x1e2 (size before relaxing)
 .debug_str     0x000004a8      0x13a .\CortexM0\ARM_GCC_541\Debug\Cm0Start.o
                                0x31b (size before relaxing)
 .debug_str     0x000005e2      0x1d3 .\CortexM0\ARM_GCC_541\Debug\HybridEncoder.a(ADC.o)
                                0x3f2 (size before relaxing)
 .debug_str     0x000007b5       0x29 .\CortexM0\ARM_GCC_541\Debug\HybridEncoder.a(ADC_INT.o)
                                0x1d7 (size before relaxing)
 .debug_str     0x000007de      0x3f9 .\CortexM0\ARM_GCC_541\Debug\HybridEncoder.a(PWM_2.o)
                                0x5cb (size before relaxing)
 .debug_str     0x00000bd7      0x308 .\CortexM0\ARM_GCC_541\Debug\HybridEncoder.a(PWM_1.o)
                                0x5cb (size before relaxing)
 .debug_str     0x00000edf       0xf7 .\CortexM0\ARM_GCC_541\Debug\HybridEncoder.a(UART.o)
                                0x2b1 (size before relaxing)
 .debug_str     0x00000fd6      0x11d .\CortexM0\ARM_GCC_541\Debug\HybridEncoder.a(UART_SPI_UART.o)
                                0x2e8 (size before relaxing)
 .debug_str     0x000010f3      0x13b .\CortexM0\ARM_GCC_541\Debug\HybridEncoder.a(UART_UART.o)
                                0x3a8 (size before relaxing)
 .debug_str     0x0000122e      0x119 .\CortexM0\ARM_GCC_541\Debug\HybridEncoder.a(ADC_IRQ.o)
                                0x320 (size before relaxing)
 .debug_str     0x00001347      0x5c4 .\CortexM0\ARM_GCC_541\Debug\HybridEncoder.a(CyLib.o)
                                0x82f (size before relaxing)
 .debug_str     0x0000190b      0x6dd .\CortexM0\ARM_GCC_541\Debug\HybridEncoder.a(CyLFClk.o)
                                0x937 (size before relaxing)
 .debug_str     0x00001fe8       0xa7 .\CortexM0\ARM_GCC_541\Debug\HybridEncoder.a(CyFlash.o)
                                0x2ca (size before relaxing)

.debug_loc      0x00000000     0x2f9f
 *(.debug_loc)
 .debug_loc     0x00000000      0x3a8 .\CortexM0\ARM_GCC_541\Debug\main.o
 .debug_loc     0x000003a8      0x136 .\CortexM0\ARM_GCC_541\Debug\cyfitter_cfg.o
 .debug_loc     0x000004de      0x14f .\CortexM0\ARM_GCC_541\Debug\Cm0Start.o
 .debug_loc     0x0000062d      0x4bf .\CortexM0\ARM_GCC_541\Debug\HybridEncoder.a(ADC.o)
 .debug_loc     0x00000aec      0x547 .\CortexM0\ARM_GCC_541\Debug\HybridEncoder.a(PWM_2.o)
 .debug_loc     0x00001033      0x547 .\CortexM0\ARM_GCC_541\Debug\HybridEncoder.a(PWM_1.o)
 .debug_loc     0x0000157a       0x7e .\CortexM0\ARM_GCC_541\Debug\HybridEncoder.a(UART.o)
 .debug_loc     0x000015f8       0x96 .\CortexM0\ARM_GCC_541\Debug\HybridEncoder.a(UART_SPI_UART.o)
 .debug_loc     0x0000168e      0x1b8 .\CortexM0\ARM_GCC_541\Debug\HybridEncoder.a(UART_UART.o)
 .debug_loc     0x00001846       0x82 .\CortexM0\ARM_GCC_541\Debug\HybridEncoder.a(ADC_IRQ.o)
 .debug_loc     0x000018c8      0x7c0 .\CortexM0\ARM_GCC_541\Debug\HybridEncoder.a(CyLib.o)
 .debug_loc     0x00002088      0xdb7 .\CortexM0\ARM_GCC_541\Debug\HybridEncoder.a(CyLFClk.o)
 .debug_loc     0x00002e3f      0x160 .\CortexM0\ARM_GCC_541\Debug\HybridEncoder.a(CyFlash.o)

.debug_macinfo
 *(.debug_macinfo)

.debug_ranges   0x00000000      0x8b0
 *(.debug_ranges)
 .debug_ranges  0x00000000       0x28 .\CortexM0\ARM_GCC_541\Debug\main.o
 .debug_ranges  0x00000028       0x38 .\CortexM0\ARM_GCC_541\Debug\cyfitter_cfg.o
 .debug_ranges  0x00000060       0x38 .\CortexM0\ARM_GCC_541\Debug\Cm0Start.o
 .debug_ranges  0x00000098       0x98 .\CortexM0\ARM_GCC_541\Debug\HybridEncoder.a(ADC.o)
 .debug_ranges  0x00000130       0x10 .\CortexM0\ARM_GCC_541\Debug\HybridEncoder.a(ADC_INT.o)
 .debug_ranges  0x00000140      0x148 .\CortexM0\ARM_GCC_541\Debug\HybridEncoder.a(PWM_2.o)
 .debug_ranges  0x00000288      0x148 .\CortexM0\ARM_GCC_541\Debug\HybridEncoder.a(PWM_1.o)
 .debug_ranges  0x000003d0       0x48 .\CortexM0\ARM_GCC_541\Debug\HybridEncoder.a(UART.o)
 .debug_ranges  0x00000418       0x50 .\CortexM0\ARM_GCC_541\Debug\HybridEncoder.a(UART_SPI_UART.o)
 .debug_ranges  0x00000468       0x78 .\CortexM0\ARM_GCC_541\Debug\HybridEncoder.a(UART_UART.o)
 .debug_ranges  0x000004e0       0x70 .\CortexM0\ARM_GCC_541\Debug\HybridEncoder.a(ADC_IRQ.o)
 .debug_ranges  0x00000550      0x1b8 .\CortexM0\ARM_GCC_541\Debug\HybridEncoder.a(CyLib.o)
 .debug_ranges  0x00000708      0x178 .\CortexM0\ARM_GCC_541\Debug\HybridEncoder.a(CyLFClk.o)
 .debug_ranges  0x00000880       0x30 .\CortexM0\ARM_GCC_541\Debug\HybridEncoder.a(CyFlash.o)

.comment        0x00000000       0x6e
 .comment       0x00000000       0x6e .\CortexM0\ARM_GCC_541\Debug\main.o
                                 0x6f (size before relaxing)
 .comment       0x0000006e       0x6f .\CortexM0\ARM_GCC_541\Debug\cyfitter_cfg.o
 .comment       0x0000006e       0x6f .\CortexM0\ARM_GCC_541\Debug\cymetadata.o
 .comment       0x0000006e       0x6f .\CortexM0\ARM_GCC_541\Debug\Cm0Start.o
 .comment       0x0000006e       0x6f .\CortexM0\ARM_GCC_541\Debug\HybridEncoder.a(ADC.o)
 .comment       0x0000006e       0x6f .\CortexM0\ARM_GCC_541\Debug\HybridEncoder.a(ADC_INT.o)
 .comment       0x0000006e       0x6f .\CortexM0\ARM_GCC_541\Debug\HybridEncoder.a(PWM_2.o)
 .comment       0x0000006e       0x6f .\CortexM0\ARM_GCC_541\Debug\HybridEncoder.a(PWM_1.o)
 .comment       0x0000006e       0x6f .\CortexM0\ARM_GCC_541\Debug\HybridEncoder.a(UART.o)
 .comment       0x0000006e       0x6f .\CortexM0\ARM_GCC_541\Debug\HybridEncoder.a(UART_SPI_UART.o)
 .comment       0x0000006e       0x6f .\CortexM0\ARM_GCC_541\Debug\HybridEncoder.a(UART_UART.o)
 .comment       0x0000006e       0x6f .\CortexM0\ARM_GCC_541\Debug\HybridEncoder.a(ADC_IRQ.o)
 .comment       0x0000006e       0x6f .\CortexM0\ARM_GCC_541\Debug\HybridEncoder.a(CyLib.o)
 .comment       0x0000006e       0x6f .\CortexM0\ARM_GCC_541\Debug\HybridEncoder.a(CyLFClk.o)
 .comment       0x0000006e       0x6f .\CortexM0\ARM_GCC_541\Debug\HybridEncoder.a(CyFlash.o)

.debug_weaknames
 *(.debug_weaknames)

.debug_funcnames
 *(.debug_funcnames)

.debug_typenames
 *(.debug_typenames)

.debug_varnames
 *(.debug_varnames)

.note.gnu.arm.ident
 *(.note.gnu.arm.ident)

.ARM.attributes
                0x00000000       0x28
 *(.ARM.attributes)
 .ARM.attributes
                0x00000000       0x1e c:/program files (x86)/cypress/psoc creator/4.1/psoc creator/import/gnu/arm/5.4.1/bin/../lib/gcc/arm-none-eabi/5.4.1/armv6-m/crti.o
 .ARM.attributes
                0x0000001e       0x2c c:/program files (x86)/cypress/psoc creator/4.1/psoc creator/import/gnu/arm/5.4.1/bin/../lib/gcc/arm-none-eabi/5.4.1/armv6-m/crtbegin.o
 .ARM.attributes
                0x0000004a       0x1b c:/program files (x86)/cypress/psoc creator/4.1/psoc creator/import/gnu/arm/5.4.1/bin/../lib/gcc/arm-none-eabi/5.4.1/../../../../arm-none-eabi/lib/armv6-m/crt0.o
 .ARM.attributes
                0x00000065       0x31 .\CortexM0\ARM_GCC_541\Debug\main.o
 .ARM.attributes
                0x00000096       0x31 .\CortexM0\ARM_GCC_541\Debug\cyfitter_cfg.o
 .ARM.attributes
                0x000000c7       0x31 .\CortexM0\ARM_GCC_541\Debug\cymetadata.o
 .ARM.attributes
                0x000000f8       0x31 .\CortexM0\ARM_GCC_541\Debug\Cm0Start.o
 .ARM.attributes
                0x00000129       0x31 .\CortexM0\ARM_GCC_541\Debug\HybridEncoder.a(ADC.o)
 .ARM.attributes
                0x0000015a       0x31 .\CortexM0\ARM_GCC_541\Debug\HybridEncoder.a(ADC_INT.o)
 .ARM.attributes
                0x0000018b       0x31 .\CortexM0\ARM_GCC_541\Debug\HybridEncoder.a(PWM_2.o)
 .ARM.attributes
                0x000001bc       0x31 .\CortexM0\ARM_GCC_541\Debug\HybridEncoder.a(PWM_1.o)
 .ARM.attributes
                0x000001ed       0x31 .\CortexM0\ARM_GCC_541\Debug\HybridEncoder.a(UART.o)
 .ARM.attributes
                0x0000021e       0x31 .\CortexM0\ARM_GCC_541\Debug\HybridEncoder.a(UART_SPI_UART.o)
 .ARM.attributes
                0x0000024f       0x31 .\CortexM0\ARM_GCC_541\Debug\HybridEncoder.a(UART_UART.o)
 .ARM.attributes
                0x00000280       0x31 .\CortexM0\ARM_GCC_541\Debug\HybridEncoder.a(ADC_IRQ.o)
 .ARM.attributes
                0x000002b1       0x31 .\CortexM0\ARM_GCC_541\Debug\HybridEncoder.a(CyLib.o)
 .ARM.attributes
                0x000002e2       0x31 .\CortexM0\ARM_GCC_541\Debug\HybridEncoder.a(CyLFClk.o)
 .ARM.attributes
                0x00000313       0x21 .\CortexM0\ARM_GCC_541\Debug\HybridEncoder.a(CyBootAsmGnu.o)
 .ARM.attributes
                0x00000334       0x31 .\CortexM0\ARM_GCC_541\Debug\HybridEncoder.a(CyFlash.o)
 .ARM.attributes
                0x00000365       0x1e c:/program files (x86)/cypress/psoc creator/4.1/psoc creator/import/gnu/arm/5.4.1/bin/../lib/gcc/arm-none-eabi/5.4.1/armv6-m\libgcc.a(_udivsi3.o)
 .ARM.attributes
                0x00000383       0x1e c:/program files (x86)/cypress/psoc creator/4.1/psoc creator/import/gnu/arm/5.4.1/bin/../lib/gcc/arm-none-eabi/5.4.1/armv6-m\libgcc.a(_divsi3.o)
 .ARM.attributes
                0x000003a1       0x1e c:/program files (x86)/cypress/psoc creator/4.1/psoc creator/import/gnu/arm/5.4.1/bin/../lib/gcc/arm-none-eabi/5.4.1/armv6-m\libgcc.a(_dvmd_tls.o)
 .ARM.attributes
                0x000003bf       0x1e c:/program files (x86)/cypress/psoc creator/4.1/psoc creator/import/gnu/arm/5.4.1/bin/../lib/gcc/arm-none-eabi/5.4.1/armv6-m\libgcc.a(_aeabi_ldivmod.o)
 .ARM.attributes
                0x000003dd       0x2c c:/program files (x86)/cypress/psoc creator/4.1/psoc creator/import/gnu/arm/5.4.1/bin/../lib/gcc/arm-none-eabi/5.4.1/armv6-m\libgcc.a(_muldi3.o)
 .ARM.attributes
                0x00000409       0x2c c:/program files (x86)/cypress/psoc creator/4.1/psoc creator/import/gnu/arm/5.4.1/bin/../lib/gcc/arm-none-eabi/5.4.1/armv6-m\libgcc.a(bpabi.o)
 .ARM.attributes
                0x00000435       0x2c c:/program files (x86)/cypress/psoc creator/4.1/psoc creator/import/gnu/arm/5.4.1/bin/../lib/gcc/arm-none-eabi/5.4.1/armv6-m\libgcc.a(divsf3.o)
 .ARM.attributes
                0x00000461       0x2c c:/program files (x86)/cypress/psoc creator/4.1/psoc creator/import/gnu/arm/5.4.1/bin/../lib/gcc/arm-none-eabi/5.4.1/armv6-m\libgcc.a(mulsf3.o)
 .ARM.attributes
                0x0000048d       0x2c c:/program files (x86)/cypress/psoc creator/4.1/psoc creator/import/gnu/arm/5.4.1/bin/../lib/gcc/arm-none-eabi/5.4.1/armv6-m\libgcc.a(floatsisf.o)
 .ARM.attributes
                0x000004b9       0x1e c:/program files (x86)/cypress/psoc creator/4.1/psoc creator/import/gnu/arm/5.4.1/bin/../lib/gcc/arm-none-eabi/5.4.1/armv6-m\libgcc.a(_clzsi2.o)
 .ARM.attributes
                0x000004d7       0x2c c:/program files (x86)/cypress/psoc creator/4.1/psoc creator/import/gnu/arm/5.4.1/bin/../lib/gcc/arm-none-eabi/5.4.1/armv6-m\libgcc.a(_divdi3.o)
 .ARM.attributes
                0x00000503       0x1e c:/program files (x86)/cypress/psoc creator/4.1/psoc creator/import/gnu/arm/5.4.1/bin/../lib/gcc/arm-none-eabi/5.4.1/armv6-m\libgcc.a(_clzdi2.o)
 .ARM.attributes
                0x00000521       0x2c c:/program files (x86)/cypress/psoc creator/4.1/psoc creator/import/gnu/arm/5.4.1/bin/../lib/gcc/arm-none-eabi/5.4.1/../../../../arm-none-eabi/lib/armv6-m\libg_nano.a(lib_a-errno.o)
 .ARM.attributes
                0x0000054d       0x2c c:/program files (x86)/cypress/psoc creator/4.1/psoc creator/import/gnu/arm/5.4.1/bin/../lib/gcc/arm-none-eabi/5.4.1/../../../../arm-none-eabi/lib/armv6-m\libg_nano.a(lib_a-exit.o)
 .ARM.attributes
                0x00000579       0x2c c:/program files (x86)/cypress/psoc creator/4.1/psoc creator/import/gnu/arm/5.4.1/bin/../lib/gcc/arm-none-eabi/5.4.1/../../../../arm-none-eabi/lib/armv6-m\libg_nano.a(lib_a-impure.o)
 .ARM.attributes
                0x000005a5       0x2c c:/program files (x86)/cypress/psoc creator/4.1/psoc creator/import/gnu/arm/5.4.1/bin/../lib/gcc/arm-none-eabi/5.4.1/../../../../arm-none-eabi/lib/armv6-m\libg_nano.a(lib_a-init.o)
 .ARM.attributes
                0x000005d1       0x2c c:/program files (x86)/cypress/psoc creator/4.1/psoc creator/import/gnu/arm/5.4.1/bin/../lib/gcc/arm-none-eabi/5.4.1/../../../../arm-none-eabi/lib/armv6-m\libg_nano.a(lib_a-memcpy-stub.o)
 .ARM.attributes
                0x000005fd       0x2c c:/program files (x86)/cypress/psoc creator/4.1/psoc creator/import/gnu/arm/5.4.1/bin/../lib/gcc/arm-none-eabi/5.4.1/../../../../arm-none-eabi/lib/armv6-m\libg_nano.a(lib_a-memset.o)
 .ARM.attributes
                0x00000629       0x2c c:/program files (x86)/cypress/psoc creator/4.1/psoc creator/import/gnu/arm/5.4.1/bin/../lib/gcc/arm-none-eabi/5.4.1/../../../../arm-none-eabi/lib/armv6-m\libg_nano.a(lib_a-sprintf.o)
 .ARM.attributes
                0x00000655       0x2c c:/program files (x86)/cypress/psoc creator/4.1/psoc creator/import/gnu/arm/5.4.1/bin/../lib/gcc/arm-none-eabi/5.4.1/../../../../arm-none-eabi/lib/armv6-m\libg_nano.a(lib_a-nano-svfprintf.o)
 .ARM.attributes
                0x00000681       0x2c c:/program files (x86)/cypress/psoc creator/4.1/psoc creator/import/gnu/arm/5.4.1/bin/../lib/gcc/arm-none-eabi/5.4.1/../../../../arm-none-eabi/lib/armv6-m\libg_nano.a(lib_a-nano-vfprintf_i.o)
 .ARM.attributes
                0x000006ad       0x2c c:/program files (x86)/cypress/psoc creator/4.1/psoc creator/import/gnu/arm/5.4.1/bin/../lib/gcc/arm-none-eabi/5.4.1/../../../../arm-none-eabi/lib/armv6-m\libg_nano.a(lib_a-memchr-stub.o)
 .ARM.attributes
                0x000006d9       0x2c c:/program files (x86)/cypress/psoc creator/4.1/psoc creator/import/gnu/arm/5.4.1/bin/../lib/gcc/arm-none-eabi/5.4.1/../../../../arm-none-eabi/lib/armv6-m\libg_nano.a(lib_a-memmove.o)
 .ARM.attributes
                0x00000705       0x2c c:/program files (x86)/cypress/psoc creator/4.1/psoc creator/import/gnu/arm/5.4.1/bin/../lib/gcc/arm-none-eabi/5.4.1/../../../../arm-none-eabi/lib/armv6-m\libg_nano.a(lib_a-nano-freer.o)
 .ARM.attributes
                0x00000731       0x2c c:/program files (x86)/cypress/psoc creator/4.1/psoc creator/import/gnu/arm/5.4.1/bin/../lib/gcc/arm-none-eabi/5.4.1/../../../../arm-none-eabi/lib/armv6-m\libg_nano.a(lib_a-nano-mallocr.o)
 .ARM.attributes
                0x0000075d       0x2c c:/program files (x86)/cypress/psoc creator/4.1/psoc creator/import/gnu/arm/5.4.1/bin/../lib/gcc/arm-none-eabi/5.4.1/../../../../arm-none-eabi/lib/armv6-m\libg_nano.a(lib_a-nano-reallocr.o)
 .ARM.attributes
                0x00000789       0x2c c:/program files (x86)/cypress/psoc creator/4.1/psoc creator/import/gnu/arm/5.4.1/bin/../lib/gcc/arm-none-eabi/5.4.1/../../../../arm-none-eabi/lib/armv6-m\libg_nano.a(lib_a-sbrkr.o)
 .ARM.attributes
                0x000007b5       0x2c c:/program files (x86)/cypress/psoc creator/4.1/psoc creator/import/gnu/arm/5.4.1/bin/../lib/gcc/arm-none-eabi/5.4.1/../../../../arm-none-eabi/lib/armv6-m\libg_nano.a(lib_a-mlock.o)
 .ARM.attributes
                0x000007e1       0x2c c:/program files (x86)/cypress/psoc creator/4.1/psoc creator/import/gnu/arm/5.4.1/bin/../lib/gcc/arm-none-eabi/5.4.1/../../../../arm-none-eabi/lib/armv6-m\libg_nano.a(lib_a-nano-msizer.o)
 .ARM.attributes
                0x0000080d       0x2c c:/program files (x86)/cypress/psoc creator/4.1/psoc creator/import/gnu/arm/5.4.1/bin/../lib/gcc/arm-none-eabi/5.4.1/../../../../arm-none-eabi/lib/armv6-m\libg_nano.a(lib_a-reent.o)
 .ARM.attributes
                0x00000839       0x2c c:/program files (x86)/cypress/psoc creator/4.1/psoc creator/import/gnu/arm/5.4.1/bin/../lib/gcc/arm-none-eabi/5.4.1/armv6-m/crtend.o
 .ARM.attributes
                0x00000865       0x1e c:/program files (x86)/cypress/psoc creator/4.1/psoc creator/import/gnu/arm/5.4.1/bin/../lib/gcc/arm-none-eabi/5.4.1/armv6-m/crtn.o

/DISCARD/
 *(.note.GNU-stack)
OUTPUT(C:\Users\JamesN4\Documents\PSoC Creator\HybridEncoderCY8CKIT43\firmware\HybridEncoder.cydsn\CortexM0\ARM_GCC_541\Debug\HybridEncoder.elf elf32-littlearm)
