ARM GAS  C:\Users\JamesN4\AppData\Local\Temp\ccOnSHeI.s 			page 1


   1              		.syntax unified
   2              		.cpu cortex-m0
   3              		.fpu softvfp
   4              		.eabi_attribute 20, 1
   5              		.eabi_attribute 21, 1
   6              		.eabi_attribute 23, 3
   7              		.eabi_attribute 24, 1
   8              		.eabi_attribute 25, 1
   9              		.eabi_attribute 26, 1
  10              		.eabi_attribute 30, 1
  11              		.eabi_attribute 34, 0
  12              		.eabi_attribute 18, 4
  13              		.thumb
  14              		.syntax unified
  15              		.file	"PWM_0_Int.c"
  16              		.text
  17              	.Ltext0:
  18              		.cfi_sections	.debug_frame
  19              		.section	.text.PWM_0_Int_Interrupt,"ax",%progbits
  20              		.align	2
  21              		.global	PWM_0_Int_Interrupt
  22              		.code	16
  23              		.thumb_func
  24              		.type	PWM_0_Int_Interrupt, %function
  25              	PWM_0_Int_Interrupt:
  26              	.LFB4:
  27              		.file 1 "Generated_Source\\PSoC4\\PWM_0_Int.c"
   1:Generated_Source\PSoC4/PWM_0_Int.c **** /*******************************************************************************
   2:Generated_Source\PSoC4/PWM_0_Int.c **** * File Name: PWM_0_Int.c  
   3:Generated_Source\PSoC4/PWM_0_Int.c **** * Version 1.70
   4:Generated_Source\PSoC4/PWM_0_Int.c **** *
   5:Generated_Source\PSoC4/PWM_0_Int.c **** *  Description:
   6:Generated_Source\PSoC4/PWM_0_Int.c **** *   API for controlling the state of an interrupt.
   7:Generated_Source\PSoC4/PWM_0_Int.c **** *
   8:Generated_Source\PSoC4/PWM_0_Int.c **** *
   9:Generated_Source\PSoC4/PWM_0_Int.c **** *  Note:
  10:Generated_Source\PSoC4/PWM_0_Int.c **** *
  11:Generated_Source\PSoC4/PWM_0_Int.c **** ********************************************************************************
  12:Generated_Source\PSoC4/PWM_0_Int.c **** * Copyright 2008-2015, Cypress Semiconductor Corporation.  All rights reserved.
  13:Generated_Source\PSoC4/PWM_0_Int.c **** * You may use this file only in accordance with the license, terms, conditions, 
  14:Generated_Source\PSoC4/PWM_0_Int.c **** * disclaimers, and limitations in the end user license agreement accompanying 
  15:Generated_Source\PSoC4/PWM_0_Int.c **** * the software package with which this file was provided.
  16:Generated_Source\PSoC4/PWM_0_Int.c **** *******************************************************************************/
  17:Generated_Source\PSoC4/PWM_0_Int.c **** 
  18:Generated_Source\PSoC4/PWM_0_Int.c **** 
  19:Generated_Source\PSoC4/PWM_0_Int.c **** #include <cydevice_trm.h>
  20:Generated_Source\PSoC4/PWM_0_Int.c **** #include <CyLib.h>
  21:Generated_Source\PSoC4/PWM_0_Int.c **** #include <PWM_0_Int.h>
  22:Generated_Source\PSoC4/PWM_0_Int.c **** #include "cyapicallbacks.h"
  23:Generated_Source\PSoC4/PWM_0_Int.c **** 
  24:Generated_Source\PSoC4/PWM_0_Int.c **** #if !defined(PWM_0_Int__REMOVED) /* Check for removal by optimization */
  25:Generated_Source\PSoC4/PWM_0_Int.c **** 
  26:Generated_Source\PSoC4/PWM_0_Int.c **** /*******************************************************************************
  27:Generated_Source\PSoC4/PWM_0_Int.c **** *  Place your includes, defines and code here 
  28:Generated_Source\PSoC4/PWM_0_Int.c **** ********************************************************************************/
  29:Generated_Source\PSoC4/PWM_0_Int.c **** /* `#START PWM_0_Int_intc` */
  30:Generated_Source\PSoC4/PWM_0_Int.c **** 
ARM GAS  C:\Users\JamesN4\AppData\Local\Temp\ccOnSHeI.s 			page 2


  31:Generated_Source\PSoC4/PWM_0_Int.c **** /* `#END` */
  32:Generated_Source\PSoC4/PWM_0_Int.c **** 
  33:Generated_Source\PSoC4/PWM_0_Int.c **** extern cyisraddress CyRamVectors[CYINT_IRQ_BASE + CY_NUM_INTERRUPTS];
  34:Generated_Source\PSoC4/PWM_0_Int.c **** 
  35:Generated_Source\PSoC4/PWM_0_Int.c **** /* Declared in startup, used to set unused interrupts to. */
  36:Generated_Source\PSoC4/PWM_0_Int.c **** CY_ISR_PROTO(IntDefaultHandler);
  37:Generated_Source\PSoC4/PWM_0_Int.c **** 
  38:Generated_Source\PSoC4/PWM_0_Int.c **** 
  39:Generated_Source\PSoC4/PWM_0_Int.c **** /*******************************************************************************
  40:Generated_Source\PSoC4/PWM_0_Int.c **** * Function Name: PWM_0_Int_Start
  41:Generated_Source\PSoC4/PWM_0_Int.c **** ********************************************************************************
  42:Generated_Source\PSoC4/PWM_0_Int.c **** *
  43:Generated_Source\PSoC4/PWM_0_Int.c **** * Summary:
  44:Generated_Source\PSoC4/PWM_0_Int.c **** *  Set up the interrupt and enable it. This function disables the interrupt, 
  45:Generated_Source\PSoC4/PWM_0_Int.c **** *  sets the default interrupt vector, sets the priority from the value in the
  46:Generated_Source\PSoC4/PWM_0_Int.c **** *  Design Wide Resources Interrupt Editor, then enables the interrupt to the 
  47:Generated_Source\PSoC4/PWM_0_Int.c **** *  interrupt controller.
  48:Generated_Source\PSoC4/PWM_0_Int.c **** *
  49:Generated_Source\PSoC4/PWM_0_Int.c **** * Parameters:  
  50:Generated_Source\PSoC4/PWM_0_Int.c **** *   None
  51:Generated_Source\PSoC4/PWM_0_Int.c **** *
  52:Generated_Source\PSoC4/PWM_0_Int.c **** * Return:
  53:Generated_Source\PSoC4/PWM_0_Int.c **** *   None
  54:Generated_Source\PSoC4/PWM_0_Int.c **** *
  55:Generated_Source\PSoC4/PWM_0_Int.c **** *******************************************************************************/
  56:Generated_Source\PSoC4/PWM_0_Int.c **** void PWM_0_Int_Start(void)
  57:Generated_Source\PSoC4/PWM_0_Int.c **** {
  58:Generated_Source\PSoC4/PWM_0_Int.c ****     /* For all we know the interrupt is active. */
  59:Generated_Source\PSoC4/PWM_0_Int.c ****     PWM_0_Int_Disable();
  60:Generated_Source\PSoC4/PWM_0_Int.c **** 
  61:Generated_Source\PSoC4/PWM_0_Int.c ****     /* Set the ISR to point to the PWM_0_Int Interrupt. */
  62:Generated_Source\PSoC4/PWM_0_Int.c ****     PWM_0_Int_SetVector(&PWM_0_Int_Interrupt);
  63:Generated_Source\PSoC4/PWM_0_Int.c **** 
  64:Generated_Source\PSoC4/PWM_0_Int.c ****     /* Set the priority. */
  65:Generated_Source\PSoC4/PWM_0_Int.c ****     PWM_0_Int_SetPriority((uint8)PWM_0_Int_INTC_PRIOR_NUMBER);
  66:Generated_Source\PSoC4/PWM_0_Int.c **** 
  67:Generated_Source\PSoC4/PWM_0_Int.c ****     /* Enable it. */
  68:Generated_Source\PSoC4/PWM_0_Int.c ****     PWM_0_Int_Enable();
  69:Generated_Source\PSoC4/PWM_0_Int.c **** }
  70:Generated_Source\PSoC4/PWM_0_Int.c **** 
  71:Generated_Source\PSoC4/PWM_0_Int.c **** 
  72:Generated_Source\PSoC4/PWM_0_Int.c **** /*******************************************************************************
  73:Generated_Source\PSoC4/PWM_0_Int.c **** * Function Name: PWM_0_Int_StartEx
  74:Generated_Source\PSoC4/PWM_0_Int.c **** ********************************************************************************
  75:Generated_Source\PSoC4/PWM_0_Int.c **** *
  76:Generated_Source\PSoC4/PWM_0_Int.c **** * Summary:
  77:Generated_Source\PSoC4/PWM_0_Int.c **** *  Sets up the interrupt and enables it. This function disables the interrupt,
  78:Generated_Source\PSoC4/PWM_0_Int.c **** *  sets the interrupt vector based on the address passed in, sets the priority 
  79:Generated_Source\PSoC4/PWM_0_Int.c **** *  from the value in the Design Wide Resources Interrupt Editor, then enables 
  80:Generated_Source\PSoC4/PWM_0_Int.c **** *  the interrupt to the interrupt controller.
  81:Generated_Source\PSoC4/PWM_0_Int.c **** *  
  82:Generated_Source\PSoC4/PWM_0_Int.c **** *  When defining ISR functions, the CY_ISR and CY_ISR_PROTO macros should be 
  83:Generated_Source\PSoC4/PWM_0_Int.c **** *  used to provide consistent definition across compilers:
  84:Generated_Source\PSoC4/PWM_0_Int.c **** *  
  85:Generated_Source\PSoC4/PWM_0_Int.c **** *  Function definition example:
  86:Generated_Source\PSoC4/PWM_0_Int.c **** *   CY_ISR(MyISR)
  87:Generated_Source\PSoC4/PWM_0_Int.c **** *   {
ARM GAS  C:\Users\JamesN4\AppData\Local\Temp\ccOnSHeI.s 			page 3


  88:Generated_Source\PSoC4/PWM_0_Int.c **** *   }
  89:Generated_Source\PSoC4/PWM_0_Int.c **** *   Function prototype example:
  90:Generated_Source\PSoC4/PWM_0_Int.c **** *   CY_ISR_PROTO(MyISR);
  91:Generated_Source\PSoC4/PWM_0_Int.c **** *
  92:Generated_Source\PSoC4/PWM_0_Int.c **** * Parameters:  
  93:Generated_Source\PSoC4/PWM_0_Int.c **** *   address: Address of the ISR to set in the interrupt vector table.
  94:Generated_Source\PSoC4/PWM_0_Int.c **** *
  95:Generated_Source\PSoC4/PWM_0_Int.c **** * Return:
  96:Generated_Source\PSoC4/PWM_0_Int.c **** *   None
  97:Generated_Source\PSoC4/PWM_0_Int.c **** *
  98:Generated_Source\PSoC4/PWM_0_Int.c **** *******************************************************************************/
  99:Generated_Source\PSoC4/PWM_0_Int.c **** void PWM_0_Int_StartEx(cyisraddress address)
 100:Generated_Source\PSoC4/PWM_0_Int.c **** {
 101:Generated_Source\PSoC4/PWM_0_Int.c ****     /* For all we know the interrupt is active. */
 102:Generated_Source\PSoC4/PWM_0_Int.c ****     PWM_0_Int_Disable();
 103:Generated_Source\PSoC4/PWM_0_Int.c **** 
 104:Generated_Source\PSoC4/PWM_0_Int.c ****     /* Set the ISR to point to the PWM_0_Int Interrupt. */
 105:Generated_Source\PSoC4/PWM_0_Int.c ****     PWM_0_Int_SetVector(address);
 106:Generated_Source\PSoC4/PWM_0_Int.c **** 
 107:Generated_Source\PSoC4/PWM_0_Int.c ****     /* Set the priority. */
 108:Generated_Source\PSoC4/PWM_0_Int.c ****     PWM_0_Int_SetPriority((uint8)PWM_0_Int_INTC_PRIOR_NUMBER);
 109:Generated_Source\PSoC4/PWM_0_Int.c **** 
 110:Generated_Source\PSoC4/PWM_0_Int.c ****     /* Enable it. */
 111:Generated_Source\PSoC4/PWM_0_Int.c ****     PWM_0_Int_Enable();
 112:Generated_Source\PSoC4/PWM_0_Int.c **** }
 113:Generated_Source\PSoC4/PWM_0_Int.c **** 
 114:Generated_Source\PSoC4/PWM_0_Int.c **** 
 115:Generated_Source\PSoC4/PWM_0_Int.c **** /*******************************************************************************
 116:Generated_Source\PSoC4/PWM_0_Int.c **** * Function Name: PWM_0_Int_Stop
 117:Generated_Source\PSoC4/PWM_0_Int.c **** ********************************************************************************
 118:Generated_Source\PSoC4/PWM_0_Int.c **** *
 119:Generated_Source\PSoC4/PWM_0_Int.c **** * Summary:
 120:Generated_Source\PSoC4/PWM_0_Int.c **** *   Disables and removes the interrupt.
 121:Generated_Source\PSoC4/PWM_0_Int.c **** *
 122:Generated_Source\PSoC4/PWM_0_Int.c **** * Parameters:  
 123:Generated_Source\PSoC4/PWM_0_Int.c **** *   None
 124:Generated_Source\PSoC4/PWM_0_Int.c **** *
 125:Generated_Source\PSoC4/PWM_0_Int.c **** * Return:
 126:Generated_Source\PSoC4/PWM_0_Int.c **** *   None
 127:Generated_Source\PSoC4/PWM_0_Int.c **** *
 128:Generated_Source\PSoC4/PWM_0_Int.c **** *******************************************************************************/
 129:Generated_Source\PSoC4/PWM_0_Int.c **** void PWM_0_Int_Stop(void)
 130:Generated_Source\PSoC4/PWM_0_Int.c **** {
 131:Generated_Source\PSoC4/PWM_0_Int.c ****     /* Disable this interrupt. */
 132:Generated_Source\PSoC4/PWM_0_Int.c ****     PWM_0_Int_Disable();
 133:Generated_Source\PSoC4/PWM_0_Int.c **** 
 134:Generated_Source\PSoC4/PWM_0_Int.c ****     /* Set the ISR to point to the passive one. */
 135:Generated_Source\PSoC4/PWM_0_Int.c ****     PWM_0_Int_SetVector(&IntDefaultHandler);
 136:Generated_Source\PSoC4/PWM_0_Int.c **** }
 137:Generated_Source\PSoC4/PWM_0_Int.c **** 
 138:Generated_Source\PSoC4/PWM_0_Int.c **** 
 139:Generated_Source\PSoC4/PWM_0_Int.c **** /*******************************************************************************
 140:Generated_Source\PSoC4/PWM_0_Int.c **** * Function Name: PWM_0_Int_Interrupt
 141:Generated_Source\PSoC4/PWM_0_Int.c **** ********************************************************************************
 142:Generated_Source\PSoC4/PWM_0_Int.c **** *
 143:Generated_Source\PSoC4/PWM_0_Int.c **** * Summary:
 144:Generated_Source\PSoC4/PWM_0_Int.c **** *   The default Interrupt Service Routine for PWM_0_Int.
ARM GAS  C:\Users\JamesN4\AppData\Local\Temp\ccOnSHeI.s 			page 4


 145:Generated_Source\PSoC4/PWM_0_Int.c **** *
 146:Generated_Source\PSoC4/PWM_0_Int.c **** *   Add custom code between the START and END comments to keep the next version
 147:Generated_Source\PSoC4/PWM_0_Int.c **** *   of this file from over-writing your code.
 148:Generated_Source\PSoC4/PWM_0_Int.c **** *
 149:Generated_Source\PSoC4/PWM_0_Int.c **** *   Note You may use either the default ISR by using this API, or you may define
 150:Generated_Source\PSoC4/PWM_0_Int.c **** *   your own separate ISR through ISR_StartEx().
 151:Generated_Source\PSoC4/PWM_0_Int.c **** *
 152:Generated_Source\PSoC4/PWM_0_Int.c **** * Parameters:  
 153:Generated_Source\PSoC4/PWM_0_Int.c **** *   None
 154:Generated_Source\PSoC4/PWM_0_Int.c **** *
 155:Generated_Source\PSoC4/PWM_0_Int.c **** * Return:
 156:Generated_Source\PSoC4/PWM_0_Int.c **** *   None
 157:Generated_Source\PSoC4/PWM_0_Int.c **** *
 158:Generated_Source\PSoC4/PWM_0_Int.c **** *******************************************************************************/
 159:Generated_Source\PSoC4/PWM_0_Int.c **** CY_ISR(PWM_0_Int_Interrupt)
 160:Generated_Source\PSoC4/PWM_0_Int.c **** {
  28              		.loc 1 160 0
  29              		.cfi_startproc
  30              		@ args = 0, pretend = 0, frame = 0
  31              		@ frame_needed = 0, uses_anonymous_args = 0
  32              		@ link register save eliminated.
 161:Generated_Source\PSoC4/PWM_0_Int.c ****     #ifdef PWM_0_Int_INTERRUPT_INTERRUPT_CALLBACK
 162:Generated_Source\PSoC4/PWM_0_Int.c ****         PWM_0_Int_Interrupt_InterruptCallback();
 163:Generated_Source\PSoC4/PWM_0_Int.c ****     #endif /* PWM_0_Int_INTERRUPT_INTERRUPT_CALLBACK */ 
 164:Generated_Source\PSoC4/PWM_0_Int.c **** 
 165:Generated_Source\PSoC4/PWM_0_Int.c ****     /*  Place your Interrupt code here. */
 166:Generated_Source\PSoC4/PWM_0_Int.c ****     /* `#START PWM_0_Int_Interrupt` */
 167:Generated_Source\PSoC4/PWM_0_Int.c **** 
 168:Generated_Source\PSoC4/PWM_0_Int.c ****     /* `#END` */
 169:Generated_Source\PSoC4/PWM_0_Int.c **** }
  33              		.loc 1 169 0
  34              		@ sp needed
  35 0000 7047     		bx	lr
  36              		.cfi_endproc
  37              	.LFE4:
  38              		.size	PWM_0_Int_Interrupt, .-PWM_0_Int_Interrupt
  39 0002 C046     		.section	.text.PWM_0_Int_SetVector,"ax",%progbits
  40              		.align	2
  41              		.global	PWM_0_Int_SetVector
  42              		.code	16
  43              		.thumb_func
  44              		.type	PWM_0_Int_SetVector, %function
  45              	PWM_0_Int_SetVector:
  46              	.LFB5:
 170:Generated_Source\PSoC4/PWM_0_Int.c **** 
 171:Generated_Source\PSoC4/PWM_0_Int.c **** 
 172:Generated_Source\PSoC4/PWM_0_Int.c **** /*******************************************************************************
 173:Generated_Source\PSoC4/PWM_0_Int.c **** * Function Name: PWM_0_Int_SetVector
 174:Generated_Source\PSoC4/PWM_0_Int.c **** ********************************************************************************
 175:Generated_Source\PSoC4/PWM_0_Int.c **** *
 176:Generated_Source\PSoC4/PWM_0_Int.c **** * Summary:
 177:Generated_Source\PSoC4/PWM_0_Int.c **** *   Change the ISR vector for the Interrupt. Note calling PWM_0_Int_Start
 178:Generated_Source\PSoC4/PWM_0_Int.c **** *   will override any effect this method would have had. To set the vector 
 179:Generated_Source\PSoC4/PWM_0_Int.c **** *   before the component has been started use PWM_0_Int_StartEx instead.
 180:Generated_Source\PSoC4/PWM_0_Int.c **** * 
 181:Generated_Source\PSoC4/PWM_0_Int.c **** *   When defining ISR functions, the CY_ISR and CY_ISR_PROTO macros should be 
 182:Generated_Source\PSoC4/PWM_0_Int.c **** *   used to provide consistent definition across compilers:
ARM GAS  C:\Users\JamesN4\AppData\Local\Temp\ccOnSHeI.s 			page 5


 183:Generated_Source\PSoC4/PWM_0_Int.c **** *
 184:Generated_Source\PSoC4/PWM_0_Int.c **** *   Function definition example:
 185:Generated_Source\PSoC4/PWM_0_Int.c **** *   CY_ISR(MyISR)
 186:Generated_Source\PSoC4/PWM_0_Int.c **** *   {
 187:Generated_Source\PSoC4/PWM_0_Int.c **** *   }
 188:Generated_Source\PSoC4/PWM_0_Int.c **** *
 189:Generated_Source\PSoC4/PWM_0_Int.c **** *   Function prototype example:
 190:Generated_Source\PSoC4/PWM_0_Int.c **** *     CY_ISR_PROTO(MyISR);
 191:Generated_Source\PSoC4/PWM_0_Int.c **** *
 192:Generated_Source\PSoC4/PWM_0_Int.c **** * Parameters:
 193:Generated_Source\PSoC4/PWM_0_Int.c **** *   address: Address of the ISR to set in the interrupt vector table.
 194:Generated_Source\PSoC4/PWM_0_Int.c **** *
 195:Generated_Source\PSoC4/PWM_0_Int.c **** * Return:
 196:Generated_Source\PSoC4/PWM_0_Int.c **** *   None
 197:Generated_Source\PSoC4/PWM_0_Int.c **** *
 198:Generated_Source\PSoC4/PWM_0_Int.c **** *******************************************************************************/
 199:Generated_Source\PSoC4/PWM_0_Int.c **** void PWM_0_Int_SetVector(cyisraddress address)
 200:Generated_Source\PSoC4/PWM_0_Int.c **** {
  47              		.loc 1 200 0
  48              		.cfi_startproc
  49              		@ args = 0, pretend = 0, frame = 0
  50              		@ frame_needed = 0, uses_anonymous_args = 0
  51              		@ link register save eliminated.
  52              	.LVL0:
 201:Generated_Source\PSoC4/PWM_0_Int.c ****     CyRamVectors[CYINT_IRQ_BASE + PWM_0_Int__INTC_NUMBER] = address;
  53              		.loc 1 201 0
  54 0000 8C23     		movs	r3, #140
  55 0002 014A     		ldr	r2, .L3
  56 0004 D050     		str	r0, [r2, r3]
 202:Generated_Source\PSoC4/PWM_0_Int.c **** }
  57              		.loc 1 202 0
  58              		@ sp needed
  59 0006 7047     		bx	lr
  60              	.L4:
  61              		.align	2
  62              	.L3:
  63 0008 00000000 		.word	CyRamVectors
  64              		.cfi_endproc
  65              	.LFE5:
  66              		.size	PWM_0_Int_SetVector, .-PWM_0_Int_SetVector
  67              		.section	.text.PWM_0_Int_GetVector,"ax",%progbits
  68              		.align	2
  69              		.global	PWM_0_Int_GetVector
  70              		.code	16
  71              		.thumb_func
  72              		.type	PWM_0_Int_GetVector, %function
  73              	PWM_0_Int_GetVector:
  74              	.LFB6:
 203:Generated_Source\PSoC4/PWM_0_Int.c **** 
 204:Generated_Source\PSoC4/PWM_0_Int.c **** 
 205:Generated_Source\PSoC4/PWM_0_Int.c **** /*******************************************************************************
 206:Generated_Source\PSoC4/PWM_0_Int.c **** * Function Name: PWM_0_Int_GetVector
 207:Generated_Source\PSoC4/PWM_0_Int.c **** ********************************************************************************
 208:Generated_Source\PSoC4/PWM_0_Int.c **** *
 209:Generated_Source\PSoC4/PWM_0_Int.c **** * Summary:
 210:Generated_Source\PSoC4/PWM_0_Int.c **** *   Gets the "address" of the current ISR vector for the Interrupt.
 211:Generated_Source\PSoC4/PWM_0_Int.c **** *
ARM GAS  C:\Users\JamesN4\AppData\Local\Temp\ccOnSHeI.s 			page 6


 212:Generated_Source\PSoC4/PWM_0_Int.c **** * Parameters:
 213:Generated_Source\PSoC4/PWM_0_Int.c **** *   None
 214:Generated_Source\PSoC4/PWM_0_Int.c **** *
 215:Generated_Source\PSoC4/PWM_0_Int.c **** * Return:
 216:Generated_Source\PSoC4/PWM_0_Int.c **** *   Address of the ISR in the interrupt vector table.
 217:Generated_Source\PSoC4/PWM_0_Int.c **** *
 218:Generated_Source\PSoC4/PWM_0_Int.c **** *******************************************************************************/
 219:Generated_Source\PSoC4/PWM_0_Int.c **** cyisraddress PWM_0_Int_GetVector(void)
 220:Generated_Source\PSoC4/PWM_0_Int.c **** {
  75              		.loc 1 220 0
  76              		.cfi_startproc
  77              		@ args = 0, pretend = 0, frame = 0
  78              		@ frame_needed = 0, uses_anonymous_args = 0
  79              		@ link register save eliminated.
 221:Generated_Source\PSoC4/PWM_0_Int.c ****     return CyRamVectors[CYINT_IRQ_BASE + PWM_0_Int__INTC_NUMBER];
  80              		.loc 1 221 0
  81 0000 8C23     		movs	r3, #140
  82 0002 014A     		ldr	r2, .L6
  83 0004 D058     		ldr	r0, [r2, r3]
 222:Generated_Source\PSoC4/PWM_0_Int.c **** }
  84              		.loc 1 222 0
  85              		@ sp needed
  86 0006 7047     		bx	lr
  87              	.L7:
  88              		.align	2
  89              	.L6:
  90 0008 00000000 		.word	CyRamVectors
  91              		.cfi_endproc
  92              	.LFE6:
  93              		.size	PWM_0_Int_GetVector, .-PWM_0_Int_GetVector
  94              		.section	.text.PWM_0_Int_SetPriority,"ax",%progbits
  95              		.align	2
  96              		.global	PWM_0_Int_SetPriority
  97              		.code	16
  98              		.thumb_func
  99              		.type	PWM_0_Int_SetPriority, %function
 100              	PWM_0_Int_SetPriority:
 101              	.LFB7:
 223:Generated_Source\PSoC4/PWM_0_Int.c **** 
 224:Generated_Source\PSoC4/PWM_0_Int.c **** 
 225:Generated_Source\PSoC4/PWM_0_Int.c **** /*******************************************************************************
 226:Generated_Source\PSoC4/PWM_0_Int.c **** * Function Name: PWM_0_Int_SetPriority
 227:Generated_Source\PSoC4/PWM_0_Int.c **** ********************************************************************************
 228:Generated_Source\PSoC4/PWM_0_Int.c **** *
 229:Generated_Source\PSoC4/PWM_0_Int.c **** * Summary:
 230:Generated_Source\PSoC4/PWM_0_Int.c **** *   Sets the Priority of the Interrupt. 
 231:Generated_Source\PSoC4/PWM_0_Int.c **** *
 232:Generated_Source\PSoC4/PWM_0_Int.c **** *   Note calling PWM_0_Int_Start or PWM_0_Int_StartEx will 
 233:Generated_Source\PSoC4/PWM_0_Int.c **** *   override any effect this API would have had. This API should only be called
 234:Generated_Source\PSoC4/PWM_0_Int.c **** *   after PWM_0_Int_Start or PWM_0_Int_StartEx has been called. 
 235:Generated_Source\PSoC4/PWM_0_Int.c **** *   To set the initial priority for the component, use the Design-Wide Resources
 236:Generated_Source\PSoC4/PWM_0_Int.c **** *   Interrupt Editor.
 237:Generated_Source\PSoC4/PWM_0_Int.c **** *
 238:Generated_Source\PSoC4/PWM_0_Int.c **** *   Note This API has no effect on Non-maskable interrupt NMI).
 239:Generated_Source\PSoC4/PWM_0_Int.c **** *
 240:Generated_Source\PSoC4/PWM_0_Int.c **** * Parameters:
 241:Generated_Source\PSoC4/PWM_0_Int.c **** *   priority: Priority of the interrupt, 0 being the highest priority
ARM GAS  C:\Users\JamesN4\AppData\Local\Temp\ccOnSHeI.s 			page 7


 242:Generated_Source\PSoC4/PWM_0_Int.c **** *             PSoC 3 and PSoC 5LP: Priority is from 0 to 7.
 243:Generated_Source\PSoC4/PWM_0_Int.c **** *             PSoC 4: Priority is from 0 to 3.
 244:Generated_Source\PSoC4/PWM_0_Int.c **** *
 245:Generated_Source\PSoC4/PWM_0_Int.c **** * Return:
 246:Generated_Source\PSoC4/PWM_0_Int.c **** *   None
 247:Generated_Source\PSoC4/PWM_0_Int.c **** *
 248:Generated_Source\PSoC4/PWM_0_Int.c **** *******************************************************************************/
 249:Generated_Source\PSoC4/PWM_0_Int.c **** void PWM_0_Int_SetPriority(uint8 priority)
 250:Generated_Source\PSoC4/PWM_0_Int.c **** {
 102              		.loc 1 250 0
 103              		.cfi_startproc
 104              		@ args = 0, pretend = 0, frame = 0
 105              		@ frame_needed = 0, uses_anonymous_args = 0
 106              	.LVL1:
 107 0000 10B5     		push	{r4, lr}
 108              		.cfi_def_cfa_offset 8
 109              		.cfi_offset 4, -8
 110              		.cfi_offset 14, -4
 111 0002 0400     		movs	r4, r0
 112              	.LVL2:
 251:Generated_Source\PSoC4/PWM_0_Int.c **** 	uint8 interruptState;
 252:Generated_Source\PSoC4/PWM_0_Int.c ****     uint32 priorityOffset = ((PWM_0_Int__INTC_NUMBER % 4u) * 8u) + 6u;
 253:Generated_Source\PSoC4/PWM_0_Int.c ****     
 254:Generated_Source\PSoC4/PWM_0_Int.c **** 	interruptState = CyEnterCriticalSection();
 113              		.loc 1 254 0
 114 0004 FFF7FEFF 		bl	CyEnterCriticalSection
 115              	.LVL3:
 255:Generated_Source\PSoC4/PWM_0_Int.c ****     *PWM_0_Int_INTC_PRIOR = (*PWM_0_Int_INTC_PRIOR & (uint32)(~PWM_0_Int__INTC_PRIOR_MASK)) |
 116              		.loc 1 255 0
 117 0008 044A     		ldr	r2, .L9
 118 000a 1368     		ldr	r3, [r2]
 119 000c 9B00     		lsls	r3, r3, #2
 120 000e 9B08     		lsrs	r3, r3, #2
 256:Generated_Source\PSoC4/PWM_0_Int.c ****                                     ((uint32)priority << priorityOffset);
 121              		.loc 1 256 0
 122 0010 A407     		lsls	r4, r4, #30
 255:Generated_Source\PSoC4/PWM_0_Int.c ****     *PWM_0_Int_INTC_PRIOR = (*PWM_0_Int_INTC_PRIOR & (uint32)(~PWM_0_Int__INTC_PRIOR_MASK)) |
 123              		.loc 1 255 0
 124 0012 1C43     		orrs	r4, r3
 125 0014 1460     		str	r4, [r2]
 257:Generated_Source\PSoC4/PWM_0_Int.c **** 	CyExitCriticalSection(interruptState);
 126              		.loc 1 257 0
 127 0016 FFF7FEFF 		bl	CyExitCriticalSection
 128              	.LVL4:
 258:Generated_Source\PSoC4/PWM_0_Int.c **** }
 129              		.loc 1 258 0
 130              		@ sp needed
 131 001a 10BD     		pop	{r4, pc}
 132              	.L10:
 133              		.align	2
 134              	.L9:
 135 001c 10E400E0 		.word	-536812528
 136              		.cfi_endproc
 137              	.LFE7:
 138              		.size	PWM_0_Int_SetPriority, .-PWM_0_Int_SetPriority
 139              		.section	.text.PWM_0_Int_GetPriority,"ax",%progbits
 140              		.align	2
ARM GAS  C:\Users\JamesN4\AppData\Local\Temp\ccOnSHeI.s 			page 8


 141              		.global	PWM_0_Int_GetPriority
 142              		.code	16
 143              		.thumb_func
 144              		.type	PWM_0_Int_GetPriority, %function
 145              	PWM_0_Int_GetPriority:
 146              	.LFB8:
 259:Generated_Source\PSoC4/PWM_0_Int.c **** 
 260:Generated_Source\PSoC4/PWM_0_Int.c **** 
 261:Generated_Source\PSoC4/PWM_0_Int.c **** /*******************************************************************************
 262:Generated_Source\PSoC4/PWM_0_Int.c **** * Function Name: PWM_0_Int_GetPriority
 263:Generated_Source\PSoC4/PWM_0_Int.c **** ********************************************************************************
 264:Generated_Source\PSoC4/PWM_0_Int.c **** *
 265:Generated_Source\PSoC4/PWM_0_Int.c **** * Summary:
 266:Generated_Source\PSoC4/PWM_0_Int.c **** *   Gets the Priority of the Interrupt.
 267:Generated_Source\PSoC4/PWM_0_Int.c **** *
 268:Generated_Source\PSoC4/PWM_0_Int.c **** * Parameters:
 269:Generated_Source\PSoC4/PWM_0_Int.c **** *   None
 270:Generated_Source\PSoC4/PWM_0_Int.c **** *
 271:Generated_Source\PSoC4/PWM_0_Int.c **** * Return:
 272:Generated_Source\PSoC4/PWM_0_Int.c **** *   Priority of the interrupt, 0 being the highest priority
 273:Generated_Source\PSoC4/PWM_0_Int.c **** *    PSoC 3 and PSoC 5LP: Priority is from 0 to 7.
 274:Generated_Source\PSoC4/PWM_0_Int.c **** *    PSoC 4: Priority is from 0 to 3.
 275:Generated_Source\PSoC4/PWM_0_Int.c **** *
 276:Generated_Source\PSoC4/PWM_0_Int.c **** *******************************************************************************/
 277:Generated_Source\PSoC4/PWM_0_Int.c **** uint8 PWM_0_Int_GetPriority(void)
 278:Generated_Source\PSoC4/PWM_0_Int.c **** {
 147              		.loc 1 278 0
 148              		.cfi_startproc
 149              		@ args = 0, pretend = 0, frame = 0
 150              		@ frame_needed = 0, uses_anonymous_args = 0
 151              		@ link register save eliminated.
 152              	.LVL5:
 279:Generated_Source\PSoC4/PWM_0_Int.c ****     uint32 priority;
 280:Generated_Source\PSoC4/PWM_0_Int.c **** 	uint32 priorityOffset = ((PWM_0_Int__INTC_NUMBER % 4u) * 8u) + 6u;
 281:Generated_Source\PSoC4/PWM_0_Int.c **** 
 282:Generated_Source\PSoC4/PWM_0_Int.c ****     priority = (*PWM_0_Int_INTC_PRIOR & PWM_0_Int__INTC_PRIOR_MASK) >> priorityOffset;
 153              		.loc 1 282 0
 154 0000 014B     		ldr	r3, .L12
 155 0002 1868     		ldr	r0, [r3]
 156              	.LVL6:
 283:Generated_Source\PSoC4/PWM_0_Int.c **** 
 284:Generated_Source\PSoC4/PWM_0_Int.c ****     return (uint8)priority;
 157              		.loc 1 284 0
 158 0004 800F     		lsrs	r0, r0, #30
 159              	.LVL7:
 285:Generated_Source\PSoC4/PWM_0_Int.c **** }
 160              		.loc 1 285 0
 161              		@ sp needed
 162 0006 7047     		bx	lr
 163              	.L13:
 164              		.align	2
 165              	.L12:
 166 0008 10E400E0 		.word	-536812528
 167              		.cfi_endproc
 168              	.LFE8:
 169              		.size	PWM_0_Int_GetPriority, .-PWM_0_Int_GetPriority
 170              		.section	.text.PWM_0_Int_Enable,"ax",%progbits
ARM GAS  C:\Users\JamesN4\AppData\Local\Temp\ccOnSHeI.s 			page 9


 171              		.align	2
 172              		.global	PWM_0_Int_Enable
 173              		.code	16
 174              		.thumb_func
 175              		.type	PWM_0_Int_Enable, %function
 176              	PWM_0_Int_Enable:
 177              	.LFB9:
 286:Generated_Source\PSoC4/PWM_0_Int.c **** 
 287:Generated_Source\PSoC4/PWM_0_Int.c **** 
 288:Generated_Source\PSoC4/PWM_0_Int.c **** /*******************************************************************************
 289:Generated_Source\PSoC4/PWM_0_Int.c **** * Function Name: PWM_0_Int_Enable
 290:Generated_Source\PSoC4/PWM_0_Int.c **** ********************************************************************************
 291:Generated_Source\PSoC4/PWM_0_Int.c **** *
 292:Generated_Source\PSoC4/PWM_0_Int.c **** * Summary:
 293:Generated_Source\PSoC4/PWM_0_Int.c **** *   Enables the interrupt to the interrupt controller. Do not call this function
 294:Generated_Source\PSoC4/PWM_0_Int.c **** *   unless ISR_Start() has been called or the functionality of the ISR_Start() 
 295:Generated_Source\PSoC4/PWM_0_Int.c **** *   function, which sets the vector and the priority, has been called.
 296:Generated_Source\PSoC4/PWM_0_Int.c **** *
 297:Generated_Source\PSoC4/PWM_0_Int.c **** * Parameters:
 298:Generated_Source\PSoC4/PWM_0_Int.c **** *   None
 299:Generated_Source\PSoC4/PWM_0_Int.c **** *
 300:Generated_Source\PSoC4/PWM_0_Int.c **** * Return:
 301:Generated_Source\PSoC4/PWM_0_Int.c **** *   None
 302:Generated_Source\PSoC4/PWM_0_Int.c **** *
 303:Generated_Source\PSoC4/PWM_0_Int.c **** *******************************************************************************/
 304:Generated_Source\PSoC4/PWM_0_Int.c **** void PWM_0_Int_Enable(void)
 305:Generated_Source\PSoC4/PWM_0_Int.c **** {
 178              		.loc 1 305 0
 179              		.cfi_startproc
 180              		@ args = 0, pretend = 0, frame = 0
 181              		@ frame_needed = 0, uses_anonymous_args = 0
 182              		@ link register save eliminated.
 306:Generated_Source\PSoC4/PWM_0_Int.c ****     /* Enable the general interrupt. */
 307:Generated_Source\PSoC4/PWM_0_Int.c ****     *PWM_0_Int_INTC_SET_EN = PWM_0_Int__INTC_MASK;
 183              		.loc 1 307 0
 184 0000 8022     		movs	r2, #128
 185 0002 1203     		lsls	r2, r2, #12
 186 0004 014B     		ldr	r3, .L15
 187 0006 1A60     		str	r2, [r3]
 308:Generated_Source\PSoC4/PWM_0_Int.c **** }
 188              		.loc 1 308 0
 189              		@ sp needed
 190 0008 7047     		bx	lr
 191              	.L16:
 192 000a C046     		.align	2
 193              	.L15:
 194 000c 00E100E0 		.word	-536813312
 195              		.cfi_endproc
 196              	.LFE9:
 197              		.size	PWM_0_Int_Enable, .-PWM_0_Int_Enable
 198              		.section	.text.PWM_0_Int_GetState,"ax",%progbits
 199              		.align	2
 200              		.global	PWM_0_Int_GetState
 201              		.code	16
 202              		.thumb_func
 203              		.type	PWM_0_Int_GetState, %function
 204              	PWM_0_Int_GetState:
ARM GAS  C:\Users\JamesN4\AppData\Local\Temp\ccOnSHeI.s 			page 10


 205              	.LFB10:
 309:Generated_Source\PSoC4/PWM_0_Int.c **** 
 310:Generated_Source\PSoC4/PWM_0_Int.c **** 
 311:Generated_Source\PSoC4/PWM_0_Int.c **** /*******************************************************************************
 312:Generated_Source\PSoC4/PWM_0_Int.c **** * Function Name: PWM_0_Int_GetState
 313:Generated_Source\PSoC4/PWM_0_Int.c **** ********************************************************************************
 314:Generated_Source\PSoC4/PWM_0_Int.c **** *
 315:Generated_Source\PSoC4/PWM_0_Int.c **** * Summary:
 316:Generated_Source\PSoC4/PWM_0_Int.c **** *   Gets the state (enabled, disabled) of the Interrupt.
 317:Generated_Source\PSoC4/PWM_0_Int.c **** *
 318:Generated_Source\PSoC4/PWM_0_Int.c **** * Parameters:
 319:Generated_Source\PSoC4/PWM_0_Int.c **** *   None
 320:Generated_Source\PSoC4/PWM_0_Int.c **** *
 321:Generated_Source\PSoC4/PWM_0_Int.c **** * Return:
 322:Generated_Source\PSoC4/PWM_0_Int.c **** *   1 if enabled, 0 if disabled.
 323:Generated_Source\PSoC4/PWM_0_Int.c **** *
 324:Generated_Source\PSoC4/PWM_0_Int.c **** *******************************************************************************/
 325:Generated_Source\PSoC4/PWM_0_Int.c **** uint8 PWM_0_Int_GetState(void)
 326:Generated_Source\PSoC4/PWM_0_Int.c **** {
 206              		.loc 1 326 0
 207              		.cfi_startproc
 208              		@ args = 0, pretend = 0, frame = 0
 209              		@ frame_needed = 0, uses_anonymous_args = 0
 210              		@ link register save eliminated.
 327:Generated_Source\PSoC4/PWM_0_Int.c ****     /* Get the state of the general interrupt. */
 328:Generated_Source\PSoC4/PWM_0_Int.c ****     return ((*PWM_0_Int_INTC_SET_EN & (uint32)PWM_0_Int__INTC_MASK) != 0u) ? 1u:0u;
 211              		.loc 1 328 0
 212 0000 034B     		ldr	r3, .L20
 213 0002 1B68     		ldr	r3, [r3]
 214 0004 1B03     		lsls	r3, r3, #12
 215 0006 01D5     		bpl	.L19
 216 0008 0120     		movs	r0, #1
 217 000a 00E0     		b	.L18
 218              	.L19:
 219 000c 0020     		movs	r0, #0
 220              	.L18:
 329:Generated_Source\PSoC4/PWM_0_Int.c **** }
 221              		.loc 1 329 0 discriminator 4
 222              		@ sp needed
 223 000e 7047     		bx	lr
 224              	.L21:
 225              		.align	2
 226              	.L20:
 227 0010 00E100E0 		.word	-536813312
 228              		.cfi_endproc
 229              	.LFE10:
 230              		.size	PWM_0_Int_GetState, .-PWM_0_Int_GetState
 231              		.section	.text.PWM_0_Int_Disable,"ax",%progbits
 232              		.align	2
 233              		.global	PWM_0_Int_Disable
 234              		.code	16
 235              		.thumb_func
 236              		.type	PWM_0_Int_Disable, %function
 237              	PWM_0_Int_Disable:
 238              	.LFB11:
 330:Generated_Source\PSoC4/PWM_0_Int.c **** 
 331:Generated_Source\PSoC4/PWM_0_Int.c **** 
ARM GAS  C:\Users\JamesN4\AppData\Local\Temp\ccOnSHeI.s 			page 11


 332:Generated_Source\PSoC4/PWM_0_Int.c **** /*******************************************************************************
 333:Generated_Source\PSoC4/PWM_0_Int.c **** * Function Name: PWM_0_Int_Disable
 334:Generated_Source\PSoC4/PWM_0_Int.c **** ********************************************************************************
 335:Generated_Source\PSoC4/PWM_0_Int.c **** *
 336:Generated_Source\PSoC4/PWM_0_Int.c **** * Summary:
 337:Generated_Source\PSoC4/PWM_0_Int.c **** *   Disables the Interrupt in the interrupt controller.
 338:Generated_Source\PSoC4/PWM_0_Int.c **** *
 339:Generated_Source\PSoC4/PWM_0_Int.c **** * Parameters:
 340:Generated_Source\PSoC4/PWM_0_Int.c **** *   None
 341:Generated_Source\PSoC4/PWM_0_Int.c **** *
 342:Generated_Source\PSoC4/PWM_0_Int.c **** * Return:
 343:Generated_Source\PSoC4/PWM_0_Int.c **** *   None
 344:Generated_Source\PSoC4/PWM_0_Int.c **** *
 345:Generated_Source\PSoC4/PWM_0_Int.c **** *******************************************************************************/
 346:Generated_Source\PSoC4/PWM_0_Int.c **** void PWM_0_Int_Disable(void)
 347:Generated_Source\PSoC4/PWM_0_Int.c **** {
 239              		.loc 1 347 0
 240              		.cfi_startproc
 241              		@ args = 0, pretend = 0, frame = 0
 242              		@ frame_needed = 0, uses_anonymous_args = 0
 243              		@ link register save eliminated.
 348:Generated_Source\PSoC4/PWM_0_Int.c ****     /* Disable the general interrupt. */
 349:Generated_Source\PSoC4/PWM_0_Int.c ****     *PWM_0_Int_INTC_CLR_EN = PWM_0_Int__INTC_MASK;
 244              		.loc 1 349 0
 245 0000 8022     		movs	r2, #128
 246 0002 1203     		lsls	r2, r2, #12
 247 0004 014B     		ldr	r3, .L23
 248 0006 1A60     		str	r2, [r3]
 350:Generated_Source\PSoC4/PWM_0_Int.c **** }
 249              		.loc 1 350 0
 250              		@ sp needed
 251 0008 7047     		bx	lr
 252              	.L24:
 253 000a C046     		.align	2
 254              	.L23:
 255 000c 80E100E0 		.word	-536813184
 256              		.cfi_endproc
 257              	.LFE11:
 258              		.size	PWM_0_Int_Disable, .-PWM_0_Int_Disable
 259              		.section	.text.PWM_0_Int_Start,"ax",%progbits
 260              		.align	2
 261              		.global	PWM_0_Int_Start
 262              		.code	16
 263              		.thumb_func
 264              		.type	PWM_0_Int_Start, %function
 265              	PWM_0_Int_Start:
 266              	.LFB1:
  57:Generated_Source\PSoC4/PWM_0_Int.c ****     /* For all we know the interrupt is active. */
 267              		.loc 1 57 0
 268              		.cfi_startproc
 269              		@ args = 0, pretend = 0, frame = 0
 270              		@ frame_needed = 0, uses_anonymous_args = 0
 271 0000 10B5     		push	{r4, lr}
 272              		.cfi_def_cfa_offset 8
 273              		.cfi_offset 4, -8
 274              		.cfi_offset 14, -4
  59:Generated_Source\PSoC4/PWM_0_Int.c **** 
ARM GAS  C:\Users\JamesN4\AppData\Local\Temp\ccOnSHeI.s 			page 12


 275              		.loc 1 59 0
 276 0002 FFF7FEFF 		bl	PWM_0_Int_Disable
 277              	.LVL8:
  62:Generated_Source\PSoC4/PWM_0_Int.c **** 
 278              		.loc 1 62 0
 279 0006 0448     		ldr	r0, .L26
 280 0008 FFF7FEFF 		bl	PWM_0_Int_SetVector
 281              	.LVL9:
  65:Generated_Source\PSoC4/PWM_0_Int.c **** 
 282              		.loc 1 65 0
 283 000c 0320     		movs	r0, #3
 284 000e FFF7FEFF 		bl	PWM_0_Int_SetPriority
 285              	.LVL10:
  68:Generated_Source\PSoC4/PWM_0_Int.c **** }
 286              		.loc 1 68 0
 287 0012 FFF7FEFF 		bl	PWM_0_Int_Enable
 288              	.LVL11:
  69:Generated_Source\PSoC4/PWM_0_Int.c **** 
 289              		.loc 1 69 0
 290              		@ sp needed
 291 0016 10BD     		pop	{r4, pc}
 292              	.L27:
 293              		.align	2
 294              	.L26:
 295 0018 00000000 		.word	PWM_0_Int_Interrupt
 296              		.cfi_endproc
 297              	.LFE1:
 298              		.size	PWM_0_Int_Start, .-PWM_0_Int_Start
 299              		.section	.text.PWM_0_Int_StartEx,"ax",%progbits
 300              		.align	2
 301              		.global	PWM_0_Int_StartEx
 302              		.code	16
 303              		.thumb_func
 304              		.type	PWM_0_Int_StartEx, %function
 305              	PWM_0_Int_StartEx:
 306              	.LFB2:
 100:Generated_Source\PSoC4/PWM_0_Int.c ****     /* For all we know the interrupt is active. */
 307              		.loc 1 100 0
 308              		.cfi_startproc
 309              		@ args = 0, pretend = 0, frame = 0
 310              		@ frame_needed = 0, uses_anonymous_args = 0
 311              	.LVL12:
 312 0000 10B5     		push	{r4, lr}
 313              		.cfi_def_cfa_offset 8
 314              		.cfi_offset 4, -8
 315              		.cfi_offset 14, -4
 316 0002 0400     		movs	r4, r0
 102:Generated_Source\PSoC4/PWM_0_Int.c **** 
 317              		.loc 1 102 0
 318 0004 FFF7FEFF 		bl	PWM_0_Int_Disable
 319              	.LVL13:
 105:Generated_Source\PSoC4/PWM_0_Int.c **** 
 320              		.loc 1 105 0
 321 0008 2000     		movs	r0, r4
 322 000a FFF7FEFF 		bl	PWM_0_Int_SetVector
 323              	.LVL14:
 108:Generated_Source\PSoC4/PWM_0_Int.c **** 
ARM GAS  C:\Users\JamesN4\AppData\Local\Temp\ccOnSHeI.s 			page 13


 324              		.loc 1 108 0
 325 000e 0320     		movs	r0, #3
 326 0010 FFF7FEFF 		bl	PWM_0_Int_SetPriority
 327              	.LVL15:
 111:Generated_Source\PSoC4/PWM_0_Int.c **** }
 328              		.loc 1 111 0
 329 0014 FFF7FEFF 		bl	PWM_0_Int_Enable
 330              	.LVL16:
 112:Generated_Source\PSoC4/PWM_0_Int.c **** 
 331              		.loc 1 112 0
 332              		@ sp needed
 333              	.LVL17:
 334 0018 10BD     		pop	{r4, pc}
 335              		.cfi_endproc
 336              	.LFE2:
 337              		.size	PWM_0_Int_StartEx, .-PWM_0_Int_StartEx
 338 001a C046     		.section	.text.PWM_0_Int_Stop,"ax",%progbits
 339              		.align	2
 340              		.global	PWM_0_Int_Stop
 341              		.code	16
 342              		.thumb_func
 343              		.type	PWM_0_Int_Stop, %function
 344              	PWM_0_Int_Stop:
 345              	.LFB3:
 130:Generated_Source\PSoC4/PWM_0_Int.c ****     /* Disable this interrupt. */
 346              		.loc 1 130 0
 347              		.cfi_startproc
 348              		@ args = 0, pretend = 0, frame = 0
 349              		@ frame_needed = 0, uses_anonymous_args = 0
 350 0000 10B5     		push	{r4, lr}
 351              		.cfi_def_cfa_offset 8
 352              		.cfi_offset 4, -8
 353              		.cfi_offset 14, -4
 132:Generated_Source\PSoC4/PWM_0_Int.c **** 
 354              		.loc 1 132 0
 355 0002 FFF7FEFF 		bl	PWM_0_Int_Disable
 356              	.LVL18:
 135:Generated_Source\PSoC4/PWM_0_Int.c **** }
 357              		.loc 1 135 0
 358 0006 0248     		ldr	r0, .L30
 359 0008 FFF7FEFF 		bl	PWM_0_Int_SetVector
 360              	.LVL19:
 136:Generated_Source\PSoC4/PWM_0_Int.c **** 
 361              		.loc 1 136 0
 362              		@ sp needed
 363 000c 10BD     		pop	{r4, pc}
 364              	.L31:
 365 000e C046     		.align	2
 366              	.L30:
 367 0010 00000000 		.word	IntDefaultHandler
 368              		.cfi_endproc
 369              	.LFE3:
 370              		.size	PWM_0_Int_Stop, .-PWM_0_Int_Stop
 371              		.section	.text.PWM_0_Int_SetPending,"ax",%progbits
 372              		.align	2
 373              		.global	PWM_0_Int_SetPending
 374              		.code	16
ARM GAS  C:\Users\JamesN4\AppData\Local\Temp\ccOnSHeI.s 			page 14


 375              		.thumb_func
 376              		.type	PWM_0_Int_SetPending, %function
 377              	PWM_0_Int_SetPending:
 378              	.LFB12:
 351:Generated_Source\PSoC4/PWM_0_Int.c **** 
 352:Generated_Source\PSoC4/PWM_0_Int.c **** 
 353:Generated_Source\PSoC4/PWM_0_Int.c **** /*******************************************************************************
 354:Generated_Source\PSoC4/PWM_0_Int.c **** * Function Name: PWM_0_Int_SetPending
 355:Generated_Source\PSoC4/PWM_0_Int.c **** ********************************************************************************
 356:Generated_Source\PSoC4/PWM_0_Int.c **** *
 357:Generated_Source\PSoC4/PWM_0_Int.c **** * Summary:
 358:Generated_Source\PSoC4/PWM_0_Int.c **** *   Causes the Interrupt to enter the pending state, a software method of
 359:Generated_Source\PSoC4/PWM_0_Int.c **** *   generating the interrupt.
 360:Generated_Source\PSoC4/PWM_0_Int.c **** *
 361:Generated_Source\PSoC4/PWM_0_Int.c **** * Parameters:
 362:Generated_Source\PSoC4/PWM_0_Int.c **** *   None
 363:Generated_Source\PSoC4/PWM_0_Int.c **** *
 364:Generated_Source\PSoC4/PWM_0_Int.c **** * Return:
 365:Generated_Source\PSoC4/PWM_0_Int.c **** *   None
 366:Generated_Source\PSoC4/PWM_0_Int.c **** *
 367:Generated_Source\PSoC4/PWM_0_Int.c **** * Side Effects:
 368:Generated_Source\PSoC4/PWM_0_Int.c **** *   If interrupts are enabled and the interrupt is set up properly, the ISR is
 369:Generated_Source\PSoC4/PWM_0_Int.c **** *   entered (depending on the priority of this interrupt and other pending 
 370:Generated_Source\PSoC4/PWM_0_Int.c **** *   interrupts).
 371:Generated_Source\PSoC4/PWM_0_Int.c **** *
 372:Generated_Source\PSoC4/PWM_0_Int.c **** *******************************************************************************/
 373:Generated_Source\PSoC4/PWM_0_Int.c **** void PWM_0_Int_SetPending(void)
 374:Generated_Source\PSoC4/PWM_0_Int.c **** {
 379              		.loc 1 374 0
 380              		.cfi_startproc
 381              		@ args = 0, pretend = 0, frame = 0
 382              		@ frame_needed = 0, uses_anonymous_args = 0
 383              		@ link register save eliminated.
 375:Generated_Source\PSoC4/PWM_0_Int.c ****     *PWM_0_Int_INTC_SET_PD = PWM_0_Int__INTC_MASK;
 384              		.loc 1 375 0
 385 0000 8022     		movs	r2, #128
 386 0002 1203     		lsls	r2, r2, #12
 387 0004 014B     		ldr	r3, .L33
 388 0006 1A60     		str	r2, [r3]
 376:Generated_Source\PSoC4/PWM_0_Int.c **** }
 389              		.loc 1 376 0
 390              		@ sp needed
 391 0008 7047     		bx	lr
 392              	.L34:
 393 000a C046     		.align	2
 394              	.L33:
 395 000c 00E200E0 		.word	-536813056
 396              		.cfi_endproc
 397              	.LFE12:
 398              		.size	PWM_0_Int_SetPending, .-PWM_0_Int_SetPending
 399              		.section	.text.PWM_0_Int_ClearPending,"ax",%progbits
 400              		.align	2
 401              		.global	PWM_0_Int_ClearPending
 402              		.code	16
 403              		.thumb_func
 404              		.type	PWM_0_Int_ClearPending, %function
 405              	PWM_0_Int_ClearPending:
ARM GAS  C:\Users\JamesN4\AppData\Local\Temp\ccOnSHeI.s 			page 15


 406              	.LFB13:
 377:Generated_Source\PSoC4/PWM_0_Int.c **** 
 378:Generated_Source\PSoC4/PWM_0_Int.c **** 
 379:Generated_Source\PSoC4/PWM_0_Int.c **** /*******************************************************************************
 380:Generated_Source\PSoC4/PWM_0_Int.c **** * Function Name: PWM_0_Int_ClearPending
 381:Generated_Source\PSoC4/PWM_0_Int.c **** ********************************************************************************
 382:Generated_Source\PSoC4/PWM_0_Int.c **** *
 383:Generated_Source\PSoC4/PWM_0_Int.c **** * Summary:
 384:Generated_Source\PSoC4/PWM_0_Int.c **** *   Clears a pending interrupt in the interrupt controller.
 385:Generated_Source\PSoC4/PWM_0_Int.c **** *
 386:Generated_Source\PSoC4/PWM_0_Int.c **** *   Note Some interrupt sources are clear-on-read and require the block 
 387:Generated_Source\PSoC4/PWM_0_Int.c **** *   interrupt/status register to be read/cleared with the appropriate block API 
 388:Generated_Source\PSoC4/PWM_0_Int.c **** *   (GPIO, UART, and so on). Otherwise the ISR will continue to remain in 
 389:Generated_Source\PSoC4/PWM_0_Int.c **** *   pending state even though the interrupt itself is cleared using this API.
 390:Generated_Source\PSoC4/PWM_0_Int.c **** *
 391:Generated_Source\PSoC4/PWM_0_Int.c **** * Parameters:
 392:Generated_Source\PSoC4/PWM_0_Int.c **** *   None
 393:Generated_Source\PSoC4/PWM_0_Int.c **** *
 394:Generated_Source\PSoC4/PWM_0_Int.c **** * Return:
 395:Generated_Source\PSoC4/PWM_0_Int.c **** *   None
 396:Generated_Source\PSoC4/PWM_0_Int.c **** *
 397:Generated_Source\PSoC4/PWM_0_Int.c **** *******************************************************************************/
 398:Generated_Source\PSoC4/PWM_0_Int.c **** void PWM_0_Int_ClearPending(void)
 399:Generated_Source\PSoC4/PWM_0_Int.c **** {
 407              		.loc 1 399 0
 408              		.cfi_startproc
 409              		@ args = 0, pretend = 0, frame = 0
 410              		@ frame_needed = 0, uses_anonymous_args = 0
 411              		@ link register save eliminated.
 400:Generated_Source\PSoC4/PWM_0_Int.c ****     *PWM_0_Int_INTC_CLR_PD = PWM_0_Int__INTC_MASK;
 412              		.loc 1 400 0
 413 0000 8022     		movs	r2, #128
 414 0002 1203     		lsls	r2, r2, #12
 415 0004 014B     		ldr	r3, .L36
 416 0006 1A60     		str	r2, [r3]
 401:Generated_Source\PSoC4/PWM_0_Int.c **** }
 417              		.loc 1 401 0
 418              		@ sp needed
 419 0008 7047     		bx	lr
 420              	.L37:
 421 000a C046     		.align	2
 422              	.L36:
 423 000c 80E200E0 		.word	-536812928
 424              		.cfi_endproc
 425              	.LFE13:
 426              		.size	PWM_0_Int_ClearPending, .-PWM_0_Int_ClearPending
 427              		.text
 428              	.Letext0:
 429              		.file 2 "Generated_Source\\PSoC4/cytypes.h"
 430              		.file 3 "Generated_Source\\PSoC4/CyLib.h"
 431              		.section	.debug_info,"",%progbits
 432              	.Ldebug_info0:
 433 0000 01030000 		.4byte	0x301
 434 0004 0400     		.2byte	0x4
 435 0006 00000000 		.4byte	.Ldebug_abbrev0
 436 000a 04       		.byte	0x4
 437 000b 01       		.uleb128 0x1
ARM GAS  C:\Users\JamesN4\AppData\Local\Temp\ccOnSHeI.s 			page 16


 438 000c E3010000 		.4byte	.LASF36
 439 0010 0C       		.byte	0xc
 440 0011 41010000 		.4byte	.LASF37
 441 0015 87000000 		.4byte	.LASF38
 442 0019 00000000 		.4byte	.Ldebug_ranges0+0
 443 001d 00000000 		.4byte	0
 444 0021 00000000 		.4byte	.Ldebug_line0
 445 0025 02       		.uleb128 0x2
 446 0026 01       		.byte	0x1
 447 0027 06       		.byte	0x6
 448 0028 20030000 		.4byte	.LASF0
 449 002c 02       		.uleb128 0x2
 450 002d 01       		.byte	0x1
 451 002e 08       		.byte	0x8
 452 002f FC000000 		.4byte	.LASF1
 453 0033 02       		.uleb128 0x2
 454 0034 02       		.byte	0x2
 455 0035 05       		.byte	0x5
 456 0036 C2020000 		.4byte	.LASF2
 457 003a 02       		.uleb128 0x2
 458 003b 02       		.byte	0x2
 459 003c 07       		.byte	0x7
 460 003d 62000000 		.4byte	.LASF3
 461 0041 02       		.uleb128 0x2
 462 0042 04       		.byte	0x4
 463 0043 05       		.byte	0x5
 464 0044 05030000 		.4byte	.LASF4
 465 0048 02       		.uleb128 0x2
 466 0049 04       		.byte	0x4
 467 004a 07       		.byte	0x7
 468 004b 19010000 		.4byte	.LASF5
 469 004f 02       		.uleb128 0x2
 470 0050 08       		.byte	0x8
 471 0051 05       		.byte	0x5
 472 0052 7A020000 		.4byte	.LASF6
 473 0056 02       		.uleb128 0x2
 474 0057 08       		.byte	0x8
 475 0058 07       		.byte	0x7
 476 0059 BF010000 		.4byte	.LASF7
 477 005d 03       		.uleb128 0x3
 478 005e 04       		.byte	0x4
 479 005f 05       		.byte	0x5
 480 0060 696E7400 		.ascii	"int\000"
 481 0064 02       		.uleb128 0x2
 482 0065 04       		.byte	0x4
 483 0066 07       		.byte	0x7
 484 0067 96010000 		.4byte	.LASF8
 485 006b 04       		.uleb128 0x4
 486 006c 2B010000 		.4byte	.LASF9
 487 0070 02       		.byte	0x2
 488 0071 D201     		.2byte	0x1d2
 489 0073 2C000000 		.4byte	0x2c
 490 0077 04       		.uleb128 0x4
 491 0078 64010000 		.4byte	.LASF10
 492 007c 02       		.byte	0x2
 493 007d D401     		.2byte	0x1d4
 494 007f 48000000 		.4byte	0x48
ARM GAS  C:\Users\JamesN4\AppData\Local\Temp\ccOnSHeI.s 			page 17


 495 0083 02       		.uleb128 0x2
 496 0084 04       		.byte	0x4
 497 0085 04       		.byte	0x4
 498 0086 E3000000 		.4byte	.LASF11
 499 008a 02       		.uleb128 0x2
 500 008b 08       		.byte	0x8
 501 008c 04       		.byte	0x4
 502 008d 3A010000 		.4byte	.LASF12
 503 0091 02       		.uleb128 0x2
 504 0092 01       		.byte	0x1
 505 0093 08       		.byte	0x8
 506 0094 88020000 		.4byte	.LASF13
 507 0098 04       		.uleb128 0x4
 508 0099 0E030000 		.4byte	.LASF14
 509 009d 02       		.byte	0x2
 510 009e 7E02     		.2byte	0x27e
 511 00a0 A4000000 		.4byte	0xa4
 512 00a4 05       		.uleb128 0x5
 513 00a5 77000000 		.4byte	0x77
 514 00a9 04       		.uleb128 0x4
 515 00aa D6010000 		.4byte	.LASF15
 516 00ae 02       		.byte	0x2
 517 00af 8E02     		.2byte	0x28e
 518 00b1 B5000000 		.4byte	0xb5
 519 00b5 06       		.uleb128 0x6
 520 00b6 04       		.byte	0x4
 521 00b7 BB000000 		.4byte	0xbb
 522 00bb 07       		.uleb128 0x7
 523 00bc 02       		.uleb128 0x2
 524 00bd 08       		.byte	0x8
 525 00be 04       		.byte	0x4
 526 00bf 14030000 		.4byte	.LASF16
 527 00c3 02       		.uleb128 0x2
 528 00c4 04       		.byte	0x4
 529 00c5 07       		.byte	0x7
 530 00c6 71020000 		.4byte	.LASF17
 531 00ca 08       		.uleb128 0x8
 532 00cb 6B010000 		.4byte	.LASF24
 533 00cf 01       		.byte	0x1
 534 00d0 9F       		.byte	0x9f
 535 00d1 00000000 		.4byte	.LFB4
 536 00d5 02000000 		.4byte	.LFE4-.LFB4
 537 00d9 01       		.uleb128 0x1
 538 00da 9C       		.byte	0x9c
 539 00db 09       		.uleb128 0x9
 540 00dc A3010000 		.4byte	.LASF18
 541 00e0 01       		.byte	0x1
 542 00e1 C7       		.byte	0xc7
 543 00e2 00000000 		.4byte	.LFB5
 544 00e6 0C000000 		.4byte	.LFE5-.LFB5
 545 00ea 01       		.uleb128 0x1
 546 00eb 9C       		.byte	0x9c
 547 00ec FE000000 		.4byte	0xfe
 548 00f0 0A       		.uleb128 0xa
 549 00f1 B7010000 		.4byte	.LASF20
 550 00f5 01       		.byte	0x1
 551 00f6 C7       		.byte	0xc7
ARM GAS  C:\Users\JamesN4\AppData\Local\Temp\ccOnSHeI.s 			page 18


 552 00f7 A9000000 		.4byte	0xa9
 553 00fb 01       		.uleb128 0x1
 554 00fc 50       		.byte	0x50
 555 00fd 00       		.byte	0
 556 00fe 0B       		.uleb128 0xb
 557 00ff CC020000 		.4byte	.LASF26
 558 0103 01       		.byte	0x1
 559 0104 DB       		.byte	0xdb
 560 0105 A9000000 		.4byte	0xa9
 561 0109 00000000 		.4byte	.LFB6
 562 010d 0C000000 		.4byte	.LFE6-.LFB6
 563 0111 01       		.uleb128 0x1
 564 0112 9C       		.byte	0x9c
 565 0113 09       		.uleb128 0x9
 566 0114 4C000000 		.4byte	.LASF19
 567 0118 01       		.byte	0x1
 568 0119 F9       		.byte	0xf9
 569 011a 00000000 		.4byte	.LFB7
 570 011e 20000000 		.4byte	.LFE7-.LFB7
 571 0122 01       		.uleb128 0x1
 572 0123 9C       		.byte	0x9c
 573 0124 65010000 		.4byte	0x165
 574 0128 0C       		.uleb128 0xc
 575 0129 31010000 		.4byte	.LASF21
 576 012d 01       		.byte	0x1
 577 012e F9       		.byte	0xf9
 578 012f 6B000000 		.4byte	0x6b
 579 0133 00000000 		.4byte	.LLST0
 580 0137 0D       		.uleb128 0xd
 581 0138 0A010000 		.4byte	.LASF22
 582 013c 01       		.byte	0x1
 583 013d FB       		.byte	0xfb
 584 013e 6B000000 		.4byte	0x6b
 585 0142 21000000 		.4byte	.LLST1
 586 0146 0E       		.uleb128 0xe
 587 0147 F6020000 		.4byte	.LASF23
 588 014b 01       		.byte	0x1
 589 014c FC       		.byte	0xfc
 590 014d 77000000 		.4byte	0x77
 591 0151 1E       		.byte	0x1e
 592 0152 0F       		.uleb128 0xf
 593 0153 08000000 		.4byte	.LVL3
 594 0157 EE020000 		.4byte	0x2ee
 595 015b 0F       		.uleb128 0xf
 596 015c 1A000000 		.4byte	.LVL4
 597 0160 F9020000 		.4byte	0x2f9
 598 0164 00       		.byte	0
 599 0165 10       		.uleb128 0x10
 600 0166 12000000 		.4byte	.LASF39
 601 016a 01       		.byte	0x1
 602 016b 1501     		.2byte	0x115
 603 016d 6B000000 		.4byte	0x6b
 604 0171 00000000 		.4byte	.LFB8
 605 0175 0C000000 		.4byte	.LFE8-.LFB8
 606 0179 01       		.uleb128 0x1
 607 017a 9C       		.byte	0x9c
 608 017b 9D010000 		.4byte	0x19d
ARM GAS  C:\Users\JamesN4\AppData\Local\Temp\ccOnSHeI.s 			page 19


 609 017f 11       		.uleb128 0x11
 610 0180 31010000 		.4byte	.LASF21
 611 0184 01       		.byte	0x1
 612 0185 1701     		.2byte	0x117
 613 0187 77000000 		.4byte	0x77
 614 018b 34000000 		.4byte	.LLST2
 615 018f 12       		.uleb128 0x12
 616 0190 F6020000 		.4byte	.LASF23
 617 0194 01       		.byte	0x1
 618 0195 1801     		.2byte	0x118
 619 0197 77000000 		.4byte	0x77
 620 019b 1E       		.byte	0x1e
 621 019c 00       		.byte	0
 622 019d 13       		.uleb128 0x13
 623 019e B1020000 		.4byte	.LASF25
 624 01a2 01       		.byte	0x1
 625 01a3 3001     		.2byte	0x130
 626 01a5 00000000 		.4byte	.LFB9
 627 01a9 10000000 		.4byte	.LFE9-.LFB9
 628 01ad 01       		.uleb128 0x1
 629 01ae 9C       		.byte	0x9c
 630 01af 14       		.uleb128 0x14
 631 01b0 E9000000 		.4byte	.LASF27
 632 01b4 01       		.byte	0x1
 633 01b5 4501     		.2byte	0x145
 634 01b7 6B000000 		.4byte	0x6b
 635 01bb 00000000 		.4byte	.LFB10
 636 01bf 14000000 		.4byte	.LFE10-.LFB10
 637 01c3 01       		.uleb128 0x1
 638 01c4 9C       		.byte	0x9c
 639 01c5 13       		.uleb128 0x13
 640 01c6 75000000 		.4byte	.LASF28
 641 01ca 01       		.byte	0x1
 642 01cb 5A01     		.2byte	0x15a
 643 01cd 00000000 		.4byte	.LFB11
 644 01d1 10000000 		.4byte	.LFE11-.LFB11
 645 01d5 01       		.uleb128 0x1
 646 01d6 9C       		.byte	0x9c
 647 01d7 09       		.uleb128 0x9
 648 01d8 2C030000 		.4byte	.LASF29
 649 01dc 01       		.byte	0x1
 650 01dd 38       		.byte	0x38
 651 01de 00000000 		.4byte	.LFB1
 652 01e2 1C000000 		.4byte	.LFE1-.LFB1
 653 01e6 01       		.uleb128 0x1
 654 01e7 9C       		.byte	0x9c
 655 01e8 29020000 		.4byte	0x229
 656 01ec 0F       		.uleb128 0xf
 657 01ed 06000000 		.4byte	.LVL8
 658 01f1 C5010000 		.4byte	0x1c5
 659 01f5 15       		.uleb128 0x15
 660 01f6 0C000000 		.4byte	.LVL9
 661 01fa DB000000 		.4byte	0xdb
 662 01fe 0C020000 		.4byte	0x20c
 663 0202 16       		.uleb128 0x16
 664 0203 01       		.uleb128 0x1
 665 0204 50       		.byte	0x50
ARM GAS  C:\Users\JamesN4\AppData\Local\Temp\ccOnSHeI.s 			page 20


 666 0205 05       		.uleb128 0x5
 667 0206 03       		.byte	0x3
 668 0207 00000000 		.4byte	PWM_0_Int_Interrupt
 669 020b 00       		.byte	0
 670 020c 15       		.uleb128 0x15
 671 020d 12000000 		.4byte	.LVL10
 672 0211 13010000 		.4byte	0x113
 673 0215 1F020000 		.4byte	0x21f
 674 0219 16       		.uleb128 0x16
 675 021a 01       		.uleb128 0x1
 676 021b 50       		.byte	0x50
 677 021c 01       		.uleb128 0x1
 678 021d 33       		.byte	0x33
 679 021e 00       		.byte	0
 680 021f 0F       		.uleb128 0xf
 681 0220 16000000 		.4byte	.LVL11
 682 0224 9D010000 		.4byte	0x19d
 683 0228 00       		.byte	0
 684 0229 09       		.uleb128 0x9
 685 022a 00000000 		.4byte	.LASF30
 686 022e 01       		.byte	0x1
 687 022f 63       		.byte	0x63
 688 0230 00000000 		.4byte	.LFB2
 689 0234 1A000000 		.4byte	.LFE2-.LFB2
 690 0238 01       		.uleb128 0x1
 691 0239 9C       		.byte	0x9c
 692 023a 87020000 		.4byte	0x287
 693 023e 0C       		.uleb128 0xc
 694 023f B7010000 		.4byte	.LASF20
 695 0243 01       		.byte	0x1
 696 0244 63       		.byte	0x63
 697 0245 A9000000 		.4byte	0xa9
 698 0249 56000000 		.4byte	.LLST3
 699 024d 0F       		.uleb128 0xf
 700 024e 08000000 		.4byte	.LVL13
 701 0252 C5010000 		.4byte	0x1c5
 702 0256 15       		.uleb128 0x15
 703 0257 0E000000 		.4byte	.LVL14
 704 025b DB000000 		.4byte	0xdb
 705 025f 6A020000 		.4byte	0x26a
 706 0263 16       		.uleb128 0x16
 707 0264 01       		.uleb128 0x1
 708 0265 50       		.byte	0x50
 709 0266 02       		.uleb128 0x2
 710 0267 74       		.byte	0x74
 711 0268 00       		.sleb128 0
 712 0269 00       		.byte	0
 713 026a 15       		.uleb128 0x15
 714 026b 14000000 		.4byte	.LVL15
 715 026f 13010000 		.4byte	0x113
 716 0273 7D020000 		.4byte	0x27d
 717 0277 16       		.uleb128 0x16
 718 0278 01       		.uleb128 0x1
 719 0279 50       		.byte	0x50
 720 027a 01       		.uleb128 0x1
 721 027b 33       		.byte	0x33
 722 027c 00       		.byte	0
ARM GAS  C:\Users\JamesN4\AppData\Local\Temp\ccOnSHeI.s 			page 21


 723 027d 0F       		.uleb128 0xf
 724 027e 18000000 		.4byte	.LVL16
 725 0282 9D010000 		.4byte	0x19d
 726 0286 00       		.byte	0
 727 0287 09       		.uleb128 0x9
 728 0288 8D020000 		.4byte	.LASF31
 729 028c 01       		.byte	0x1
 730 028d 81       		.byte	0x81
 731 028e 00000000 		.4byte	.LFB3
 732 0292 14000000 		.4byte	.LFE3-.LFB3
 733 0296 01       		.uleb128 0x1
 734 0297 9C       		.byte	0x9c
 735 0298 AF020000 		.4byte	0x2af
 736 029c 0F       		.uleb128 0xf
 737 029d 06000000 		.4byte	.LVL18
 738 02a1 C5010000 		.4byte	0x1c5
 739 02a5 0F       		.uleb128 0xf
 740 02a6 0C000000 		.4byte	.LVL19
 741 02aa DB000000 		.4byte	0xdb
 742 02ae 00       		.byte	0
 743 02af 13       		.uleb128 0x13
 744 02b0 9C020000 		.4byte	.LASF32
 745 02b4 01       		.byte	0x1
 746 02b5 7501     		.2byte	0x175
 747 02b7 00000000 		.4byte	.LFB12
 748 02bb 10000000 		.4byte	.LFE12-.LFB12
 749 02bf 01       		.uleb128 0x1
 750 02c0 9C       		.byte	0x9c
 751 02c1 13       		.uleb128 0x13
 752 02c2 28000000 		.4byte	.LASF33
 753 02c6 01       		.byte	0x1
 754 02c7 8E01     		.2byte	0x18e
 755 02c9 00000000 		.4byte	.LFB13
 756 02cd 10000000 		.4byte	.LFE13-.LFB13
 757 02d1 01       		.uleb128 0x1
 758 02d2 9C       		.byte	0x9c
 759 02d3 17       		.uleb128 0x17
 760 02d4 A9000000 		.4byte	0xa9
 761 02d8 E3020000 		.4byte	0x2e3
 762 02dc 18       		.uleb128 0x18
 763 02dd C3000000 		.4byte	0xc3
 764 02e1 2F       		.byte	0x2f
 765 02e2 00       		.byte	0
 766 02e3 19       		.uleb128 0x19
 767 02e4 3F000000 		.4byte	.LASF40
 768 02e8 01       		.byte	0x1
 769 02e9 21       		.byte	0x21
 770 02ea D3020000 		.4byte	0x2d3
 771 02ee 1A       		.uleb128 0x1a
 772 02ef 7F010000 		.4byte	.LASF34
 773 02f3 7F010000 		.4byte	.LASF34
 774 02f7 03       		.byte	0x3
 775 02f8 E5       		.byte	0xe5
 776 02f9 1A       		.uleb128 0x1a
 777 02fa E0020000 		.4byte	.LASF35
 778 02fe E0020000 		.4byte	.LASF35
 779 0302 03       		.byte	0x3
ARM GAS  C:\Users\JamesN4\AppData\Local\Temp\ccOnSHeI.s 			page 22


 780 0303 E6       		.byte	0xe6
 781 0304 00       		.byte	0
 782              		.section	.debug_abbrev,"",%progbits
 783              	.Ldebug_abbrev0:
 784 0000 01       		.uleb128 0x1
 785 0001 11       		.uleb128 0x11
 786 0002 01       		.byte	0x1
 787 0003 25       		.uleb128 0x25
 788 0004 0E       		.uleb128 0xe
 789 0005 13       		.uleb128 0x13
 790 0006 0B       		.uleb128 0xb
 791 0007 03       		.uleb128 0x3
 792 0008 0E       		.uleb128 0xe
 793 0009 1B       		.uleb128 0x1b
 794 000a 0E       		.uleb128 0xe
 795 000b 55       		.uleb128 0x55
 796 000c 17       		.uleb128 0x17
 797 000d 11       		.uleb128 0x11
 798 000e 01       		.uleb128 0x1
 799 000f 10       		.uleb128 0x10
 800 0010 17       		.uleb128 0x17
 801 0011 00       		.byte	0
 802 0012 00       		.byte	0
 803 0013 02       		.uleb128 0x2
 804 0014 24       		.uleb128 0x24
 805 0015 00       		.byte	0
 806 0016 0B       		.uleb128 0xb
 807 0017 0B       		.uleb128 0xb
 808 0018 3E       		.uleb128 0x3e
 809 0019 0B       		.uleb128 0xb
 810 001a 03       		.uleb128 0x3
 811 001b 0E       		.uleb128 0xe
 812 001c 00       		.byte	0
 813 001d 00       		.byte	0
 814 001e 03       		.uleb128 0x3
 815 001f 24       		.uleb128 0x24
 816 0020 00       		.byte	0
 817 0021 0B       		.uleb128 0xb
 818 0022 0B       		.uleb128 0xb
 819 0023 3E       		.uleb128 0x3e
 820 0024 0B       		.uleb128 0xb
 821 0025 03       		.uleb128 0x3
 822 0026 08       		.uleb128 0x8
 823 0027 00       		.byte	0
 824 0028 00       		.byte	0
 825 0029 04       		.uleb128 0x4
 826 002a 16       		.uleb128 0x16
 827 002b 00       		.byte	0
 828 002c 03       		.uleb128 0x3
 829 002d 0E       		.uleb128 0xe
 830 002e 3A       		.uleb128 0x3a
 831 002f 0B       		.uleb128 0xb
 832 0030 3B       		.uleb128 0x3b
 833 0031 05       		.uleb128 0x5
 834 0032 49       		.uleb128 0x49
 835 0033 13       		.uleb128 0x13
 836 0034 00       		.byte	0
ARM GAS  C:\Users\JamesN4\AppData\Local\Temp\ccOnSHeI.s 			page 23


 837 0035 00       		.byte	0
 838 0036 05       		.uleb128 0x5
 839 0037 35       		.uleb128 0x35
 840 0038 00       		.byte	0
 841 0039 49       		.uleb128 0x49
 842 003a 13       		.uleb128 0x13
 843 003b 00       		.byte	0
 844 003c 00       		.byte	0
 845 003d 06       		.uleb128 0x6
 846 003e 0F       		.uleb128 0xf
 847 003f 00       		.byte	0
 848 0040 0B       		.uleb128 0xb
 849 0041 0B       		.uleb128 0xb
 850 0042 49       		.uleb128 0x49
 851 0043 13       		.uleb128 0x13
 852 0044 00       		.byte	0
 853 0045 00       		.byte	0
 854 0046 07       		.uleb128 0x7
 855 0047 15       		.uleb128 0x15
 856 0048 00       		.byte	0
 857 0049 27       		.uleb128 0x27
 858 004a 19       		.uleb128 0x19
 859 004b 00       		.byte	0
 860 004c 00       		.byte	0
 861 004d 08       		.uleb128 0x8
 862 004e 2E       		.uleb128 0x2e
 863 004f 00       		.byte	0
 864 0050 3F       		.uleb128 0x3f
 865 0051 19       		.uleb128 0x19
 866 0052 03       		.uleb128 0x3
 867 0053 0E       		.uleb128 0xe
 868 0054 3A       		.uleb128 0x3a
 869 0055 0B       		.uleb128 0xb
 870 0056 3B       		.uleb128 0x3b
 871 0057 0B       		.uleb128 0xb
 872 0058 27       		.uleb128 0x27
 873 0059 19       		.uleb128 0x19
 874 005a 11       		.uleb128 0x11
 875 005b 01       		.uleb128 0x1
 876 005c 12       		.uleb128 0x12
 877 005d 06       		.uleb128 0x6
 878 005e 40       		.uleb128 0x40
 879 005f 18       		.uleb128 0x18
 880 0060 9742     		.uleb128 0x2117
 881 0062 19       		.uleb128 0x19
 882 0063 00       		.byte	0
 883 0064 00       		.byte	0
 884 0065 09       		.uleb128 0x9
 885 0066 2E       		.uleb128 0x2e
 886 0067 01       		.byte	0x1
 887 0068 3F       		.uleb128 0x3f
 888 0069 19       		.uleb128 0x19
 889 006a 03       		.uleb128 0x3
 890 006b 0E       		.uleb128 0xe
 891 006c 3A       		.uleb128 0x3a
 892 006d 0B       		.uleb128 0xb
 893 006e 3B       		.uleb128 0x3b
ARM GAS  C:\Users\JamesN4\AppData\Local\Temp\ccOnSHeI.s 			page 24


 894 006f 0B       		.uleb128 0xb
 895 0070 27       		.uleb128 0x27
 896 0071 19       		.uleb128 0x19
 897 0072 11       		.uleb128 0x11
 898 0073 01       		.uleb128 0x1
 899 0074 12       		.uleb128 0x12
 900 0075 06       		.uleb128 0x6
 901 0076 40       		.uleb128 0x40
 902 0077 18       		.uleb128 0x18
 903 0078 9742     		.uleb128 0x2117
 904 007a 19       		.uleb128 0x19
 905 007b 01       		.uleb128 0x1
 906 007c 13       		.uleb128 0x13
 907 007d 00       		.byte	0
 908 007e 00       		.byte	0
 909 007f 0A       		.uleb128 0xa
 910 0080 05       		.uleb128 0x5
 911 0081 00       		.byte	0
 912 0082 03       		.uleb128 0x3
 913 0083 0E       		.uleb128 0xe
 914 0084 3A       		.uleb128 0x3a
 915 0085 0B       		.uleb128 0xb
 916 0086 3B       		.uleb128 0x3b
 917 0087 0B       		.uleb128 0xb
 918 0088 49       		.uleb128 0x49
 919 0089 13       		.uleb128 0x13
 920 008a 02       		.uleb128 0x2
 921 008b 18       		.uleb128 0x18
 922 008c 00       		.byte	0
 923 008d 00       		.byte	0
 924 008e 0B       		.uleb128 0xb
 925 008f 2E       		.uleb128 0x2e
 926 0090 00       		.byte	0
 927 0091 3F       		.uleb128 0x3f
 928 0092 19       		.uleb128 0x19
 929 0093 03       		.uleb128 0x3
 930 0094 0E       		.uleb128 0xe
 931 0095 3A       		.uleb128 0x3a
 932 0096 0B       		.uleb128 0xb
 933 0097 3B       		.uleb128 0x3b
 934 0098 0B       		.uleb128 0xb
 935 0099 27       		.uleb128 0x27
 936 009a 19       		.uleb128 0x19
 937 009b 49       		.uleb128 0x49
 938 009c 13       		.uleb128 0x13
 939 009d 11       		.uleb128 0x11
 940 009e 01       		.uleb128 0x1
 941 009f 12       		.uleb128 0x12
 942 00a0 06       		.uleb128 0x6
 943 00a1 40       		.uleb128 0x40
 944 00a2 18       		.uleb128 0x18
 945 00a3 9742     		.uleb128 0x2117
 946 00a5 19       		.uleb128 0x19
 947 00a6 00       		.byte	0
 948 00a7 00       		.byte	0
 949 00a8 0C       		.uleb128 0xc
 950 00a9 05       		.uleb128 0x5
ARM GAS  C:\Users\JamesN4\AppData\Local\Temp\ccOnSHeI.s 			page 25


 951 00aa 00       		.byte	0
 952 00ab 03       		.uleb128 0x3
 953 00ac 0E       		.uleb128 0xe
 954 00ad 3A       		.uleb128 0x3a
 955 00ae 0B       		.uleb128 0xb
 956 00af 3B       		.uleb128 0x3b
 957 00b0 0B       		.uleb128 0xb
 958 00b1 49       		.uleb128 0x49
 959 00b2 13       		.uleb128 0x13
 960 00b3 02       		.uleb128 0x2
 961 00b4 17       		.uleb128 0x17
 962 00b5 00       		.byte	0
 963 00b6 00       		.byte	0
 964 00b7 0D       		.uleb128 0xd
 965 00b8 34       		.uleb128 0x34
 966 00b9 00       		.byte	0
 967 00ba 03       		.uleb128 0x3
 968 00bb 0E       		.uleb128 0xe
 969 00bc 3A       		.uleb128 0x3a
 970 00bd 0B       		.uleb128 0xb
 971 00be 3B       		.uleb128 0x3b
 972 00bf 0B       		.uleb128 0xb
 973 00c0 49       		.uleb128 0x49
 974 00c1 13       		.uleb128 0x13
 975 00c2 02       		.uleb128 0x2
 976 00c3 17       		.uleb128 0x17
 977 00c4 00       		.byte	0
 978 00c5 00       		.byte	0
 979 00c6 0E       		.uleb128 0xe
 980 00c7 34       		.uleb128 0x34
 981 00c8 00       		.byte	0
 982 00c9 03       		.uleb128 0x3
 983 00ca 0E       		.uleb128 0xe
 984 00cb 3A       		.uleb128 0x3a
 985 00cc 0B       		.uleb128 0xb
 986 00cd 3B       		.uleb128 0x3b
 987 00ce 0B       		.uleb128 0xb
 988 00cf 49       		.uleb128 0x49
 989 00d0 13       		.uleb128 0x13
 990 00d1 1C       		.uleb128 0x1c
 991 00d2 0B       		.uleb128 0xb
 992 00d3 00       		.byte	0
 993 00d4 00       		.byte	0
 994 00d5 0F       		.uleb128 0xf
 995 00d6 898201   		.uleb128 0x4109
 996 00d9 00       		.byte	0
 997 00da 11       		.uleb128 0x11
 998 00db 01       		.uleb128 0x1
 999 00dc 31       		.uleb128 0x31
 1000 00dd 13       		.uleb128 0x13
 1001 00de 00       		.byte	0
 1002 00df 00       		.byte	0
 1003 00e0 10       		.uleb128 0x10
 1004 00e1 2E       		.uleb128 0x2e
 1005 00e2 01       		.byte	0x1
 1006 00e3 3F       		.uleb128 0x3f
 1007 00e4 19       		.uleb128 0x19
ARM GAS  C:\Users\JamesN4\AppData\Local\Temp\ccOnSHeI.s 			page 26


 1008 00e5 03       		.uleb128 0x3
 1009 00e6 0E       		.uleb128 0xe
 1010 00e7 3A       		.uleb128 0x3a
 1011 00e8 0B       		.uleb128 0xb
 1012 00e9 3B       		.uleb128 0x3b
 1013 00ea 05       		.uleb128 0x5
 1014 00eb 27       		.uleb128 0x27
 1015 00ec 19       		.uleb128 0x19
 1016 00ed 49       		.uleb128 0x49
 1017 00ee 13       		.uleb128 0x13
 1018 00ef 11       		.uleb128 0x11
 1019 00f0 01       		.uleb128 0x1
 1020 00f1 12       		.uleb128 0x12
 1021 00f2 06       		.uleb128 0x6
 1022 00f3 40       		.uleb128 0x40
 1023 00f4 18       		.uleb128 0x18
 1024 00f5 9742     		.uleb128 0x2117
 1025 00f7 19       		.uleb128 0x19
 1026 00f8 01       		.uleb128 0x1
 1027 00f9 13       		.uleb128 0x13
 1028 00fa 00       		.byte	0
 1029 00fb 00       		.byte	0
 1030 00fc 11       		.uleb128 0x11
 1031 00fd 34       		.uleb128 0x34
 1032 00fe 00       		.byte	0
 1033 00ff 03       		.uleb128 0x3
 1034 0100 0E       		.uleb128 0xe
 1035 0101 3A       		.uleb128 0x3a
 1036 0102 0B       		.uleb128 0xb
 1037 0103 3B       		.uleb128 0x3b
 1038 0104 05       		.uleb128 0x5
 1039 0105 49       		.uleb128 0x49
 1040 0106 13       		.uleb128 0x13
 1041 0107 02       		.uleb128 0x2
 1042 0108 17       		.uleb128 0x17
 1043 0109 00       		.byte	0
 1044 010a 00       		.byte	0
 1045 010b 12       		.uleb128 0x12
 1046 010c 34       		.uleb128 0x34
 1047 010d 00       		.byte	0
 1048 010e 03       		.uleb128 0x3
 1049 010f 0E       		.uleb128 0xe
 1050 0110 3A       		.uleb128 0x3a
 1051 0111 0B       		.uleb128 0xb
 1052 0112 3B       		.uleb128 0x3b
 1053 0113 05       		.uleb128 0x5
 1054 0114 49       		.uleb128 0x49
 1055 0115 13       		.uleb128 0x13
 1056 0116 1C       		.uleb128 0x1c
 1057 0117 0B       		.uleb128 0xb
 1058 0118 00       		.byte	0
 1059 0119 00       		.byte	0
 1060 011a 13       		.uleb128 0x13
 1061 011b 2E       		.uleb128 0x2e
 1062 011c 00       		.byte	0
 1063 011d 3F       		.uleb128 0x3f
 1064 011e 19       		.uleb128 0x19
ARM GAS  C:\Users\JamesN4\AppData\Local\Temp\ccOnSHeI.s 			page 27


 1065 011f 03       		.uleb128 0x3
 1066 0120 0E       		.uleb128 0xe
 1067 0121 3A       		.uleb128 0x3a
 1068 0122 0B       		.uleb128 0xb
 1069 0123 3B       		.uleb128 0x3b
 1070 0124 05       		.uleb128 0x5
 1071 0125 27       		.uleb128 0x27
 1072 0126 19       		.uleb128 0x19
 1073 0127 11       		.uleb128 0x11
 1074 0128 01       		.uleb128 0x1
 1075 0129 12       		.uleb128 0x12
 1076 012a 06       		.uleb128 0x6
 1077 012b 40       		.uleb128 0x40
 1078 012c 18       		.uleb128 0x18
 1079 012d 9742     		.uleb128 0x2117
 1080 012f 19       		.uleb128 0x19
 1081 0130 00       		.byte	0
 1082 0131 00       		.byte	0
 1083 0132 14       		.uleb128 0x14
 1084 0133 2E       		.uleb128 0x2e
 1085 0134 00       		.byte	0
 1086 0135 3F       		.uleb128 0x3f
 1087 0136 19       		.uleb128 0x19
 1088 0137 03       		.uleb128 0x3
 1089 0138 0E       		.uleb128 0xe
 1090 0139 3A       		.uleb128 0x3a
 1091 013a 0B       		.uleb128 0xb
 1092 013b 3B       		.uleb128 0x3b
 1093 013c 05       		.uleb128 0x5
 1094 013d 27       		.uleb128 0x27
 1095 013e 19       		.uleb128 0x19
 1096 013f 49       		.uleb128 0x49
 1097 0140 13       		.uleb128 0x13
 1098 0141 11       		.uleb128 0x11
 1099 0142 01       		.uleb128 0x1
 1100 0143 12       		.uleb128 0x12
 1101 0144 06       		.uleb128 0x6
 1102 0145 40       		.uleb128 0x40
 1103 0146 18       		.uleb128 0x18
 1104 0147 9742     		.uleb128 0x2117
 1105 0149 19       		.uleb128 0x19
 1106 014a 00       		.byte	0
 1107 014b 00       		.byte	0
 1108 014c 15       		.uleb128 0x15
 1109 014d 898201   		.uleb128 0x4109
 1110 0150 01       		.byte	0x1
 1111 0151 11       		.uleb128 0x11
 1112 0152 01       		.uleb128 0x1
 1113 0153 31       		.uleb128 0x31
 1114 0154 13       		.uleb128 0x13
 1115 0155 01       		.uleb128 0x1
 1116 0156 13       		.uleb128 0x13
 1117 0157 00       		.byte	0
 1118 0158 00       		.byte	0
 1119 0159 16       		.uleb128 0x16
 1120 015a 8A8201   		.uleb128 0x410a
 1121 015d 00       		.byte	0
ARM GAS  C:\Users\JamesN4\AppData\Local\Temp\ccOnSHeI.s 			page 28


 1122 015e 02       		.uleb128 0x2
 1123 015f 18       		.uleb128 0x18
 1124 0160 9142     		.uleb128 0x2111
 1125 0162 18       		.uleb128 0x18
 1126 0163 00       		.byte	0
 1127 0164 00       		.byte	0
 1128 0165 17       		.uleb128 0x17
 1129 0166 01       		.uleb128 0x1
 1130 0167 01       		.byte	0x1
 1131 0168 49       		.uleb128 0x49
 1132 0169 13       		.uleb128 0x13
 1133 016a 01       		.uleb128 0x1
 1134 016b 13       		.uleb128 0x13
 1135 016c 00       		.byte	0
 1136 016d 00       		.byte	0
 1137 016e 18       		.uleb128 0x18
 1138 016f 21       		.uleb128 0x21
 1139 0170 00       		.byte	0
 1140 0171 49       		.uleb128 0x49
 1141 0172 13       		.uleb128 0x13
 1142 0173 2F       		.uleb128 0x2f
 1143 0174 0B       		.uleb128 0xb
 1144 0175 00       		.byte	0
 1145 0176 00       		.byte	0
 1146 0177 19       		.uleb128 0x19
 1147 0178 34       		.uleb128 0x34
 1148 0179 00       		.byte	0
 1149 017a 03       		.uleb128 0x3
 1150 017b 0E       		.uleb128 0xe
 1151 017c 3A       		.uleb128 0x3a
 1152 017d 0B       		.uleb128 0xb
 1153 017e 3B       		.uleb128 0x3b
 1154 017f 0B       		.uleb128 0xb
 1155 0180 49       		.uleb128 0x49
 1156 0181 13       		.uleb128 0x13
 1157 0182 3F       		.uleb128 0x3f
 1158 0183 19       		.uleb128 0x19
 1159 0184 3C       		.uleb128 0x3c
 1160 0185 19       		.uleb128 0x19
 1161 0186 00       		.byte	0
 1162 0187 00       		.byte	0
 1163 0188 1A       		.uleb128 0x1a
 1164 0189 2E       		.uleb128 0x2e
 1165 018a 00       		.byte	0
 1166 018b 3F       		.uleb128 0x3f
 1167 018c 19       		.uleb128 0x19
 1168 018d 3C       		.uleb128 0x3c
 1169 018e 19       		.uleb128 0x19
 1170 018f 6E       		.uleb128 0x6e
 1171 0190 0E       		.uleb128 0xe
 1172 0191 03       		.uleb128 0x3
 1173 0192 0E       		.uleb128 0xe
 1174 0193 3A       		.uleb128 0x3a
 1175 0194 0B       		.uleb128 0xb
 1176 0195 3B       		.uleb128 0x3b
 1177 0196 0B       		.uleb128 0xb
 1178 0197 00       		.byte	0
ARM GAS  C:\Users\JamesN4\AppData\Local\Temp\ccOnSHeI.s 			page 29


 1179 0198 00       		.byte	0
 1180 0199 00       		.byte	0
 1181              		.section	.debug_loc,"",%progbits
 1182              	.Ldebug_loc0:
 1183              	.LLST0:
 1184 0000 00000000 		.4byte	.LVL1
 1185 0004 07000000 		.4byte	.LVL3-1
 1186 0008 0100     		.2byte	0x1
 1187 000a 50       		.byte	0x50
 1188 000b 07000000 		.4byte	.LVL3-1
 1189 000f 20000000 		.4byte	.LFE7
 1190 0013 0400     		.2byte	0x4
 1191 0015 F3       		.byte	0xf3
 1192 0016 01       		.uleb128 0x1
 1193 0017 50       		.byte	0x50
 1194 0018 9F       		.byte	0x9f
 1195 0019 00000000 		.4byte	0
 1196 001d 00000000 		.4byte	0
 1197              	.LLST1:
 1198 0021 08000000 		.4byte	.LVL3
 1199 0025 19000000 		.4byte	.LVL4-1
 1200 0029 0100     		.2byte	0x1
 1201 002b 50       		.byte	0x50
 1202 002c 00000000 		.4byte	0
 1203 0030 00000000 		.4byte	0
 1204              	.LLST2:
 1205 0034 04000000 		.4byte	.LVL6
 1206 0038 06000000 		.4byte	.LVL7
 1207 003c 0500     		.2byte	0x5
 1208 003e 70       		.byte	0x70
 1209 003f 00       		.sleb128 0
 1210 0040 4E       		.byte	0x4e
 1211 0041 25       		.byte	0x25
 1212 0042 9F       		.byte	0x9f
 1213 0043 06000000 		.4byte	.LVL7
 1214 0047 0C000000 		.4byte	.LFE8
 1215 004b 0100     		.2byte	0x1
 1216 004d 50       		.byte	0x50
 1217 004e 00000000 		.4byte	0
 1218 0052 00000000 		.4byte	0
 1219              	.LLST3:
 1220 0056 00000000 		.4byte	.LVL12
 1221 005a 07000000 		.4byte	.LVL13-1
 1222 005e 0100     		.2byte	0x1
 1223 0060 50       		.byte	0x50
 1224 0061 07000000 		.4byte	.LVL13-1
 1225 0065 18000000 		.4byte	.LVL17
 1226 0069 0100     		.2byte	0x1
 1227 006b 54       		.byte	0x54
 1228 006c 18000000 		.4byte	.LVL17
 1229 0070 1A000000 		.4byte	.LFE2
 1230 0074 0400     		.2byte	0x4
 1231 0076 F3       		.byte	0xf3
 1232 0077 01       		.uleb128 0x1
 1233 0078 50       		.byte	0x50
 1234 0079 9F       		.byte	0x9f
 1235 007a 00000000 		.4byte	0
ARM GAS  C:\Users\JamesN4\AppData\Local\Temp\ccOnSHeI.s 			page 30


 1236 007e 00000000 		.4byte	0
 1237              		.section	.debug_aranges,"",%progbits
 1238 0000 7C000000 		.4byte	0x7c
 1239 0004 0200     		.2byte	0x2
 1240 0006 00000000 		.4byte	.Ldebug_info0
 1241 000a 04       		.byte	0x4
 1242 000b 00       		.byte	0
 1243 000c 0000     		.2byte	0
 1244 000e 0000     		.2byte	0
 1245 0010 00000000 		.4byte	.LFB4
 1246 0014 02000000 		.4byte	.LFE4-.LFB4
 1247 0018 00000000 		.4byte	.LFB5
 1248 001c 0C000000 		.4byte	.LFE5-.LFB5
 1249 0020 00000000 		.4byte	.LFB6
 1250 0024 0C000000 		.4byte	.LFE6-.LFB6
 1251 0028 00000000 		.4byte	.LFB7
 1252 002c 20000000 		.4byte	.LFE7-.LFB7
 1253 0030 00000000 		.4byte	.LFB8
 1254 0034 0C000000 		.4byte	.LFE8-.LFB8
 1255 0038 00000000 		.4byte	.LFB9
 1256 003c 10000000 		.4byte	.LFE9-.LFB9
 1257 0040 00000000 		.4byte	.LFB10
 1258 0044 14000000 		.4byte	.LFE10-.LFB10
 1259 0048 00000000 		.4byte	.LFB11
 1260 004c 10000000 		.4byte	.LFE11-.LFB11
 1261 0050 00000000 		.4byte	.LFB1
 1262 0054 1C000000 		.4byte	.LFE1-.LFB1
 1263 0058 00000000 		.4byte	.LFB2
 1264 005c 1A000000 		.4byte	.LFE2-.LFB2
 1265 0060 00000000 		.4byte	.LFB3
 1266 0064 14000000 		.4byte	.LFE3-.LFB3
 1267 0068 00000000 		.4byte	.LFB12
 1268 006c 10000000 		.4byte	.LFE12-.LFB12
 1269 0070 00000000 		.4byte	.LFB13
 1270 0074 10000000 		.4byte	.LFE13-.LFB13
 1271 0078 00000000 		.4byte	0
 1272 007c 00000000 		.4byte	0
 1273              		.section	.debug_ranges,"",%progbits
 1274              	.Ldebug_ranges0:
 1275 0000 00000000 		.4byte	.LFB4
 1276 0004 02000000 		.4byte	.LFE4
 1277 0008 00000000 		.4byte	.LFB5
 1278 000c 0C000000 		.4byte	.LFE5
 1279 0010 00000000 		.4byte	.LFB6
 1280 0014 0C000000 		.4byte	.LFE6
 1281 0018 00000000 		.4byte	.LFB7
 1282 001c 20000000 		.4byte	.LFE7
 1283 0020 00000000 		.4byte	.LFB8
 1284 0024 0C000000 		.4byte	.LFE8
 1285 0028 00000000 		.4byte	.LFB9
 1286 002c 10000000 		.4byte	.LFE9
 1287 0030 00000000 		.4byte	.LFB10
 1288 0034 14000000 		.4byte	.LFE10
 1289 0038 00000000 		.4byte	.LFB11
 1290 003c 10000000 		.4byte	.LFE11
 1291 0040 00000000 		.4byte	.LFB1
 1292 0044 1C000000 		.4byte	.LFE1
ARM GAS  C:\Users\JamesN4\AppData\Local\Temp\ccOnSHeI.s 			page 31


 1293 0048 00000000 		.4byte	.LFB2
 1294 004c 1A000000 		.4byte	.LFE2
 1295 0050 00000000 		.4byte	.LFB3
 1296 0054 14000000 		.4byte	.LFE3
 1297 0058 00000000 		.4byte	.LFB12
 1298 005c 10000000 		.4byte	.LFE12
 1299 0060 00000000 		.4byte	.LFB13
 1300 0064 10000000 		.4byte	.LFE13
 1301 0068 00000000 		.4byte	0
 1302 006c 00000000 		.4byte	0
 1303              		.section	.debug_line,"",%progbits
 1304              	.Ldebug_line0:
 1305 0000 51010000 		.section	.debug_str,"MS",%progbits,1
 1305      02005100 
 1305      00000201 
 1305      FB0E0D00 
 1305      01010101 
 1306              	.LASF30:
 1307 0000 50574D5F 		.ascii	"PWM_0_Int_StartEx\000"
 1307      305F496E 
 1307      745F5374 
 1307      61727445 
 1307      7800
 1308              	.LASF39:
 1309 0012 50574D5F 		.ascii	"PWM_0_Int_GetPriority\000"
 1309      305F496E 
 1309      745F4765 
 1309      74507269 
 1309      6F726974 
 1310              	.LASF33:
 1311 0028 50574D5F 		.ascii	"PWM_0_Int_ClearPending\000"
 1311      305F496E 
 1311      745F436C 
 1311      65617250 
 1311      656E6469 
 1312              	.LASF40:
 1313 003f 43795261 		.ascii	"CyRamVectors\000"
 1313      6D566563 
 1313      746F7273 
 1313      00
 1314              	.LASF19:
 1315 004c 50574D5F 		.ascii	"PWM_0_Int_SetPriority\000"
 1315      305F496E 
 1315      745F5365 
 1315      74507269 
 1315      6F726974 
 1316              	.LASF3:
 1317 0062 73686F72 		.ascii	"short unsigned int\000"
 1317      7420756E 
 1317      7369676E 
 1317      65642069 
 1317      6E7400
 1318              	.LASF28:
 1319 0075 50574D5F 		.ascii	"PWM_0_Int_Disable\000"
 1319      305F496E 
 1319      745F4469 
 1319      7361626C 
ARM GAS  C:\Users\JamesN4\AppData\Local\Temp\ccOnSHeI.s 			page 32


 1319      6500
 1320              	.LASF38:
 1321 0087 433A5C55 		.ascii	"C:\\Users\\JamesN4\\Documents\\PSoC Creator\\Hybrid"
 1321      73657273 
 1321      5C4A616D 
 1321      65734E34 
 1321      5C446F63 
 1322 00b5 456E636F 		.ascii	"EncoderCY8CKIT43\\firmware\\HybridEncoder.cydsn\000"
 1322      64657243 
 1322      5938434B 
 1322      49543433 
 1322      5C666972 
 1323              	.LASF11:
 1324 00e3 666C6F61 		.ascii	"float\000"
 1324      7400
 1325              	.LASF27:
 1326 00e9 50574D5F 		.ascii	"PWM_0_Int_GetState\000"
 1326      305F496E 
 1326      745F4765 
 1326      74537461 
 1326      746500
 1327              	.LASF1:
 1328 00fc 756E7369 		.ascii	"unsigned char\000"
 1328      676E6564 
 1328      20636861 
 1328      7200
 1329              	.LASF22:
 1330 010a 696E7465 		.ascii	"interruptState\000"
 1330      72727570 
 1330      74537461 
 1330      746500
 1331              	.LASF5:
 1332 0119 6C6F6E67 		.ascii	"long unsigned int\000"
 1332      20756E73 
 1332      69676E65 
 1332      6420696E 
 1332      7400
 1333              	.LASF9:
 1334 012b 75696E74 		.ascii	"uint8\000"
 1334      3800
 1335              	.LASF21:
 1336 0131 7072696F 		.ascii	"priority\000"
 1336      72697479 
 1336      00
 1337              	.LASF12:
 1338 013a 646F7562 		.ascii	"double\000"
 1338      6C6500
 1339              	.LASF37:
 1340 0141 47656E65 		.ascii	"Generated_Source\\PSoC4\\PWM_0_Int.c\000"
 1340      72617465 
 1340      645F536F 
 1340      75726365 
 1340      5C50536F 
 1341              	.LASF10:
 1342 0164 75696E74 		.ascii	"uint32\000"
 1342      333200
 1343              	.LASF24:
ARM GAS  C:\Users\JamesN4\AppData\Local\Temp\ccOnSHeI.s 			page 33


 1344 016b 50574D5F 		.ascii	"PWM_0_Int_Interrupt\000"
 1344      305F496E 
 1344      745F496E 
 1344      74657272 
 1344      75707400 
 1345              	.LASF34:
 1346 017f 4379456E 		.ascii	"CyEnterCriticalSection\000"
 1346      74657243 
 1346      72697469 
 1346      63616C53 
 1346      65637469 
 1347              	.LASF8:
 1348 0196 756E7369 		.ascii	"unsigned int\000"
 1348      676E6564 
 1348      20696E74 
 1348      00
 1349              	.LASF18:
 1350 01a3 50574D5F 		.ascii	"PWM_0_Int_SetVector\000"
 1350      305F496E 
 1350      745F5365 
 1350      74566563 
 1350      746F7200 
 1351              	.LASF20:
 1352 01b7 61646472 		.ascii	"address\000"
 1352      65737300 
 1353              	.LASF7:
 1354 01bf 6C6F6E67 		.ascii	"long long unsigned int\000"
 1354      206C6F6E 
 1354      6720756E 
 1354      7369676E 
 1354      65642069 
 1355              	.LASF15:
 1356 01d6 63796973 		.ascii	"cyisraddress\000"
 1356      72616464 
 1356      72657373 
 1356      00
 1357              	.LASF36:
 1358 01e3 474E5520 		.ascii	"GNU C11 5.4.1 20160609 (release) [ARM/embedded-5-br"
 1358      43313120 
 1358      352E342E 
 1358      31203230 
 1358      31363036 
 1359 0216 616E6368 		.ascii	"anch revision 237715] -mcpu=cortex-m0 -mthumb -g -O"
 1359      20726576 
 1359      6973696F 
 1359      6E203233 
 1359      37373135 
 1360 0249 67202D66 		.ascii	"g -ffunction-sections -ffat-lto-objects\000"
 1360      66756E63 
 1360      74696F6E 
 1360      2D736563 
 1360      74696F6E 
 1361              	.LASF17:
 1362 0271 73697A65 		.ascii	"sizetype\000"
 1362      74797065 
 1362      00
 1363              	.LASF6:
ARM GAS  C:\Users\JamesN4\AppData\Local\Temp\ccOnSHeI.s 			page 34


 1364 027a 6C6F6E67 		.ascii	"long long int\000"
 1364      206C6F6E 
 1364      6720696E 
 1364      7400
 1365              	.LASF13:
 1366 0288 63686172 		.ascii	"char\000"
 1366      00
 1367              	.LASF31:
 1368 028d 50574D5F 		.ascii	"PWM_0_Int_Stop\000"
 1368      305F496E 
 1368      745F5374 
 1368      6F7000
 1369              	.LASF32:
 1370 029c 50574D5F 		.ascii	"PWM_0_Int_SetPending\000"
 1370      305F496E 
 1370      745F5365 
 1370      7450656E 
 1370      64696E67 
 1371              	.LASF25:
 1372 02b1 50574D5F 		.ascii	"PWM_0_Int_Enable\000"
 1372      305F496E 
 1372      745F456E 
 1372      61626C65 
 1372      00
 1373              	.LASF2:
 1374 02c2 73686F72 		.ascii	"short int\000"
 1374      7420696E 
 1374      7400
 1375              	.LASF26:
 1376 02cc 50574D5F 		.ascii	"PWM_0_Int_GetVector\000"
 1376      305F496E 
 1376      745F4765 
 1376      74566563 
 1376      746F7200 
 1377              	.LASF35:
 1378 02e0 43794578 		.ascii	"CyExitCriticalSection\000"
 1378      69744372 
 1378      69746963 
 1378      616C5365 
 1378      6374696F 
 1379              	.LASF23:
 1380 02f6 7072696F 		.ascii	"priorityOffset\000"
 1380      72697479 
 1380      4F666673 
 1380      657400
 1381              	.LASF4:
 1382 0305 6C6F6E67 		.ascii	"long int\000"
 1382      20696E74 
 1382      00
 1383              	.LASF14:
 1384 030e 72656733 		.ascii	"reg32\000"
 1384      3200
 1385              	.LASF16:
 1386 0314 6C6F6E67 		.ascii	"long double\000"
 1386      20646F75 
 1386      626C6500 
 1387              	.LASF0:
ARM GAS  C:\Users\JamesN4\AppData\Local\Temp\ccOnSHeI.s 			page 35


 1388 0320 7369676E 		.ascii	"signed char\000"
 1388      65642063 
 1388      68617200 
 1389              	.LASF29:
 1390 032c 50574D5F 		.ascii	"PWM_0_Int_Start\000"
 1390      305F496E 
 1390      745F5374 
 1390      61727400 
 1391              		.ident	"GCC: (GNU Tools for ARM Embedded Processors) 5.4.1 20160609 (release) [ARM/embedded-5-bran
