ARM GAS  C:\Users\JamesN4\AppData\Local\Temp\cc78NrIU.s 			page 1


   1              		.syntax unified
   2              		.cpu cortex-m0
   3              		.fpu softvfp
   4              		.eabi_attribute 20, 1
   5              		.eabi_attribute 21, 1
   6              		.eabi_attribute 23, 3
   7              		.eabi_attribute 24, 1
   8              		.eabi_attribute 25, 1
   9              		.eabi_attribute 26, 1
  10              		.eabi_attribute 30, 1
  11              		.eabi_attribute 34, 0
  12              		.eabi_attribute 18, 4
  13              		.thumb
  14              		.syntax unified
  15              		.file	"Timer_Int.c"
  16              		.text
  17              	.Ltext0:
  18              		.cfi_sections	.debug_frame
  19              		.section	.text.Timer_Int_Interrupt,"ax",%progbits
  20              		.align	2
  21              		.global	Timer_Int_Interrupt
  22              		.code	16
  23              		.thumb_func
  24              		.type	Timer_Int_Interrupt, %function
  25              	Timer_Int_Interrupt:
  26              	.LFB4:
  27              		.file 1 "Generated_Source\\PSoC4\\Timer_Int.c"
   1:Generated_Source\PSoC4/Timer_Int.c **** /*******************************************************************************
   2:Generated_Source\PSoC4/Timer_Int.c **** * File Name: Timer_Int.c  
   3:Generated_Source\PSoC4/Timer_Int.c **** * Version 1.70
   4:Generated_Source\PSoC4/Timer_Int.c **** *
   5:Generated_Source\PSoC4/Timer_Int.c **** *  Description:
   6:Generated_Source\PSoC4/Timer_Int.c **** *   API for controlling the state of an interrupt.
   7:Generated_Source\PSoC4/Timer_Int.c **** *
   8:Generated_Source\PSoC4/Timer_Int.c **** *
   9:Generated_Source\PSoC4/Timer_Int.c **** *  Note:
  10:Generated_Source\PSoC4/Timer_Int.c **** *
  11:Generated_Source\PSoC4/Timer_Int.c **** ********************************************************************************
  12:Generated_Source\PSoC4/Timer_Int.c **** * Copyright 2008-2015, Cypress Semiconductor Corporation.  All rights reserved.
  13:Generated_Source\PSoC4/Timer_Int.c **** * You may use this file only in accordance with the license, terms, conditions, 
  14:Generated_Source\PSoC4/Timer_Int.c **** * disclaimers, and limitations in the end user license agreement accompanying 
  15:Generated_Source\PSoC4/Timer_Int.c **** * the software package with which this file was provided.
  16:Generated_Source\PSoC4/Timer_Int.c **** *******************************************************************************/
  17:Generated_Source\PSoC4/Timer_Int.c **** 
  18:Generated_Source\PSoC4/Timer_Int.c **** 
  19:Generated_Source\PSoC4/Timer_Int.c **** #include <cydevice_trm.h>
  20:Generated_Source\PSoC4/Timer_Int.c **** #include <CyLib.h>
  21:Generated_Source\PSoC4/Timer_Int.c **** #include <Timer_Int.h>
  22:Generated_Source\PSoC4/Timer_Int.c **** #include "cyapicallbacks.h"
  23:Generated_Source\PSoC4/Timer_Int.c **** 
  24:Generated_Source\PSoC4/Timer_Int.c **** #if !defined(Timer_Int__REMOVED) /* Check for removal by optimization */
  25:Generated_Source\PSoC4/Timer_Int.c **** 
  26:Generated_Source\PSoC4/Timer_Int.c **** /*******************************************************************************
  27:Generated_Source\PSoC4/Timer_Int.c **** *  Place your includes, defines and code here 
  28:Generated_Source\PSoC4/Timer_Int.c **** ********************************************************************************/
  29:Generated_Source\PSoC4/Timer_Int.c **** /* `#START Timer_Int_intc` */
  30:Generated_Source\PSoC4/Timer_Int.c **** 
ARM GAS  C:\Users\JamesN4\AppData\Local\Temp\cc78NrIU.s 			page 2


  31:Generated_Source\PSoC4/Timer_Int.c **** /* `#END` */
  32:Generated_Source\PSoC4/Timer_Int.c **** 
  33:Generated_Source\PSoC4/Timer_Int.c **** extern cyisraddress CyRamVectors[CYINT_IRQ_BASE + CY_NUM_INTERRUPTS];
  34:Generated_Source\PSoC4/Timer_Int.c **** 
  35:Generated_Source\PSoC4/Timer_Int.c **** /* Declared in startup, used to set unused interrupts to. */
  36:Generated_Source\PSoC4/Timer_Int.c **** CY_ISR_PROTO(IntDefaultHandler);
  37:Generated_Source\PSoC4/Timer_Int.c **** 
  38:Generated_Source\PSoC4/Timer_Int.c **** 
  39:Generated_Source\PSoC4/Timer_Int.c **** /*******************************************************************************
  40:Generated_Source\PSoC4/Timer_Int.c **** * Function Name: Timer_Int_Start
  41:Generated_Source\PSoC4/Timer_Int.c **** ********************************************************************************
  42:Generated_Source\PSoC4/Timer_Int.c **** *
  43:Generated_Source\PSoC4/Timer_Int.c **** * Summary:
  44:Generated_Source\PSoC4/Timer_Int.c **** *  Set up the interrupt and enable it. This function disables the interrupt, 
  45:Generated_Source\PSoC4/Timer_Int.c **** *  sets the default interrupt vector, sets the priority from the value in the
  46:Generated_Source\PSoC4/Timer_Int.c **** *  Design Wide Resources Interrupt Editor, then enables the interrupt to the 
  47:Generated_Source\PSoC4/Timer_Int.c **** *  interrupt controller.
  48:Generated_Source\PSoC4/Timer_Int.c **** *
  49:Generated_Source\PSoC4/Timer_Int.c **** * Parameters:  
  50:Generated_Source\PSoC4/Timer_Int.c **** *   None
  51:Generated_Source\PSoC4/Timer_Int.c **** *
  52:Generated_Source\PSoC4/Timer_Int.c **** * Return:
  53:Generated_Source\PSoC4/Timer_Int.c **** *   None
  54:Generated_Source\PSoC4/Timer_Int.c **** *
  55:Generated_Source\PSoC4/Timer_Int.c **** *******************************************************************************/
  56:Generated_Source\PSoC4/Timer_Int.c **** void Timer_Int_Start(void)
  57:Generated_Source\PSoC4/Timer_Int.c **** {
  58:Generated_Source\PSoC4/Timer_Int.c ****     /* For all we know the interrupt is active. */
  59:Generated_Source\PSoC4/Timer_Int.c ****     Timer_Int_Disable();
  60:Generated_Source\PSoC4/Timer_Int.c **** 
  61:Generated_Source\PSoC4/Timer_Int.c ****     /* Set the ISR to point to the Timer_Int Interrupt. */
  62:Generated_Source\PSoC4/Timer_Int.c ****     Timer_Int_SetVector(&Timer_Int_Interrupt);
  63:Generated_Source\PSoC4/Timer_Int.c **** 
  64:Generated_Source\PSoC4/Timer_Int.c ****     /* Set the priority. */
  65:Generated_Source\PSoC4/Timer_Int.c ****     Timer_Int_SetPriority((uint8)Timer_Int_INTC_PRIOR_NUMBER);
  66:Generated_Source\PSoC4/Timer_Int.c **** 
  67:Generated_Source\PSoC4/Timer_Int.c ****     /* Enable it. */
  68:Generated_Source\PSoC4/Timer_Int.c ****     Timer_Int_Enable();
  69:Generated_Source\PSoC4/Timer_Int.c **** }
  70:Generated_Source\PSoC4/Timer_Int.c **** 
  71:Generated_Source\PSoC4/Timer_Int.c **** 
  72:Generated_Source\PSoC4/Timer_Int.c **** /*******************************************************************************
  73:Generated_Source\PSoC4/Timer_Int.c **** * Function Name: Timer_Int_StartEx
  74:Generated_Source\PSoC4/Timer_Int.c **** ********************************************************************************
  75:Generated_Source\PSoC4/Timer_Int.c **** *
  76:Generated_Source\PSoC4/Timer_Int.c **** * Summary:
  77:Generated_Source\PSoC4/Timer_Int.c **** *  Sets up the interrupt and enables it. This function disables the interrupt,
  78:Generated_Source\PSoC4/Timer_Int.c **** *  sets the interrupt vector based on the address passed in, sets the priority 
  79:Generated_Source\PSoC4/Timer_Int.c **** *  from the value in the Design Wide Resources Interrupt Editor, then enables 
  80:Generated_Source\PSoC4/Timer_Int.c **** *  the interrupt to the interrupt controller.
  81:Generated_Source\PSoC4/Timer_Int.c **** *  
  82:Generated_Source\PSoC4/Timer_Int.c **** *  When defining ISR functions, the CY_ISR and CY_ISR_PROTO macros should be 
  83:Generated_Source\PSoC4/Timer_Int.c **** *  used to provide consistent definition across compilers:
  84:Generated_Source\PSoC4/Timer_Int.c **** *  
  85:Generated_Source\PSoC4/Timer_Int.c **** *  Function definition example:
  86:Generated_Source\PSoC4/Timer_Int.c **** *   CY_ISR(MyISR)
  87:Generated_Source\PSoC4/Timer_Int.c **** *   {
ARM GAS  C:\Users\JamesN4\AppData\Local\Temp\cc78NrIU.s 			page 3


  88:Generated_Source\PSoC4/Timer_Int.c **** *   }
  89:Generated_Source\PSoC4/Timer_Int.c **** *   Function prototype example:
  90:Generated_Source\PSoC4/Timer_Int.c **** *   CY_ISR_PROTO(MyISR);
  91:Generated_Source\PSoC4/Timer_Int.c **** *
  92:Generated_Source\PSoC4/Timer_Int.c **** * Parameters:  
  93:Generated_Source\PSoC4/Timer_Int.c **** *   address: Address of the ISR to set in the interrupt vector table.
  94:Generated_Source\PSoC4/Timer_Int.c **** *
  95:Generated_Source\PSoC4/Timer_Int.c **** * Return:
  96:Generated_Source\PSoC4/Timer_Int.c **** *   None
  97:Generated_Source\PSoC4/Timer_Int.c **** *
  98:Generated_Source\PSoC4/Timer_Int.c **** *******************************************************************************/
  99:Generated_Source\PSoC4/Timer_Int.c **** void Timer_Int_StartEx(cyisraddress address)
 100:Generated_Source\PSoC4/Timer_Int.c **** {
 101:Generated_Source\PSoC4/Timer_Int.c ****     /* For all we know the interrupt is active. */
 102:Generated_Source\PSoC4/Timer_Int.c ****     Timer_Int_Disable();
 103:Generated_Source\PSoC4/Timer_Int.c **** 
 104:Generated_Source\PSoC4/Timer_Int.c ****     /* Set the ISR to point to the Timer_Int Interrupt. */
 105:Generated_Source\PSoC4/Timer_Int.c ****     Timer_Int_SetVector(address);
 106:Generated_Source\PSoC4/Timer_Int.c **** 
 107:Generated_Source\PSoC4/Timer_Int.c ****     /* Set the priority. */
 108:Generated_Source\PSoC4/Timer_Int.c ****     Timer_Int_SetPriority((uint8)Timer_Int_INTC_PRIOR_NUMBER);
 109:Generated_Source\PSoC4/Timer_Int.c **** 
 110:Generated_Source\PSoC4/Timer_Int.c ****     /* Enable it. */
 111:Generated_Source\PSoC4/Timer_Int.c ****     Timer_Int_Enable();
 112:Generated_Source\PSoC4/Timer_Int.c **** }
 113:Generated_Source\PSoC4/Timer_Int.c **** 
 114:Generated_Source\PSoC4/Timer_Int.c **** 
 115:Generated_Source\PSoC4/Timer_Int.c **** /*******************************************************************************
 116:Generated_Source\PSoC4/Timer_Int.c **** * Function Name: Timer_Int_Stop
 117:Generated_Source\PSoC4/Timer_Int.c **** ********************************************************************************
 118:Generated_Source\PSoC4/Timer_Int.c **** *
 119:Generated_Source\PSoC4/Timer_Int.c **** * Summary:
 120:Generated_Source\PSoC4/Timer_Int.c **** *   Disables and removes the interrupt.
 121:Generated_Source\PSoC4/Timer_Int.c **** *
 122:Generated_Source\PSoC4/Timer_Int.c **** * Parameters:  
 123:Generated_Source\PSoC4/Timer_Int.c **** *   None
 124:Generated_Source\PSoC4/Timer_Int.c **** *
 125:Generated_Source\PSoC4/Timer_Int.c **** * Return:
 126:Generated_Source\PSoC4/Timer_Int.c **** *   None
 127:Generated_Source\PSoC4/Timer_Int.c **** *
 128:Generated_Source\PSoC4/Timer_Int.c **** *******************************************************************************/
 129:Generated_Source\PSoC4/Timer_Int.c **** void Timer_Int_Stop(void)
 130:Generated_Source\PSoC4/Timer_Int.c **** {
 131:Generated_Source\PSoC4/Timer_Int.c ****     /* Disable this interrupt. */
 132:Generated_Source\PSoC4/Timer_Int.c ****     Timer_Int_Disable();
 133:Generated_Source\PSoC4/Timer_Int.c **** 
 134:Generated_Source\PSoC4/Timer_Int.c ****     /* Set the ISR to point to the passive one. */
 135:Generated_Source\PSoC4/Timer_Int.c ****     Timer_Int_SetVector(&IntDefaultHandler);
 136:Generated_Source\PSoC4/Timer_Int.c **** }
 137:Generated_Source\PSoC4/Timer_Int.c **** 
 138:Generated_Source\PSoC4/Timer_Int.c **** 
 139:Generated_Source\PSoC4/Timer_Int.c **** /*******************************************************************************
 140:Generated_Source\PSoC4/Timer_Int.c **** * Function Name: Timer_Int_Interrupt
 141:Generated_Source\PSoC4/Timer_Int.c **** ********************************************************************************
 142:Generated_Source\PSoC4/Timer_Int.c **** *
 143:Generated_Source\PSoC4/Timer_Int.c **** * Summary:
 144:Generated_Source\PSoC4/Timer_Int.c **** *   The default Interrupt Service Routine for Timer_Int.
ARM GAS  C:\Users\JamesN4\AppData\Local\Temp\cc78NrIU.s 			page 4


 145:Generated_Source\PSoC4/Timer_Int.c **** *
 146:Generated_Source\PSoC4/Timer_Int.c **** *   Add custom code between the START and END comments to keep the next version
 147:Generated_Source\PSoC4/Timer_Int.c **** *   of this file from over-writing your code.
 148:Generated_Source\PSoC4/Timer_Int.c **** *
 149:Generated_Source\PSoC4/Timer_Int.c **** *   Note You may use either the default ISR by using this API, or you may define
 150:Generated_Source\PSoC4/Timer_Int.c **** *   your own separate ISR through ISR_StartEx().
 151:Generated_Source\PSoC4/Timer_Int.c **** *
 152:Generated_Source\PSoC4/Timer_Int.c **** * Parameters:  
 153:Generated_Source\PSoC4/Timer_Int.c **** *   None
 154:Generated_Source\PSoC4/Timer_Int.c **** *
 155:Generated_Source\PSoC4/Timer_Int.c **** * Return:
 156:Generated_Source\PSoC4/Timer_Int.c **** *   None
 157:Generated_Source\PSoC4/Timer_Int.c **** *
 158:Generated_Source\PSoC4/Timer_Int.c **** *******************************************************************************/
 159:Generated_Source\PSoC4/Timer_Int.c **** CY_ISR(Timer_Int_Interrupt)
 160:Generated_Source\PSoC4/Timer_Int.c **** {
  28              		.loc 1 160 0
  29              		.cfi_startproc
  30              		@ args = 0, pretend = 0, frame = 0
  31              		@ frame_needed = 0, uses_anonymous_args = 0
  32              		@ link register save eliminated.
 161:Generated_Source\PSoC4/Timer_Int.c ****     #ifdef Timer_Int_INTERRUPT_INTERRUPT_CALLBACK
 162:Generated_Source\PSoC4/Timer_Int.c ****         Timer_Int_Interrupt_InterruptCallback();
 163:Generated_Source\PSoC4/Timer_Int.c ****     #endif /* Timer_Int_INTERRUPT_INTERRUPT_CALLBACK */ 
 164:Generated_Source\PSoC4/Timer_Int.c **** 
 165:Generated_Source\PSoC4/Timer_Int.c ****     /*  Place your Interrupt code here. */
 166:Generated_Source\PSoC4/Timer_Int.c ****     /* `#START Timer_Int_Interrupt` */
 167:Generated_Source\PSoC4/Timer_Int.c **** 
 168:Generated_Source\PSoC4/Timer_Int.c ****     /* `#END` */
 169:Generated_Source\PSoC4/Timer_Int.c **** }
  33              		.loc 1 169 0
  34              		@ sp needed
  35 0000 7047     		bx	lr
  36              		.cfi_endproc
  37              	.LFE4:
  38              		.size	Timer_Int_Interrupt, .-Timer_Int_Interrupt
  39 0002 C046     		.section	.text.Timer_Int_SetVector,"ax",%progbits
  40              		.align	2
  41              		.global	Timer_Int_SetVector
  42              		.code	16
  43              		.thumb_func
  44              		.type	Timer_Int_SetVector, %function
  45              	Timer_Int_SetVector:
  46              	.LFB5:
 170:Generated_Source\PSoC4/Timer_Int.c **** 
 171:Generated_Source\PSoC4/Timer_Int.c **** 
 172:Generated_Source\PSoC4/Timer_Int.c **** /*******************************************************************************
 173:Generated_Source\PSoC4/Timer_Int.c **** * Function Name: Timer_Int_SetVector
 174:Generated_Source\PSoC4/Timer_Int.c **** ********************************************************************************
 175:Generated_Source\PSoC4/Timer_Int.c **** *
 176:Generated_Source\PSoC4/Timer_Int.c **** * Summary:
 177:Generated_Source\PSoC4/Timer_Int.c **** *   Change the ISR vector for the Interrupt. Note calling Timer_Int_Start
 178:Generated_Source\PSoC4/Timer_Int.c **** *   will override any effect this method would have had. To set the vector 
 179:Generated_Source\PSoC4/Timer_Int.c **** *   before the component has been started use Timer_Int_StartEx instead.
 180:Generated_Source\PSoC4/Timer_Int.c **** * 
 181:Generated_Source\PSoC4/Timer_Int.c **** *   When defining ISR functions, the CY_ISR and CY_ISR_PROTO macros should be 
 182:Generated_Source\PSoC4/Timer_Int.c **** *   used to provide consistent definition across compilers:
ARM GAS  C:\Users\JamesN4\AppData\Local\Temp\cc78NrIU.s 			page 5


 183:Generated_Source\PSoC4/Timer_Int.c **** *
 184:Generated_Source\PSoC4/Timer_Int.c **** *   Function definition example:
 185:Generated_Source\PSoC4/Timer_Int.c **** *   CY_ISR(MyISR)
 186:Generated_Source\PSoC4/Timer_Int.c **** *   {
 187:Generated_Source\PSoC4/Timer_Int.c **** *   }
 188:Generated_Source\PSoC4/Timer_Int.c **** *
 189:Generated_Source\PSoC4/Timer_Int.c **** *   Function prototype example:
 190:Generated_Source\PSoC4/Timer_Int.c **** *     CY_ISR_PROTO(MyISR);
 191:Generated_Source\PSoC4/Timer_Int.c **** *
 192:Generated_Source\PSoC4/Timer_Int.c **** * Parameters:
 193:Generated_Source\PSoC4/Timer_Int.c **** *   address: Address of the ISR to set in the interrupt vector table.
 194:Generated_Source\PSoC4/Timer_Int.c **** *
 195:Generated_Source\PSoC4/Timer_Int.c **** * Return:
 196:Generated_Source\PSoC4/Timer_Int.c **** *   None
 197:Generated_Source\PSoC4/Timer_Int.c **** *
 198:Generated_Source\PSoC4/Timer_Int.c **** *******************************************************************************/
 199:Generated_Source\PSoC4/Timer_Int.c **** void Timer_Int_SetVector(cyisraddress address)
 200:Generated_Source\PSoC4/Timer_Int.c **** {
  47              		.loc 1 200 0
  48              		.cfi_startproc
  49              		@ args = 0, pretend = 0, frame = 0
  50              		@ frame_needed = 0, uses_anonymous_args = 0
  51              		@ link register save eliminated.
  52              	.LVL0:
 201:Generated_Source\PSoC4/Timer_Int.c ****     CyRamVectors[CYINT_IRQ_BASE + Timer_Int__INTC_NUMBER] = address;
  53              		.loc 1 201 0
  54 0000 9423     		movs	r3, #148
  55 0002 014A     		ldr	r2, .L3
  56 0004 D050     		str	r0, [r2, r3]
 202:Generated_Source\PSoC4/Timer_Int.c **** }
  57              		.loc 1 202 0
  58              		@ sp needed
  59 0006 7047     		bx	lr
  60              	.L4:
  61              		.align	2
  62              	.L3:
  63 0008 00000000 		.word	CyRamVectors
  64              		.cfi_endproc
  65              	.LFE5:
  66              		.size	Timer_Int_SetVector, .-Timer_Int_SetVector
  67              		.section	.text.Timer_Int_GetVector,"ax",%progbits
  68              		.align	2
  69              		.global	Timer_Int_GetVector
  70              		.code	16
  71              		.thumb_func
  72              		.type	Timer_Int_GetVector, %function
  73              	Timer_Int_GetVector:
  74              	.LFB6:
 203:Generated_Source\PSoC4/Timer_Int.c **** 
 204:Generated_Source\PSoC4/Timer_Int.c **** 
 205:Generated_Source\PSoC4/Timer_Int.c **** /*******************************************************************************
 206:Generated_Source\PSoC4/Timer_Int.c **** * Function Name: Timer_Int_GetVector
 207:Generated_Source\PSoC4/Timer_Int.c **** ********************************************************************************
 208:Generated_Source\PSoC4/Timer_Int.c **** *
 209:Generated_Source\PSoC4/Timer_Int.c **** * Summary:
 210:Generated_Source\PSoC4/Timer_Int.c **** *   Gets the "address" of the current ISR vector for the Interrupt.
 211:Generated_Source\PSoC4/Timer_Int.c **** *
ARM GAS  C:\Users\JamesN4\AppData\Local\Temp\cc78NrIU.s 			page 6


 212:Generated_Source\PSoC4/Timer_Int.c **** * Parameters:
 213:Generated_Source\PSoC4/Timer_Int.c **** *   None
 214:Generated_Source\PSoC4/Timer_Int.c **** *
 215:Generated_Source\PSoC4/Timer_Int.c **** * Return:
 216:Generated_Source\PSoC4/Timer_Int.c **** *   Address of the ISR in the interrupt vector table.
 217:Generated_Source\PSoC4/Timer_Int.c **** *
 218:Generated_Source\PSoC4/Timer_Int.c **** *******************************************************************************/
 219:Generated_Source\PSoC4/Timer_Int.c **** cyisraddress Timer_Int_GetVector(void)
 220:Generated_Source\PSoC4/Timer_Int.c **** {
  75              		.loc 1 220 0
  76              		.cfi_startproc
  77              		@ args = 0, pretend = 0, frame = 0
  78              		@ frame_needed = 0, uses_anonymous_args = 0
  79              		@ link register save eliminated.
 221:Generated_Source\PSoC4/Timer_Int.c ****     return CyRamVectors[CYINT_IRQ_BASE + Timer_Int__INTC_NUMBER];
  80              		.loc 1 221 0
  81 0000 9423     		movs	r3, #148
  82 0002 014A     		ldr	r2, .L6
  83 0004 D058     		ldr	r0, [r2, r3]
 222:Generated_Source\PSoC4/Timer_Int.c **** }
  84              		.loc 1 222 0
  85              		@ sp needed
  86 0006 7047     		bx	lr
  87              	.L7:
  88              		.align	2
  89              	.L6:
  90 0008 00000000 		.word	CyRamVectors
  91              		.cfi_endproc
  92              	.LFE6:
  93              		.size	Timer_Int_GetVector, .-Timer_Int_GetVector
  94              		.section	.text.Timer_Int_SetPriority,"ax",%progbits
  95              		.align	2
  96              		.global	Timer_Int_SetPriority
  97              		.code	16
  98              		.thumb_func
  99              		.type	Timer_Int_SetPriority, %function
 100              	Timer_Int_SetPriority:
 101              	.LFB7:
 223:Generated_Source\PSoC4/Timer_Int.c **** 
 224:Generated_Source\PSoC4/Timer_Int.c **** 
 225:Generated_Source\PSoC4/Timer_Int.c **** /*******************************************************************************
 226:Generated_Source\PSoC4/Timer_Int.c **** * Function Name: Timer_Int_SetPriority
 227:Generated_Source\PSoC4/Timer_Int.c **** ********************************************************************************
 228:Generated_Source\PSoC4/Timer_Int.c **** *
 229:Generated_Source\PSoC4/Timer_Int.c **** * Summary:
 230:Generated_Source\PSoC4/Timer_Int.c **** *   Sets the Priority of the Interrupt. 
 231:Generated_Source\PSoC4/Timer_Int.c **** *
 232:Generated_Source\PSoC4/Timer_Int.c **** *   Note calling Timer_Int_Start or Timer_Int_StartEx will 
 233:Generated_Source\PSoC4/Timer_Int.c **** *   override any effect this API would have had. This API should only be called
 234:Generated_Source\PSoC4/Timer_Int.c **** *   after Timer_Int_Start or Timer_Int_StartEx has been called. 
 235:Generated_Source\PSoC4/Timer_Int.c **** *   To set the initial priority for the component, use the Design-Wide Resources
 236:Generated_Source\PSoC4/Timer_Int.c **** *   Interrupt Editor.
 237:Generated_Source\PSoC4/Timer_Int.c **** *
 238:Generated_Source\PSoC4/Timer_Int.c **** *   Note This API has no effect on Non-maskable interrupt NMI).
 239:Generated_Source\PSoC4/Timer_Int.c **** *
 240:Generated_Source\PSoC4/Timer_Int.c **** * Parameters:
 241:Generated_Source\PSoC4/Timer_Int.c **** *   priority: Priority of the interrupt, 0 being the highest priority
ARM GAS  C:\Users\JamesN4\AppData\Local\Temp\cc78NrIU.s 			page 7


 242:Generated_Source\PSoC4/Timer_Int.c **** *             PSoC 3 and PSoC 5LP: Priority is from 0 to 7.
 243:Generated_Source\PSoC4/Timer_Int.c **** *             PSoC 4: Priority is from 0 to 3.
 244:Generated_Source\PSoC4/Timer_Int.c **** *
 245:Generated_Source\PSoC4/Timer_Int.c **** * Return:
 246:Generated_Source\PSoC4/Timer_Int.c **** *   None
 247:Generated_Source\PSoC4/Timer_Int.c **** *
 248:Generated_Source\PSoC4/Timer_Int.c **** *******************************************************************************/
 249:Generated_Source\PSoC4/Timer_Int.c **** void Timer_Int_SetPriority(uint8 priority)
 250:Generated_Source\PSoC4/Timer_Int.c **** {
 102              		.loc 1 250 0
 103              		.cfi_startproc
 104              		@ args = 0, pretend = 0, frame = 0
 105              		@ frame_needed = 0, uses_anonymous_args = 0
 106              	.LVL1:
 107 0000 10B5     		push	{r4, lr}
 108              		.cfi_def_cfa_offset 8
 109              		.cfi_offset 4, -8
 110              		.cfi_offset 14, -4
 111 0002 0400     		movs	r4, r0
 112              	.LVL2:
 251:Generated_Source\PSoC4/Timer_Int.c **** 	uint8 interruptState;
 252:Generated_Source\PSoC4/Timer_Int.c ****     uint32 priorityOffset = ((Timer_Int__INTC_NUMBER % 4u) * 8u) + 6u;
 253:Generated_Source\PSoC4/Timer_Int.c ****     
 254:Generated_Source\PSoC4/Timer_Int.c **** 	interruptState = CyEnterCriticalSection();
 113              		.loc 1 254 0
 114 0004 FFF7FEFF 		bl	CyEnterCriticalSection
 115              	.LVL3:
 255:Generated_Source\PSoC4/Timer_Int.c ****     *Timer_Int_INTC_PRIOR = (*Timer_Int_INTC_PRIOR & (uint32)(~Timer_Int__INTC_PRIOR_MASK)) |
 116              		.loc 1 255 0
 117 0008 044A     		ldr	r2, .L9
 118 000a 1168     		ldr	r1, [r2]
 119 000c 044B     		ldr	r3, .L9+4
 120 000e 0B40     		ands	r3, r1
 256:Generated_Source\PSoC4/Timer_Int.c ****                                     ((uint32)priority << priorityOffset);
 121              		.loc 1 256 0
 122 0010 A403     		lsls	r4, r4, #14
 255:Generated_Source\PSoC4/Timer_Int.c ****     *Timer_Int_INTC_PRIOR = (*Timer_Int_INTC_PRIOR & (uint32)(~Timer_Int__INTC_PRIOR_MASK)) |
 123              		.loc 1 255 0
 124 0012 1C43     		orrs	r4, r3
 125 0014 1460     		str	r4, [r2]
 257:Generated_Source\PSoC4/Timer_Int.c **** 	CyExitCriticalSection(interruptState);
 126              		.loc 1 257 0
 127 0016 FFF7FEFF 		bl	CyExitCriticalSection
 128              	.LVL4:
 258:Generated_Source\PSoC4/Timer_Int.c **** }
 129              		.loc 1 258 0
 130              		@ sp needed
 131 001a 10BD     		pop	{r4, pc}
 132              	.L10:
 133              		.align	2
 134              	.L9:
 135 001c 14E400E0 		.word	-536812524
 136 0020 FF3FFFFF 		.word	-49153
 137              		.cfi_endproc
 138              	.LFE7:
 139              		.size	Timer_Int_SetPriority, .-Timer_Int_SetPriority
 140              		.section	.text.Timer_Int_GetPriority,"ax",%progbits
ARM GAS  C:\Users\JamesN4\AppData\Local\Temp\cc78NrIU.s 			page 8


 141              		.align	2
 142              		.global	Timer_Int_GetPriority
 143              		.code	16
 144              		.thumb_func
 145              		.type	Timer_Int_GetPriority, %function
 146              	Timer_Int_GetPriority:
 147              	.LFB8:
 259:Generated_Source\PSoC4/Timer_Int.c **** 
 260:Generated_Source\PSoC4/Timer_Int.c **** 
 261:Generated_Source\PSoC4/Timer_Int.c **** /*******************************************************************************
 262:Generated_Source\PSoC4/Timer_Int.c **** * Function Name: Timer_Int_GetPriority
 263:Generated_Source\PSoC4/Timer_Int.c **** ********************************************************************************
 264:Generated_Source\PSoC4/Timer_Int.c **** *
 265:Generated_Source\PSoC4/Timer_Int.c **** * Summary:
 266:Generated_Source\PSoC4/Timer_Int.c **** *   Gets the Priority of the Interrupt.
 267:Generated_Source\PSoC4/Timer_Int.c **** *
 268:Generated_Source\PSoC4/Timer_Int.c **** * Parameters:
 269:Generated_Source\PSoC4/Timer_Int.c **** *   None
 270:Generated_Source\PSoC4/Timer_Int.c **** *
 271:Generated_Source\PSoC4/Timer_Int.c **** * Return:
 272:Generated_Source\PSoC4/Timer_Int.c **** *   Priority of the interrupt, 0 being the highest priority
 273:Generated_Source\PSoC4/Timer_Int.c **** *    PSoC 3 and PSoC 5LP: Priority is from 0 to 7.
 274:Generated_Source\PSoC4/Timer_Int.c **** *    PSoC 4: Priority is from 0 to 3.
 275:Generated_Source\PSoC4/Timer_Int.c **** *
 276:Generated_Source\PSoC4/Timer_Int.c **** *******************************************************************************/
 277:Generated_Source\PSoC4/Timer_Int.c **** uint8 Timer_Int_GetPriority(void)
 278:Generated_Source\PSoC4/Timer_Int.c **** {
 148              		.loc 1 278 0
 149              		.cfi_startproc
 150              		@ args = 0, pretend = 0, frame = 0
 151              		@ frame_needed = 0, uses_anonymous_args = 0
 152              		@ link register save eliminated.
 153              	.LVL5:
 279:Generated_Source\PSoC4/Timer_Int.c ****     uint32 priority;
 280:Generated_Source\PSoC4/Timer_Int.c **** 	uint32 priorityOffset = ((Timer_Int__INTC_NUMBER % 4u) * 8u) + 6u;
 281:Generated_Source\PSoC4/Timer_Int.c **** 
 282:Generated_Source\PSoC4/Timer_Int.c ****     priority = (*Timer_Int_INTC_PRIOR & Timer_Int__INTC_PRIOR_MASK) >> priorityOffset;
 154              		.loc 1 282 0
 155 0000 024B     		ldr	r3, .L12
 156 0002 1868     		ldr	r0, [r3]
 157 0004 800B     		lsrs	r0, r0, #14
 158              	.LVL6:
 283:Generated_Source\PSoC4/Timer_Int.c **** 
 284:Generated_Source\PSoC4/Timer_Int.c ****     return (uint8)priority;
 159              		.loc 1 284 0
 160 0006 0323     		movs	r3, #3
 161 0008 1840     		ands	r0, r3
 162              	.LVL7:
 285:Generated_Source\PSoC4/Timer_Int.c **** }
 163              		.loc 1 285 0
 164              		@ sp needed
 165 000a 7047     		bx	lr
 166              	.L13:
 167              		.align	2
 168              	.L12:
 169 000c 14E400E0 		.word	-536812524
 170              		.cfi_endproc
ARM GAS  C:\Users\JamesN4\AppData\Local\Temp\cc78NrIU.s 			page 9


 171              	.LFE8:
 172              		.size	Timer_Int_GetPriority, .-Timer_Int_GetPriority
 173              		.section	.text.Timer_Int_Enable,"ax",%progbits
 174              		.align	2
 175              		.global	Timer_Int_Enable
 176              		.code	16
 177              		.thumb_func
 178              		.type	Timer_Int_Enable, %function
 179              	Timer_Int_Enable:
 180              	.LFB9:
 286:Generated_Source\PSoC4/Timer_Int.c **** 
 287:Generated_Source\PSoC4/Timer_Int.c **** 
 288:Generated_Source\PSoC4/Timer_Int.c **** /*******************************************************************************
 289:Generated_Source\PSoC4/Timer_Int.c **** * Function Name: Timer_Int_Enable
 290:Generated_Source\PSoC4/Timer_Int.c **** ********************************************************************************
 291:Generated_Source\PSoC4/Timer_Int.c **** *
 292:Generated_Source\PSoC4/Timer_Int.c **** * Summary:
 293:Generated_Source\PSoC4/Timer_Int.c **** *   Enables the interrupt to the interrupt controller. Do not call this function
 294:Generated_Source\PSoC4/Timer_Int.c **** *   unless ISR_Start() has been called or the functionality of the ISR_Start() 
 295:Generated_Source\PSoC4/Timer_Int.c **** *   function, which sets the vector and the priority, has been called.
 296:Generated_Source\PSoC4/Timer_Int.c **** *
 297:Generated_Source\PSoC4/Timer_Int.c **** * Parameters:
 298:Generated_Source\PSoC4/Timer_Int.c **** *   None
 299:Generated_Source\PSoC4/Timer_Int.c **** *
 300:Generated_Source\PSoC4/Timer_Int.c **** * Return:
 301:Generated_Source\PSoC4/Timer_Int.c **** *   None
 302:Generated_Source\PSoC4/Timer_Int.c **** *
 303:Generated_Source\PSoC4/Timer_Int.c **** *******************************************************************************/
 304:Generated_Source\PSoC4/Timer_Int.c **** void Timer_Int_Enable(void)
 305:Generated_Source\PSoC4/Timer_Int.c **** {
 181              		.loc 1 305 0
 182              		.cfi_startproc
 183              		@ args = 0, pretend = 0, frame = 0
 184              		@ frame_needed = 0, uses_anonymous_args = 0
 185              		@ link register save eliminated.
 306:Generated_Source\PSoC4/Timer_Int.c ****     /* Enable the general interrupt. */
 307:Generated_Source\PSoC4/Timer_Int.c ****     *Timer_Int_INTC_SET_EN = Timer_Int__INTC_MASK;
 186              		.loc 1 307 0
 187 0000 8022     		movs	r2, #128
 188 0002 9203     		lsls	r2, r2, #14
 189 0004 014B     		ldr	r3, .L15
 190 0006 1A60     		str	r2, [r3]
 308:Generated_Source\PSoC4/Timer_Int.c **** }
 191              		.loc 1 308 0
 192              		@ sp needed
 193 0008 7047     		bx	lr
 194              	.L16:
 195 000a C046     		.align	2
 196              	.L15:
 197 000c 00E100E0 		.word	-536813312
 198              		.cfi_endproc
 199              	.LFE9:
 200              		.size	Timer_Int_Enable, .-Timer_Int_Enable
 201              		.section	.text.Timer_Int_GetState,"ax",%progbits
 202              		.align	2
 203              		.global	Timer_Int_GetState
 204              		.code	16
ARM GAS  C:\Users\JamesN4\AppData\Local\Temp\cc78NrIU.s 			page 10


 205              		.thumb_func
 206              		.type	Timer_Int_GetState, %function
 207              	Timer_Int_GetState:
 208              	.LFB10:
 309:Generated_Source\PSoC4/Timer_Int.c **** 
 310:Generated_Source\PSoC4/Timer_Int.c **** 
 311:Generated_Source\PSoC4/Timer_Int.c **** /*******************************************************************************
 312:Generated_Source\PSoC4/Timer_Int.c **** * Function Name: Timer_Int_GetState
 313:Generated_Source\PSoC4/Timer_Int.c **** ********************************************************************************
 314:Generated_Source\PSoC4/Timer_Int.c **** *
 315:Generated_Source\PSoC4/Timer_Int.c **** * Summary:
 316:Generated_Source\PSoC4/Timer_Int.c **** *   Gets the state (enabled, disabled) of the Interrupt.
 317:Generated_Source\PSoC4/Timer_Int.c **** *
 318:Generated_Source\PSoC4/Timer_Int.c **** * Parameters:
 319:Generated_Source\PSoC4/Timer_Int.c **** *   None
 320:Generated_Source\PSoC4/Timer_Int.c **** *
 321:Generated_Source\PSoC4/Timer_Int.c **** * Return:
 322:Generated_Source\PSoC4/Timer_Int.c **** *   1 if enabled, 0 if disabled.
 323:Generated_Source\PSoC4/Timer_Int.c **** *
 324:Generated_Source\PSoC4/Timer_Int.c **** *******************************************************************************/
 325:Generated_Source\PSoC4/Timer_Int.c **** uint8 Timer_Int_GetState(void)
 326:Generated_Source\PSoC4/Timer_Int.c **** {
 209              		.loc 1 326 0
 210              		.cfi_startproc
 211              		@ args = 0, pretend = 0, frame = 0
 212              		@ frame_needed = 0, uses_anonymous_args = 0
 213              		@ link register save eliminated.
 327:Generated_Source\PSoC4/Timer_Int.c ****     /* Get the state of the general interrupt. */
 328:Generated_Source\PSoC4/Timer_Int.c ****     return ((*Timer_Int_INTC_SET_EN & (uint32)Timer_Int__INTC_MASK) != 0u) ? 1u:0u;
 214              		.loc 1 328 0
 215 0000 034B     		ldr	r3, .L20
 216 0002 1B68     		ldr	r3, [r3]
 217 0004 9B02     		lsls	r3, r3, #10
 218 0006 01D5     		bpl	.L19
 219 0008 0120     		movs	r0, #1
 220 000a 00E0     		b	.L18
 221              	.L19:
 222 000c 0020     		movs	r0, #0
 223              	.L18:
 329:Generated_Source\PSoC4/Timer_Int.c **** }
 224              		.loc 1 329 0 discriminator 4
 225              		@ sp needed
 226 000e 7047     		bx	lr
 227              	.L21:
 228              		.align	2
 229              	.L20:
 230 0010 00E100E0 		.word	-536813312
 231              		.cfi_endproc
 232              	.LFE10:
 233              		.size	Timer_Int_GetState, .-Timer_Int_GetState
 234              		.section	.text.Timer_Int_Disable,"ax",%progbits
 235              		.align	2
 236              		.global	Timer_Int_Disable
 237              		.code	16
 238              		.thumb_func
 239              		.type	Timer_Int_Disable, %function
 240              	Timer_Int_Disable:
ARM GAS  C:\Users\JamesN4\AppData\Local\Temp\cc78NrIU.s 			page 11


 241              	.LFB11:
 330:Generated_Source\PSoC4/Timer_Int.c **** 
 331:Generated_Source\PSoC4/Timer_Int.c **** 
 332:Generated_Source\PSoC4/Timer_Int.c **** /*******************************************************************************
 333:Generated_Source\PSoC4/Timer_Int.c **** * Function Name: Timer_Int_Disable
 334:Generated_Source\PSoC4/Timer_Int.c **** ********************************************************************************
 335:Generated_Source\PSoC4/Timer_Int.c **** *
 336:Generated_Source\PSoC4/Timer_Int.c **** * Summary:
 337:Generated_Source\PSoC4/Timer_Int.c **** *   Disables the Interrupt in the interrupt controller.
 338:Generated_Source\PSoC4/Timer_Int.c **** *
 339:Generated_Source\PSoC4/Timer_Int.c **** * Parameters:
 340:Generated_Source\PSoC4/Timer_Int.c **** *   None
 341:Generated_Source\PSoC4/Timer_Int.c **** *
 342:Generated_Source\PSoC4/Timer_Int.c **** * Return:
 343:Generated_Source\PSoC4/Timer_Int.c **** *   None
 344:Generated_Source\PSoC4/Timer_Int.c **** *
 345:Generated_Source\PSoC4/Timer_Int.c **** *******************************************************************************/
 346:Generated_Source\PSoC4/Timer_Int.c **** void Timer_Int_Disable(void)
 347:Generated_Source\PSoC4/Timer_Int.c **** {
 242              		.loc 1 347 0
 243              		.cfi_startproc
 244              		@ args = 0, pretend = 0, frame = 0
 245              		@ frame_needed = 0, uses_anonymous_args = 0
 246              		@ link register save eliminated.
 348:Generated_Source\PSoC4/Timer_Int.c ****     /* Disable the general interrupt. */
 349:Generated_Source\PSoC4/Timer_Int.c ****     *Timer_Int_INTC_CLR_EN = Timer_Int__INTC_MASK;
 247              		.loc 1 349 0
 248 0000 8022     		movs	r2, #128
 249 0002 9203     		lsls	r2, r2, #14
 250 0004 014B     		ldr	r3, .L23
 251 0006 1A60     		str	r2, [r3]
 350:Generated_Source\PSoC4/Timer_Int.c **** }
 252              		.loc 1 350 0
 253              		@ sp needed
 254 0008 7047     		bx	lr
 255              	.L24:
 256 000a C046     		.align	2
 257              	.L23:
 258 000c 80E100E0 		.word	-536813184
 259              		.cfi_endproc
 260              	.LFE11:
 261              		.size	Timer_Int_Disable, .-Timer_Int_Disable
 262              		.section	.text.Timer_Int_Start,"ax",%progbits
 263              		.align	2
 264              		.global	Timer_Int_Start
 265              		.code	16
 266              		.thumb_func
 267              		.type	Timer_Int_Start, %function
 268              	Timer_Int_Start:
 269              	.LFB1:
  57:Generated_Source\PSoC4/Timer_Int.c ****     /* For all we know the interrupt is active. */
 270              		.loc 1 57 0
 271              		.cfi_startproc
 272              		@ args = 0, pretend = 0, frame = 0
 273              		@ frame_needed = 0, uses_anonymous_args = 0
 274 0000 10B5     		push	{r4, lr}
 275              		.cfi_def_cfa_offset 8
ARM GAS  C:\Users\JamesN4\AppData\Local\Temp\cc78NrIU.s 			page 12


 276              		.cfi_offset 4, -8
 277              		.cfi_offset 14, -4
  59:Generated_Source\PSoC4/Timer_Int.c **** 
 278              		.loc 1 59 0
 279 0002 FFF7FEFF 		bl	Timer_Int_Disable
 280              	.LVL8:
  62:Generated_Source\PSoC4/Timer_Int.c **** 
 281              		.loc 1 62 0
 282 0006 0448     		ldr	r0, .L26
 283 0008 FFF7FEFF 		bl	Timer_Int_SetVector
 284              	.LVL9:
  65:Generated_Source\PSoC4/Timer_Int.c **** 
 285              		.loc 1 65 0
 286 000c 0320     		movs	r0, #3
 287 000e FFF7FEFF 		bl	Timer_Int_SetPriority
 288              	.LVL10:
  68:Generated_Source\PSoC4/Timer_Int.c **** }
 289              		.loc 1 68 0
 290 0012 FFF7FEFF 		bl	Timer_Int_Enable
 291              	.LVL11:
  69:Generated_Source\PSoC4/Timer_Int.c **** 
 292              		.loc 1 69 0
 293              		@ sp needed
 294 0016 10BD     		pop	{r4, pc}
 295              	.L27:
 296              		.align	2
 297              	.L26:
 298 0018 00000000 		.word	Timer_Int_Interrupt
 299              		.cfi_endproc
 300              	.LFE1:
 301              		.size	Timer_Int_Start, .-Timer_Int_Start
 302              		.section	.text.Timer_Int_StartEx,"ax",%progbits
 303              		.align	2
 304              		.global	Timer_Int_StartEx
 305              		.code	16
 306              		.thumb_func
 307              		.type	Timer_Int_StartEx, %function
 308              	Timer_Int_StartEx:
 309              	.LFB2:
 100:Generated_Source\PSoC4/Timer_Int.c ****     /* For all we know the interrupt is active. */
 310              		.loc 1 100 0
 311              		.cfi_startproc
 312              		@ args = 0, pretend = 0, frame = 0
 313              		@ frame_needed = 0, uses_anonymous_args = 0
 314              	.LVL12:
 315 0000 10B5     		push	{r4, lr}
 316              		.cfi_def_cfa_offset 8
 317              		.cfi_offset 4, -8
 318              		.cfi_offset 14, -4
 319 0002 0400     		movs	r4, r0
 102:Generated_Source\PSoC4/Timer_Int.c **** 
 320              		.loc 1 102 0
 321 0004 FFF7FEFF 		bl	Timer_Int_Disable
 322              	.LVL13:
 105:Generated_Source\PSoC4/Timer_Int.c **** 
 323              		.loc 1 105 0
 324 0008 2000     		movs	r0, r4
ARM GAS  C:\Users\JamesN4\AppData\Local\Temp\cc78NrIU.s 			page 13


 325 000a FFF7FEFF 		bl	Timer_Int_SetVector
 326              	.LVL14:
 108:Generated_Source\PSoC4/Timer_Int.c **** 
 327              		.loc 1 108 0
 328 000e 0320     		movs	r0, #3
 329 0010 FFF7FEFF 		bl	Timer_Int_SetPriority
 330              	.LVL15:
 111:Generated_Source\PSoC4/Timer_Int.c **** }
 331              		.loc 1 111 0
 332 0014 FFF7FEFF 		bl	Timer_Int_Enable
 333              	.LVL16:
 112:Generated_Source\PSoC4/Timer_Int.c **** 
 334              		.loc 1 112 0
 335              		@ sp needed
 336              	.LVL17:
 337 0018 10BD     		pop	{r4, pc}
 338              		.cfi_endproc
 339              	.LFE2:
 340              		.size	Timer_Int_StartEx, .-Timer_Int_StartEx
 341 001a C046     		.section	.text.Timer_Int_Stop,"ax",%progbits
 342              		.align	2
 343              		.global	Timer_Int_Stop
 344              		.code	16
 345              		.thumb_func
 346              		.type	Timer_Int_Stop, %function
 347              	Timer_Int_Stop:
 348              	.LFB3:
 130:Generated_Source\PSoC4/Timer_Int.c ****     /* Disable this interrupt. */
 349              		.loc 1 130 0
 350              		.cfi_startproc
 351              		@ args = 0, pretend = 0, frame = 0
 352              		@ frame_needed = 0, uses_anonymous_args = 0
 353 0000 10B5     		push	{r4, lr}
 354              		.cfi_def_cfa_offset 8
 355              		.cfi_offset 4, -8
 356              		.cfi_offset 14, -4
 132:Generated_Source\PSoC4/Timer_Int.c **** 
 357              		.loc 1 132 0
 358 0002 FFF7FEFF 		bl	Timer_Int_Disable
 359              	.LVL18:
 135:Generated_Source\PSoC4/Timer_Int.c **** }
 360              		.loc 1 135 0
 361 0006 0248     		ldr	r0, .L30
 362 0008 FFF7FEFF 		bl	Timer_Int_SetVector
 363              	.LVL19:
 136:Generated_Source\PSoC4/Timer_Int.c **** 
 364              		.loc 1 136 0
 365              		@ sp needed
 366 000c 10BD     		pop	{r4, pc}
 367              	.L31:
 368 000e C046     		.align	2
 369              	.L30:
 370 0010 00000000 		.word	IntDefaultHandler
 371              		.cfi_endproc
 372              	.LFE3:
 373              		.size	Timer_Int_Stop, .-Timer_Int_Stop
 374              		.section	.text.Timer_Int_SetPending,"ax",%progbits
ARM GAS  C:\Users\JamesN4\AppData\Local\Temp\cc78NrIU.s 			page 14


 375              		.align	2
 376              		.global	Timer_Int_SetPending
 377              		.code	16
 378              		.thumb_func
 379              		.type	Timer_Int_SetPending, %function
 380              	Timer_Int_SetPending:
 381              	.LFB12:
 351:Generated_Source\PSoC4/Timer_Int.c **** 
 352:Generated_Source\PSoC4/Timer_Int.c **** 
 353:Generated_Source\PSoC4/Timer_Int.c **** /*******************************************************************************
 354:Generated_Source\PSoC4/Timer_Int.c **** * Function Name: Timer_Int_SetPending
 355:Generated_Source\PSoC4/Timer_Int.c **** ********************************************************************************
 356:Generated_Source\PSoC4/Timer_Int.c **** *
 357:Generated_Source\PSoC4/Timer_Int.c **** * Summary:
 358:Generated_Source\PSoC4/Timer_Int.c **** *   Causes the Interrupt to enter the pending state, a software method of
 359:Generated_Source\PSoC4/Timer_Int.c **** *   generating the interrupt.
 360:Generated_Source\PSoC4/Timer_Int.c **** *
 361:Generated_Source\PSoC4/Timer_Int.c **** * Parameters:
 362:Generated_Source\PSoC4/Timer_Int.c **** *   None
 363:Generated_Source\PSoC4/Timer_Int.c **** *
 364:Generated_Source\PSoC4/Timer_Int.c **** * Return:
 365:Generated_Source\PSoC4/Timer_Int.c **** *   None
 366:Generated_Source\PSoC4/Timer_Int.c **** *
 367:Generated_Source\PSoC4/Timer_Int.c **** * Side Effects:
 368:Generated_Source\PSoC4/Timer_Int.c **** *   If interrupts are enabled and the interrupt is set up properly, the ISR is
 369:Generated_Source\PSoC4/Timer_Int.c **** *   entered (depending on the priority of this interrupt and other pending 
 370:Generated_Source\PSoC4/Timer_Int.c **** *   interrupts).
 371:Generated_Source\PSoC4/Timer_Int.c **** *
 372:Generated_Source\PSoC4/Timer_Int.c **** *******************************************************************************/
 373:Generated_Source\PSoC4/Timer_Int.c **** void Timer_Int_SetPending(void)
 374:Generated_Source\PSoC4/Timer_Int.c **** {
 382              		.loc 1 374 0
 383              		.cfi_startproc
 384              		@ args = 0, pretend = 0, frame = 0
 385              		@ frame_needed = 0, uses_anonymous_args = 0
 386              		@ link register save eliminated.
 375:Generated_Source\PSoC4/Timer_Int.c ****     *Timer_Int_INTC_SET_PD = Timer_Int__INTC_MASK;
 387              		.loc 1 375 0
 388 0000 8022     		movs	r2, #128
 389 0002 9203     		lsls	r2, r2, #14
 390 0004 014B     		ldr	r3, .L33
 391 0006 1A60     		str	r2, [r3]
 376:Generated_Source\PSoC4/Timer_Int.c **** }
 392              		.loc 1 376 0
 393              		@ sp needed
 394 0008 7047     		bx	lr
 395              	.L34:
 396 000a C046     		.align	2
 397              	.L33:
 398 000c 00E200E0 		.word	-536813056
 399              		.cfi_endproc
 400              	.LFE12:
 401              		.size	Timer_Int_SetPending, .-Timer_Int_SetPending
 402              		.section	.text.Timer_Int_ClearPending,"ax",%progbits
 403              		.align	2
 404              		.global	Timer_Int_ClearPending
 405              		.code	16
ARM GAS  C:\Users\JamesN4\AppData\Local\Temp\cc78NrIU.s 			page 15


 406              		.thumb_func
 407              		.type	Timer_Int_ClearPending, %function
 408              	Timer_Int_ClearPending:
 409              	.LFB13:
 377:Generated_Source\PSoC4/Timer_Int.c **** 
 378:Generated_Source\PSoC4/Timer_Int.c **** 
 379:Generated_Source\PSoC4/Timer_Int.c **** /*******************************************************************************
 380:Generated_Source\PSoC4/Timer_Int.c **** * Function Name: Timer_Int_ClearPending
 381:Generated_Source\PSoC4/Timer_Int.c **** ********************************************************************************
 382:Generated_Source\PSoC4/Timer_Int.c **** *
 383:Generated_Source\PSoC4/Timer_Int.c **** * Summary:
 384:Generated_Source\PSoC4/Timer_Int.c **** *   Clears a pending interrupt in the interrupt controller.
 385:Generated_Source\PSoC4/Timer_Int.c **** *
 386:Generated_Source\PSoC4/Timer_Int.c **** *   Note Some interrupt sources are clear-on-read and require the block 
 387:Generated_Source\PSoC4/Timer_Int.c **** *   interrupt/status register to be read/cleared with the appropriate block API 
 388:Generated_Source\PSoC4/Timer_Int.c **** *   (GPIO, UART, and so on). Otherwise the ISR will continue to remain in 
 389:Generated_Source\PSoC4/Timer_Int.c **** *   pending state even though the interrupt itself is cleared using this API.
 390:Generated_Source\PSoC4/Timer_Int.c **** *
 391:Generated_Source\PSoC4/Timer_Int.c **** * Parameters:
 392:Generated_Source\PSoC4/Timer_Int.c **** *   None
 393:Generated_Source\PSoC4/Timer_Int.c **** *
 394:Generated_Source\PSoC4/Timer_Int.c **** * Return:
 395:Generated_Source\PSoC4/Timer_Int.c **** *   None
 396:Generated_Source\PSoC4/Timer_Int.c **** *
 397:Generated_Source\PSoC4/Timer_Int.c **** *******************************************************************************/
 398:Generated_Source\PSoC4/Timer_Int.c **** void Timer_Int_ClearPending(void)
 399:Generated_Source\PSoC4/Timer_Int.c **** {
 410              		.loc 1 399 0
 411              		.cfi_startproc
 412              		@ args = 0, pretend = 0, frame = 0
 413              		@ frame_needed = 0, uses_anonymous_args = 0
 414              		@ link register save eliminated.
 400:Generated_Source\PSoC4/Timer_Int.c ****     *Timer_Int_INTC_CLR_PD = Timer_Int__INTC_MASK;
 415              		.loc 1 400 0
 416 0000 8022     		movs	r2, #128
 417 0002 9203     		lsls	r2, r2, #14
 418 0004 014B     		ldr	r3, .L36
 419 0006 1A60     		str	r2, [r3]
 401:Generated_Source\PSoC4/Timer_Int.c **** }
 420              		.loc 1 401 0
 421              		@ sp needed
 422 0008 7047     		bx	lr
 423              	.L37:
 424 000a C046     		.align	2
 425              	.L36:
 426 000c 80E200E0 		.word	-536812928
 427              		.cfi_endproc
 428              	.LFE13:
 429              		.size	Timer_Int_ClearPending, .-Timer_Int_ClearPending
 430              		.text
 431              	.Letext0:
 432              		.file 2 "Generated_Source\\PSoC4/cytypes.h"
 433              		.file 3 "Generated_Source\\PSoC4/CyLib.h"
 434              		.section	.debug_info,"",%progbits
 435              	.Ldebug_info0:
 436 0000 01030000 		.4byte	0x301
 437 0004 0400     		.2byte	0x4
ARM GAS  C:\Users\JamesN4\AppData\Local\Temp\cc78NrIU.s 			page 16


 438 0006 00000000 		.4byte	.Ldebug_abbrev0
 439 000a 04       		.byte	0x4
 440 000b 01       		.uleb128 0x1
 441 000c E8010000 		.4byte	.LASF36
 442 0010 0C       		.byte	0xc
 443 0011 8D020000 		.4byte	.LASF37
 444 0015 62000000 		.4byte	.LASF38
 445 0019 00000000 		.4byte	.Ldebug_ranges0+0
 446 001d 00000000 		.4byte	0
 447 0021 00000000 		.4byte	.Ldebug_line0
 448 0025 02       		.uleb128 0x2
 449 0026 01       		.byte	0x1
 450 0027 06       		.byte	0x6
 451 0028 1F030000 		.4byte	.LASF0
 452 002c 02       		.uleb128 0x2
 453 002d 01       		.byte	0x1
 454 002e 08       		.byte	0x8
 455 002f ED000000 		.4byte	.LASF1
 456 0033 02       		.uleb128 0x2
 457 0034 02       		.byte	0x2
 458 0035 05       		.byte	0x5
 459 0036 C7020000 		.4byte	.LASF2
 460 003a 02       		.uleb128 0x2
 461 003b 02       		.byte	0x2
 462 003c 07       		.byte	0x7
 463 003d 4F000000 		.4byte	.LASF3
 464 0041 02       		.uleb128 0x2
 465 0042 04       		.byte	0x4
 466 0043 05       		.byte	0x5
 467 0044 F5020000 		.4byte	.LASF4
 468 0048 02       		.uleb128 0x2
 469 0049 04       		.byte	0x4
 470 004a 07       		.byte	0x7
 471 004b 0A010000 		.4byte	.LASF5
 472 004f 02       		.uleb128 0x2
 473 0050 08       		.byte	0x8
 474 0051 05       		.byte	0x5
 475 0052 7F020000 		.4byte	.LASF6
 476 0056 02       		.uleb128 0x2
 477 0057 08       		.byte	0x8
 478 0058 07       		.byte	0x7
 479 0059 D6000000 		.4byte	.LASF7
 480 005d 03       		.uleb128 0x3
 481 005e 04       		.byte	0x4
 482 005f 05       		.byte	0x5
 483 0060 696E7400 		.ascii	"int\000"
 484 0064 02       		.uleb128 0x2
 485 0065 04       		.byte	0x4
 486 0066 07       		.byte	0x7
 487 0067 8E010000 		.4byte	.LASF8
 488 006b 04       		.uleb128 0x4
 489 006c 1C010000 		.4byte	.LASF9
 490 0070 02       		.byte	0x2
 491 0071 D201     		.2byte	0x1d2
 492 0073 2C000000 		.4byte	0x2c
 493 0077 04       		.uleb128 0x4
 494 0078 70010000 		.4byte	.LASF10
ARM GAS  C:\Users\JamesN4\AppData\Local\Temp\cc78NrIU.s 			page 17


 495 007c 02       		.byte	0x2
 496 007d D401     		.2byte	0x1d4
 497 007f 48000000 		.4byte	0x48
 498 0083 02       		.uleb128 0x2
 499 0084 04       		.byte	0x4
 500 0085 04       		.byte	0x4
 501 0086 D0000000 		.4byte	.LASF11
 502 008a 02       		.uleb128 0x2
 503 008b 08       		.byte	0x8
 504 008c 04       		.byte	0x4
 505 008d 55010000 		.4byte	.LASF12
 506 0091 02       		.uleb128 0x2
 507 0092 01       		.byte	0x1
 508 0093 08       		.byte	0x8
 509 0094 FE020000 		.4byte	.LASF13
 510 0098 04       		.uleb128 0x4
 511 0099 00000000 		.4byte	.LASF14
 512 009d 02       		.byte	0x2
 513 009e 7E02     		.2byte	0x27e
 514 00a0 A4000000 		.4byte	0xa4
 515 00a4 05       		.uleb128 0x5
 516 00a5 77000000 		.4byte	0x77
 517 00a9 04       		.uleb128 0x4
 518 00aa DB010000 		.4byte	.LASF15
 519 00ae 02       		.byte	0x2
 520 00af 8E02     		.2byte	0x28e
 521 00b1 B5000000 		.4byte	0xb5
 522 00b5 06       		.uleb128 0x6
 523 00b6 04       		.byte	0x4
 524 00b7 BB000000 		.4byte	0xbb
 525 00bb 07       		.uleb128 0x7
 526 00bc 02       		.uleb128 0x2
 527 00bd 08       		.byte	0x8
 528 00be 04       		.byte	0x4
 529 00bf 03030000 		.4byte	.LASF16
 530 00c3 02       		.uleb128 0x2
 531 00c4 04       		.byte	0x4
 532 00c5 07       		.byte	0x7
 533 00c6 76020000 		.4byte	.LASF17
 534 00ca 08       		.uleb128 0x8
 535 00cb 5C010000 		.4byte	.LASF24
 536 00cf 01       		.byte	0x1
 537 00d0 9F       		.byte	0x9f
 538 00d1 00000000 		.4byte	.LFB4
 539 00d5 02000000 		.4byte	.LFE4-.LFB4
 540 00d9 01       		.uleb128 0x1
 541 00da 9C       		.byte	0x9c
 542 00db 09       		.uleb128 0x9
 543 00dc 18000000 		.4byte	.LASF18
 544 00e0 01       		.byte	0x1
 545 00e1 C7       		.byte	0xc7
 546 00e2 00000000 		.4byte	.LFB5
 547 00e6 0C000000 		.4byte	.LFE5-.LFB5
 548 00ea 01       		.uleb128 0x1
 549 00eb 9C       		.byte	0x9c
 550 00ec FE000000 		.4byte	0xfe
 551 00f0 0A       		.uleb128 0xa
ARM GAS  C:\Users\JamesN4\AppData\Local\Temp\cc78NrIU.s 			page 18


 552 00f1 9B010000 		.4byte	.LASF20
 553 00f5 01       		.byte	0x1
 554 00f6 C7       		.byte	0xc7
 555 00f7 A9000000 		.4byte	0xa9
 556 00fb 01       		.uleb128 0x1
 557 00fc 50       		.byte	0x50
 558 00fd 00       		.byte	0
 559 00fe 0B       		.uleb128 0xb
 560 00ff 41010000 		.4byte	.LASF26
 561 0103 01       		.byte	0x1
 562 0104 DB       		.byte	0xdb
 563 0105 A9000000 		.4byte	0xa9
 564 0109 00000000 		.4byte	.LFB6
 565 010d 0C000000 		.4byte	.LFE6-.LFB6
 566 0111 01       		.uleb128 0x1
 567 0112 9C       		.byte	0x9c
 568 0113 09       		.uleb128 0x9
 569 0114 22010000 		.4byte	.LASF19
 570 0118 01       		.byte	0x1
 571 0119 F9       		.byte	0xf9
 572 011a 00000000 		.4byte	.LFB7
 573 011e 24000000 		.4byte	.LFE7-.LFB7
 574 0122 01       		.uleb128 0x1
 575 0123 9C       		.byte	0x9c
 576 0124 65010000 		.4byte	0x165
 577 0128 0C       		.uleb128 0xc
 578 0129 38010000 		.4byte	.LASF21
 579 012d 01       		.byte	0x1
 580 012e F9       		.byte	0xf9
 581 012f 6B000000 		.4byte	0x6b
 582 0133 00000000 		.4byte	.LLST0
 583 0137 0D       		.uleb128 0xd
 584 0138 FB000000 		.4byte	.LASF22
 585 013c 01       		.byte	0x1
 586 013d FB       		.byte	0xfb
 587 013e 6B000000 		.4byte	0x6b
 588 0142 21000000 		.4byte	.LLST1
 589 0146 0E       		.uleb128 0xe
 590 0147 E6020000 		.4byte	.LASF23
 591 014b 01       		.byte	0x1
 592 014c FC       		.byte	0xfc
 593 014d 77000000 		.4byte	0x77
 594 0151 0E       		.byte	0xe
 595 0152 0F       		.uleb128 0xf
 596 0153 08000000 		.4byte	.LVL3
 597 0157 EE020000 		.4byte	0x2ee
 598 015b 0F       		.uleb128 0xf
 599 015c 1A000000 		.4byte	.LVL4
 600 0160 F9020000 		.4byte	0x2f9
 601 0164 00       		.byte	0
 602 0165 10       		.uleb128 0x10
 603 0166 39000000 		.4byte	.LASF39
 604 016a 01       		.byte	0x1
 605 016b 1501     		.2byte	0x115
 606 016d 6B000000 		.4byte	0x6b
 607 0171 00000000 		.4byte	.LFB8
 608 0175 10000000 		.4byte	.LFE8-.LFB8
ARM GAS  C:\Users\JamesN4\AppData\Local\Temp\cc78NrIU.s 			page 19


 609 0179 01       		.uleb128 0x1
 610 017a 9C       		.byte	0x9c
 611 017b 9D010000 		.4byte	0x19d
 612 017f 11       		.uleb128 0x11
 613 0180 38010000 		.4byte	.LASF21
 614 0184 01       		.byte	0x1
 615 0185 1701     		.2byte	0x117
 616 0187 77000000 		.4byte	0x77
 617 018b 34000000 		.4byte	.LLST2
 618 018f 12       		.uleb128 0x12
 619 0190 E6020000 		.4byte	.LASF23
 620 0194 01       		.byte	0x1
 621 0195 1801     		.2byte	0x118
 622 0197 77000000 		.4byte	0x77
 623 019b 0E       		.byte	0xe
 624 019c 00       		.byte	0
 625 019d 13       		.uleb128 0x13
 626 019e 2B030000 		.4byte	.LASF25
 627 01a2 01       		.byte	0x1
 628 01a3 3001     		.2byte	0x130
 629 01a5 00000000 		.4byte	.LFB9
 630 01a9 10000000 		.4byte	.LFE9-.LFB9
 631 01ad 01       		.uleb128 0x1
 632 01ae 9C       		.byte	0x9c
 633 01af 14       		.uleb128 0x14
 634 01b0 B9010000 		.4byte	.LASF27
 635 01b4 01       		.byte	0x1
 636 01b5 4501     		.2byte	0x145
 637 01b7 6B000000 		.4byte	0x6b
 638 01bb 00000000 		.4byte	.LFB10
 639 01bf 14000000 		.4byte	.LFE10-.LFB10
 640 01c3 01       		.uleb128 0x1
 641 01c4 9C       		.byte	0x9c
 642 01c5 13       		.uleb128 0x13
 643 01c6 BE000000 		.4byte	.LASF28
 644 01ca 01       		.byte	0x1
 645 01cb 5A01     		.2byte	0x15a
 646 01cd 00000000 		.4byte	.LFB11
 647 01d1 10000000 		.4byte	.LFE11-.LFB11
 648 01d5 01       		.uleb128 0x1
 649 01d6 9C       		.byte	0x9c
 650 01d7 09       		.uleb128 0x9
 651 01d8 0F030000 		.4byte	.LASF29
 652 01dc 01       		.byte	0x1
 653 01dd 38       		.byte	0x38
 654 01de 00000000 		.4byte	.LFB1
 655 01e2 1C000000 		.4byte	.LFE1-.LFB1
 656 01e6 01       		.uleb128 0x1
 657 01e7 9C       		.byte	0x9c
 658 01e8 29020000 		.4byte	0x229
 659 01ec 0F       		.uleb128 0xf
 660 01ed 06000000 		.4byte	.LVL8
 661 01f1 C5010000 		.4byte	0x1c5
 662 01f5 15       		.uleb128 0x15
 663 01f6 0C000000 		.4byte	.LVL9
 664 01fa DB000000 		.4byte	0xdb
 665 01fe 0C020000 		.4byte	0x20c
ARM GAS  C:\Users\JamesN4\AppData\Local\Temp\cc78NrIU.s 			page 20


 666 0202 16       		.uleb128 0x16
 667 0203 01       		.uleb128 0x1
 668 0204 50       		.byte	0x50
 669 0205 05       		.uleb128 0x5
 670 0206 03       		.byte	0x3
 671 0207 00000000 		.4byte	Timer_Int_Interrupt
 672 020b 00       		.byte	0
 673 020c 15       		.uleb128 0x15
 674 020d 12000000 		.4byte	.LVL10
 675 0211 13010000 		.4byte	0x113
 676 0215 1F020000 		.4byte	0x21f
 677 0219 16       		.uleb128 0x16
 678 021a 01       		.uleb128 0x1
 679 021b 50       		.byte	0x50
 680 021c 01       		.uleb128 0x1
 681 021d 33       		.byte	0x33
 682 021e 00       		.byte	0
 683 021f 0F       		.uleb128 0xf
 684 0220 16000000 		.4byte	.LVL11
 685 0224 9D010000 		.4byte	0x19d
 686 0228 00       		.byte	0
 687 0229 09       		.uleb128 0x9
 688 022a 06000000 		.4byte	.LASF30
 689 022e 01       		.byte	0x1
 690 022f 63       		.byte	0x63
 691 0230 00000000 		.4byte	.LFB2
 692 0234 1A000000 		.4byte	.LFE2-.LFB2
 693 0238 01       		.uleb128 0x1
 694 0239 9C       		.byte	0x9c
 695 023a 87020000 		.4byte	0x287
 696 023e 0C       		.uleb128 0xc
 697 023f 9B010000 		.4byte	.LASF20
 698 0243 01       		.byte	0x1
 699 0244 63       		.byte	0x63
 700 0245 A9000000 		.4byte	0xa9
 701 0249 56000000 		.4byte	.LLST3
 702 024d 0F       		.uleb128 0xf
 703 024e 08000000 		.4byte	.LVL13
 704 0252 C5010000 		.4byte	0x1c5
 705 0256 15       		.uleb128 0x15
 706 0257 0E000000 		.4byte	.LVL14
 707 025b DB000000 		.4byte	0xdb
 708 025f 6A020000 		.4byte	0x26a
 709 0263 16       		.uleb128 0x16
 710 0264 01       		.uleb128 0x1
 711 0265 50       		.byte	0x50
 712 0266 02       		.uleb128 0x2
 713 0267 74       		.byte	0x74
 714 0268 00       		.sleb128 0
 715 0269 00       		.byte	0
 716 026a 15       		.uleb128 0x15
 717 026b 14000000 		.4byte	.LVL15
 718 026f 13010000 		.4byte	0x113
 719 0273 7D020000 		.4byte	0x27d
 720 0277 16       		.uleb128 0x16
 721 0278 01       		.uleb128 0x1
 722 0279 50       		.byte	0x50
ARM GAS  C:\Users\JamesN4\AppData\Local\Temp\cc78NrIU.s 			page 21


 723 027a 01       		.uleb128 0x1
 724 027b 33       		.byte	0x33
 725 027c 00       		.byte	0
 726 027d 0F       		.uleb128 0xf
 727 027e 18000000 		.4byte	.LVL16
 728 0282 9D010000 		.4byte	0x19d
 729 0286 00       		.byte	0
 730 0287 09       		.uleb128 0x9
 731 0288 CC010000 		.4byte	.LASF31
 732 028c 01       		.byte	0x1
 733 028d 81       		.byte	0x81
 734 028e 00000000 		.4byte	.LFB3
 735 0292 14000000 		.4byte	.LFE3-.LFB3
 736 0296 01       		.uleb128 0x1
 737 0297 9C       		.byte	0x9c
 738 0298 AF020000 		.4byte	0x2af
 739 029c 0F       		.uleb128 0xf
 740 029d 06000000 		.4byte	.LVL18
 741 02a1 C5010000 		.4byte	0x1c5
 742 02a5 0F       		.uleb128 0xf
 743 02a6 0C000000 		.4byte	.LVL19
 744 02aa DB000000 		.4byte	0xdb
 745 02ae 00       		.byte	0
 746 02af 13       		.uleb128 0x13
 747 02b0 D1020000 		.4byte	.LASF32
 748 02b4 01       		.byte	0x1
 749 02b5 7501     		.2byte	0x175
 750 02b7 00000000 		.4byte	.LFB12
 751 02bb 10000000 		.4byte	.LFE12-.LFB12
 752 02bf 01       		.uleb128 0x1
 753 02c0 9C       		.byte	0x9c
 754 02c1 13       		.uleb128 0x13
 755 02c2 B0020000 		.4byte	.LASF33
 756 02c6 01       		.byte	0x1
 757 02c7 8E01     		.2byte	0x18e
 758 02c9 00000000 		.4byte	.LFB13
 759 02cd 10000000 		.4byte	.LFE13-.LFB13
 760 02d1 01       		.uleb128 0x1
 761 02d2 9C       		.byte	0x9c
 762 02d3 17       		.uleb128 0x17
 763 02d4 A9000000 		.4byte	0xa9
 764 02d8 E3020000 		.4byte	0x2e3
 765 02dc 18       		.uleb128 0x18
 766 02dd C3000000 		.4byte	0xc3
 767 02e1 2F       		.byte	0x2f
 768 02e2 00       		.byte	0
 769 02e3 19       		.uleb128 0x19
 770 02e4 2C000000 		.4byte	.LASF40
 771 02e8 01       		.byte	0x1
 772 02e9 21       		.byte	0x21
 773 02ea D3020000 		.4byte	0x2d3
 774 02ee 1A       		.uleb128 0x1a
 775 02ef 77010000 		.4byte	.LASF34
 776 02f3 77010000 		.4byte	.LASF34
 777 02f7 03       		.byte	0x3
 778 02f8 E5       		.byte	0xe5
 779 02f9 1A       		.uleb128 0x1a
ARM GAS  C:\Users\JamesN4\AppData\Local\Temp\cc78NrIU.s 			page 22


 780 02fa A3010000 		.4byte	.LASF35
 781 02fe A3010000 		.4byte	.LASF35
 782 0302 03       		.byte	0x3
 783 0303 E6       		.byte	0xe6
 784 0304 00       		.byte	0
 785              		.section	.debug_abbrev,"",%progbits
 786              	.Ldebug_abbrev0:
 787 0000 01       		.uleb128 0x1
 788 0001 11       		.uleb128 0x11
 789 0002 01       		.byte	0x1
 790 0003 25       		.uleb128 0x25
 791 0004 0E       		.uleb128 0xe
 792 0005 13       		.uleb128 0x13
 793 0006 0B       		.uleb128 0xb
 794 0007 03       		.uleb128 0x3
 795 0008 0E       		.uleb128 0xe
 796 0009 1B       		.uleb128 0x1b
 797 000a 0E       		.uleb128 0xe
 798 000b 55       		.uleb128 0x55
 799 000c 17       		.uleb128 0x17
 800 000d 11       		.uleb128 0x11
 801 000e 01       		.uleb128 0x1
 802 000f 10       		.uleb128 0x10
 803 0010 17       		.uleb128 0x17
 804 0011 00       		.byte	0
 805 0012 00       		.byte	0
 806 0013 02       		.uleb128 0x2
 807 0014 24       		.uleb128 0x24
 808 0015 00       		.byte	0
 809 0016 0B       		.uleb128 0xb
 810 0017 0B       		.uleb128 0xb
 811 0018 3E       		.uleb128 0x3e
 812 0019 0B       		.uleb128 0xb
 813 001a 03       		.uleb128 0x3
 814 001b 0E       		.uleb128 0xe
 815 001c 00       		.byte	0
 816 001d 00       		.byte	0
 817 001e 03       		.uleb128 0x3
 818 001f 24       		.uleb128 0x24
 819 0020 00       		.byte	0
 820 0021 0B       		.uleb128 0xb
 821 0022 0B       		.uleb128 0xb
 822 0023 3E       		.uleb128 0x3e
 823 0024 0B       		.uleb128 0xb
 824 0025 03       		.uleb128 0x3
 825 0026 08       		.uleb128 0x8
 826 0027 00       		.byte	0
 827 0028 00       		.byte	0
 828 0029 04       		.uleb128 0x4
 829 002a 16       		.uleb128 0x16
 830 002b 00       		.byte	0
 831 002c 03       		.uleb128 0x3
 832 002d 0E       		.uleb128 0xe
 833 002e 3A       		.uleb128 0x3a
 834 002f 0B       		.uleb128 0xb
 835 0030 3B       		.uleb128 0x3b
 836 0031 05       		.uleb128 0x5
ARM GAS  C:\Users\JamesN4\AppData\Local\Temp\cc78NrIU.s 			page 23


 837 0032 49       		.uleb128 0x49
 838 0033 13       		.uleb128 0x13
 839 0034 00       		.byte	0
 840 0035 00       		.byte	0
 841 0036 05       		.uleb128 0x5
 842 0037 35       		.uleb128 0x35
 843 0038 00       		.byte	0
 844 0039 49       		.uleb128 0x49
 845 003a 13       		.uleb128 0x13
 846 003b 00       		.byte	0
 847 003c 00       		.byte	0
 848 003d 06       		.uleb128 0x6
 849 003e 0F       		.uleb128 0xf
 850 003f 00       		.byte	0
 851 0040 0B       		.uleb128 0xb
 852 0041 0B       		.uleb128 0xb
 853 0042 49       		.uleb128 0x49
 854 0043 13       		.uleb128 0x13
 855 0044 00       		.byte	0
 856 0045 00       		.byte	0
 857 0046 07       		.uleb128 0x7
 858 0047 15       		.uleb128 0x15
 859 0048 00       		.byte	0
 860 0049 27       		.uleb128 0x27
 861 004a 19       		.uleb128 0x19
 862 004b 00       		.byte	0
 863 004c 00       		.byte	0
 864 004d 08       		.uleb128 0x8
 865 004e 2E       		.uleb128 0x2e
 866 004f 00       		.byte	0
 867 0050 3F       		.uleb128 0x3f
 868 0051 19       		.uleb128 0x19
 869 0052 03       		.uleb128 0x3
 870 0053 0E       		.uleb128 0xe
 871 0054 3A       		.uleb128 0x3a
 872 0055 0B       		.uleb128 0xb
 873 0056 3B       		.uleb128 0x3b
 874 0057 0B       		.uleb128 0xb
 875 0058 27       		.uleb128 0x27
 876 0059 19       		.uleb128 0x19
 877 005a 11       		.uleb128 0x11
 878 005b 01       		.uleb128 0x1
 879 005c 12       		.uleb128 0x12
 880 005d 06       		.uleb128 0x6
 881 005e 40       		.uleb128 0x40
 882 005f 18       		.uleb128 0x18
 883 0060 9742     		.uleb128 0x2117
 884 0062 19       		.uleb128 0x19
 885 0063 00       		.byte	0
 886 0064 00       		.byte	0
 887 0065 09       		.uleb128 0x9
 888 0066 2E       		.uleb128 0x2e
 889 0067 01       		.byte	0x1
 890 0068 3F       		.uleb128 0x3f
 891 0069 19       		.uleb128 0x19
 892 006a 03       		.uleb128 0x3
 893 006b 0E       		.uleb128 0xe
ARM GAS  C:\Users\JamesN4\AppData\Local\Temp\cc78NrIU.s 			page 24


 894 006c 3A       		.uleb128 0x3a
 895 006d 0B       		.uleb128 0xb
 896 006e 3B       		.uleb128 0x3b
 897 006f 0B       		.uleb128 0xb
 898 0070 27       		.uleb128 0x27
 899 0071 19       		.uleb128 0x19
 900 0072 11       		.uleb128 0x11
 901 0073 01       		.uleb128 0x1
 902 0074 12       		.uleb128 0x12
 903 0075 06       		.uleb128 0x6
 904 0076 40       		.uleb128 0x40
 905 0077 18       		.uleb128 0x18
 906 0078 9742     		.uleb128 0x2117
 907 007a 19       		.uleb128 0x19
 908 007b 01       		.uleb128 0x1
 909 007c 13       		.uleb128 0x13
 910 007d 00       		.byte	0
 911 007e 00       		.byte	0
 912 007f 0A       		.uleb128 0xa
 913 0080 05       		.uleb128 0x5
 914 0081 00       		.byte	0
 915 0082 03       		.uleb128 0x3
 916 0083 0E       		.uleb128 0xe
 917 0084 3A       		.uleb128 0x3a
 918 0085 0B       		.uleb128 0xb
 919 0086 3B       		.uleb128 0x3b
 920 0087 0B       		.uleb128 0xb
 921 0088 49       		.uleb128 0x49
 922 0089 13       		.uleb128 0x13
 923 008a 02       		.uleb128 0x2
 924 008b 18       		.uleb128 0x18
 925 008c 00       		.byte	0
 926 008d 00       		.byte	0
 927 008e 0B       		.uleb128 0xb
 928 008f 2E       		.uleb128 0x2e
 929 0090 00       		.byte	0
 930 0091 3F       		.uleb128 0x3f
 931 0092 19       		.uleb128 0x19
 932 0093 03       		.uleb128 0x3
 933 0094 0E       		.uleb128 0xe
 934 0095 3A       		.uleb128 0x3a
 935 0096 0B       		.uleb128 0xb
 936 0097 3B       		.uleb128 0x3b
 937 0098 0B       		.uleb128 0xb
 938 0099 27       		.uleb128 0x27
 939 009a 19       		.uleb128 0x19
 940 009b 49       		.uleb128 0x49
 941 009c 13       		.uleb128 0x13
 942 009d 11       		.uleb128 0x11
 943 009e 01       		.uleb128 0x1
 944 009f 12       		.uleb128 0x12
 945 00a0 06       		.uleb128 0x6
 946 00a1 40       		.uleb128 0x40
 947 00a2 18       		.uleb128 0x18
 948 00a3 9742     		.uleb128 0x2117
 949 00a5 19       		.uleb128 0x19
 950 00a6 00       		.byte	0
ARM GAS  C:\Users\JamesN4\AppData\Local\Temp\cc78NrIU.s 			page 25


 951 00a7 00       		.byte	0
 952 00a8 0C       		.uleb128 0xc
 953 00a9 05       		.uleb128 0x5
 954 00aa 00       		.byte	0
 955 00ab 03       		.uleb128 0x3
 956 00ac 0E       		.uleb128 0xe
 957 00ad 3A       		.uleb128 0x3a
 958 00ae 0B       		.uleb128 0xb
 959 00af 3B       		.uleb128 0x3b
 960 00b0 0B       		.uleb128 0xb
 961 00b1 49       		.uleb128 0x49
 962 00b2 13       		.uleb128 0x13
 963 00b3 02       		.uleb128 0x2
 964 00b4 17       		.uleb128 0x17
 965 00b5 00       		.byte	0
 966 00b6 00       		.byte	0
 967 00b7 0D       		.uleb128 0xd
 968 00b8 34       		.uleb128 0x34
 969 00b9 00       		.byte	0
 970 00ba 03       		.uleb128 0x3
 971 00bb 0E       		.uleb128 0xe
 972 00bc 3A       		.uleb128 0x3a
 973 00bd 0B       		.uleb128 0xb
 974 00be 3B       		.uleb128 0x3b
 975 00bf 0B       		.uleb128 0xb
 976 00c0 49       		.uleb128 0x49
 977 00c1 13       		.uleb128 0x13
 978 00c2 02       		.uleb128 0x2
 979 00c3 17       		.uleb128 0x17
 980 00c4 00       		.byte	0
 981 00c5 00       		.byte	0
 982 00c6 0E       		.uleb128 0xe
 983 00c7 34       		.uleb128 0x34
 984 00c8 00       		.byte	0
 985 00c9 03       		.uleb128 0x3
 986 00ca 0E       		.uleb128 0xe
 987 00cb 3A       		.uleb128 0x3a
 988 00cc 0B       		.uleb128 0xb
 989 00cd 3B       		.uleb128 0x3b
 990 00ce 0B       		.uleb128 0xb
 991 00cf 49       		.uleb128 0x49
 992 00d0 13       		.uleb128 0x13
 993 00d1 1C       		.uleb128 0x1c
 994 00d2 0B       		.uleb128 0xb
 995 00d3 00       		.byte	0
 996 00d4 00       		.byte	0
 997 00d5 0F       		.uleb128 0xf
 998 00d6 898201   		.uleb128 0x4109
 999 00d9 00       		.byte	0
 1000 00da 11       		.uleb128 0x11
 1001 00db 01       		.uleb128 0x1
 1002 00dc 31       		.uleb128 0x31
 1003 00dd 13       		.uleb128 0x13
 1004 00de 00       		.byte	0
 1005 00df 00       		.byte	0
 1006 00e0 10       		.uleb128 0x10
 1007 00e1 2E       		.uleb128 0x2e
ARM GAS  C:\Users\JamesN4\AppData\Local\Temp\cc78NrIU.s 			page 26


 1008 00e2 01       		.byte	0x1
 1009 00e3 3F       		.uleb128 0x3f
 1010 00e4 19       		.uleb128 0x19
 1011 00e5 03       		.uleb128 0x3
 1012 00e6 0E       		.uleb128 0xe
 1013 00e7 3A       		.uleb128 0x3a
 1014 00e8 0B       		.uleb128 0xb
 1015 00e9 3B       		.uleb128 0x3b
 1016 00ea 05       		.uleb128 0x5
 1017 00eb 27       		.uleb128 0x27
 1018 00ec 19       		.uleb128 0x19
 1019 00ed 49       		.uleb128 0x49
 1020 00ee 13       		.uleb128 0x13
 1021 00ef 11       		.uleb128 0x11
 1022 00f0 01       		.uleb128 0x1
 1023 00f1 12       		.uleb128 0x12
 1024 00f2 06       		.uleb128 0x6
 1025 00f3 40       		.uleb128 0x40
 1026 00f4 18       		.uleb128 0x18
 1027 00f5 9742     		.uleb128 0x2117
 1028 00f7 19       		.uleb128 0x19
 1029 00f8 01       		.uleb128 0x1
 1030 00f9 13       		.uleb128 0x13
 1031 00fa 00       		.byte	0
 1032 00fb 00       		.byte	0
 1033 00fc 11       		.uleb128 0x11
 1034 00fd 34       		.uleb128 0x34
 1035 00fe 00       		.byte	0
 1036 00ff 03       		.uleb128 0x3
 1037 0100 0E       		.uleb128 0xe
 1038 0101 3A       		.uleb128 0x3a
 1039 0102 0B       		.uleb128 0xb
 1040 0103 3B       		.uleb128 0x3b
 1041 0104 05       		.uleb128 0x5
 1042 0105 49       		.uleb128 0x49
 1043 0106 13       		.uleb128 0x13
 1044 0107 02       		.uleb128 0x2
 1045 0108 17       		.uleb128 0x17
 1046 0109 00       		.byte	0
 1047 010a 00       		.byte	0
 1048 010b 12       		.uleb128 0x12
 1049 010c 34       		.uleb128 0x34
 1050 010d 00       		.byte	0
 1051 010e 03       		.uleb128 0x3
 1052 010f 0E       		.uleb128 0xe
 1053 0110 3A       		.uleb128 0x3a
 1054 0111 0B       		.uleb128 0xb
 1055 0112 3B       		.uleb128 0x3b
 1056 0113 05       		.uleb128 0x5
 1057 0114 49       		.uleb128 0x49
 1058 0115 13       		.uleb128 0x13
 1059 0116 1C       		.uleb128 0x1c
 1060 0117 0B       		.uleb128 0xb
 1061 0118 00       		.byte	0
 1062 0119 00       		.byte	0
 1063 011a 13       		.uleb128 0x13
 1064 011b 2E       		.uleb128 0x2e
ARM GAS  C:\Users\JamesN4\AppData\Local\Temp\cc78NrIU.s 			page 27


 1065 011c 00       		.byte	0
 1066 011d 3F       		.uleb128 0x3f
 1067 011e 19       		.uleb128 0x19
 1068 011f 03       		.uleb128 0x3
 1069 0120 0E       		.uleb128 0xe
 1070 0121 3A       		.uleb128 0x3a
 1071 0122 0B       		.uleb128 0xb
 1072 0123 3B       		.uleb128 0x3b
 1073 0124 05       		.uleb128 0x5
 1074 0125 27       		.uleb128 0x27
 1075 0126 19       		.uleb128 0x19
 1076 0127 11       		.uleb128 0x11
 1077 0128 01       		.uleb128 0x1
 1078 0129 12       		.uleb128 0x12
 1079 012a 06       		.uleb128 0x6
 1080 012b 40       		.uleb128 0x40
 1081 012c 18       		.uleb128 0x18
 1082 012d 9742     		.uleb128 0x2117
 1083 012f 19       		.uleb128 0x19
 1084 0130 00       		.byte	0
 1085 0131 00       		.byte	0
 1086 0132 14       		.uleb128 0x14
 1087 0133 2E       		.uleb128 0x2e
 1088 0134 00       		.byte	0
 1089 0135 3F       		.uleb128 0x3f
 1090 0136 19       		.uleb128 0x19
 1091 0137 03       		.uleb128 0x3
 1092 0138 0E       		.uleb128 0xe
 1093 0139 3A       		.uleb128 0x3a
 1094 013a 0B       		.uleb128 0xb
 1095 013b 3B       		.uleb128 0x3b
 1096 013c 05       		.uleb128 0x5
 1097 013d 27       		.uleb128 0x27
 1098 013e 19       		.uleb128 0x19
 1099 013f 49       		.uleb128 0x49
 1100 0140 13       		.uleb128 0x13
 1101 0141 11       		.uleb128 0x11
 1102 0142 01       		.uleb128 0x1
 1103 0143 12       		.uleb128 0x12
 1104 0144 06       		.uleb128 0x6
 1105 0145 40       		.uleb128 0x40
 1106 0146 18       		.uleb128 0x18
 1107 0147 9742     		.uleb128 0x2117
 1108 0149 19       		.uleb128 0x19
 1109 014a 00       		.byte	0
 1110 014b 00       		.byte	0
 1111 014c 15       		.uleb128 0x15
 1112 014d 898201   		.uleb128 0x4109
 1113 0150 01       		.byte	0x1
 1114 0151 11       		.uleb128 0x11
 1115 0152 01       		.uleb128 0x1
 1116 0153 31       		.uleb128 0x31
 1117 0154 13       		.uleb128 0x13
 1118 0155 01       		.uleb128 0x1
 1119 0156 13       		.uleb128 0x13
 1120 0157 00       		.byte	0
 1121 0158 00       		.byte	0
ARM GAS  C:\Users\JamesN4\AppData\Local\Temp\cc78NrIU.s 			page 28


 1122 0159 16       		.uleb128 0x16
 1123 015a 8A8201   		.uleb128 0x410a
 1124 015d 00       		.byte	0
 1125 015e 02       		.uleb128 0x2
 1126 015f 18       		.uleb128 0x18
 1127 0160 9142     		.uleb128 0x2111
 1128 0162 18       		.uleb128 0x18
 1129 0163 00       		.byte	0
 1130 0164 00       		.byte	0
 1131 0165 17       		.uleb128 0x17
 1132 0166 01       		.uleb128 0x1
 1133 0167 01       		.byte	0x1
 1134 0168 49       		.uleb128 0x49
 1135 0169 13       		.uleb128 0x13
 1136 016a 01       		.uleb128 0x1
 1137 016b 13       		.uleb128 0x13
 1138 016c 00       		.byte	0
 1139 016d 00       		.byte	0
 1140 016e 18       		.uleb128 0x18
 1141 016f 21       		.uleb128 0x21
 1142 0170 00       		.byte	0
 1143 0171 49       		.uleb128 0x49
 1144 0172 13       		.uleb128 0x13
 1145 0173 2F       		.uleb128 0x2f
 1146 0174 0B       		.uleb128 0xb
 1147 0175 00       		.byte	0
 1148 0176 00       		.byte	0
 1149 0177 19       		.uleb128 0x19
 1150 0178 34       		.uleb128 0x34
 1151 0179 00       		.byte	0
 1152 017a 03       		.uleb128 0x3
 1153 017b 0E       		.uleb128 0xe
 1154 017c 3A       		.uleb128 0x3a
 1155 017d 0B       		.uleb128 0xb
 1156 017e 3B       		.uleb128 0x3b
 1157 017f 0B       		.uleb128 0xb
 1158 0180 49       		.uleb128 0x49
 1159 0181 13       		.uleb128 0x13
 1160 0182 3F       		.uleb128 0x3f
 1161 0183 19       		.uleb128 0x19
 1162 0184 3C       		.uleb128 0x3c
 1163 0185 19       		.uleb128 0x19
 1164 0186 00       		.byte	0
 1165 0187 00       		.byte	0
 1166 0188 1A       		.uleb128 0x1a
 1167 0189 2E       		.uleb128 0x2e
 1168 018a 00       		.byte	0
 1169 018b 3F       		.uleb128 0x3f
 1170 018c 19       		.uleb128 0x19
 1171 018d 3C       		.uleb128 0x3c
 1172 018e 19       		.uleb128 0x19
 1173 018f 6E       		.uleb128 0x6e
 1174 0190 0E       		.uleb128 0xe
 1175 0191 03       		.uleb128 0x3
 1176 0192 0E       		.uleb128 0xe
 1177 0193 3A       		.uleb128 0x3a
 1178 0194 0B       		.uleb128 0xb
ARM GAS  C:\Users\JamesN4\AppData\Local\Temp\cc78NrIU.s 			page 29


 1179 0195 3B       		.uleb128 0x3b
 1180 0196 0B       		.uleb128 0xb
 1181 0197 00       		.byte	0
 1182 0198 00       		.byte	0
 1183 0199 00       		.byte	0
 1184              		.section	.debug_loc,"",%progbits
 1185              	.Ldebug_loc0:
 1186              	.LLST0:
 1187 0000 00000000 		.4byte	.LVL1
 1188 0004 07000000 		.4byte	.LVL3-1
 1189 0008 0100     		.2byte	0x1
 1190 000a 50       		.byte	0x50
 1191 000b 07000000 		.4byte	.LVL3-1
 1192 000f 24000000 		.4byte	.LFE7
 1193 0013 0400     		.2byte	0x4
 1194 0015 F3       		.byte	0xf3
 1195 0016 01       		.uleb128 0x1
 1196 0017 50       		.byte	0x50
 1197 0018 9F       		.byte	0x9f
 1198 0019 00000000 		.4byte	0
 1199 001d 00000000 		.4byte	0
 1200              	.LLST1:
 1201 0021 08000000 		.4byte	.LVL3
 1202 0025 19000000 		.4byte	.LVL4-1
 1203 0029 0100     		.2byte	0x1
 1204 002b 50       		.byte	0x50
 1205 002c 00000000 		.4byte	0
 1206 0030 00000000 		.4byte	0
 1207              	.LLST2:
 1208 0034 06000000 		.4byte	.LVL6
 1209 0038 0A000000 		.4byte	.LVL7
 1210 003c 0500     		.2byte	0x5
 1211 003e 70       		.byte	0x70
 1212 003f 00       		.sleb128 0
 1213 0040 33       		.byte	0x33
 1214 0041 1A       		.byte	0x1a
 1215 0042 9F       		.byte	0x9f
 1216 0043 0A000000 		.4byte	.LVL7
 1217 0047 10000000 		.4byte	.LFE8
 1218 004b 0100     		.2byte	0x1
 1219 004d 50       		.byte	0x50
 1220 004e 00000000 		.4byte	0
 1221 0052 00000000 		.4byte	0
 1222              	.LLST3:
 1223 0056 00000000 		.4byte	.LVL12
 1224 005a 07000000 		.4byte	.LVL13-1
 1225 005e 0100     		.2byte	0x1
 1226 0060 50       		.byte	0x50
 1227 0061 07000000 		.4byte	.LVL13-1
 1228 0065 18000000 		.4byte	.LVL17
 1229 0069 0100     		.2byte	0x1
 1230 006b 54       		.byte	0x54
 1231 006c 18000000 		.4byte	.LVL17
 1232 0070 1A000000 		.4byte	.LFE2
 1233 0074 0400     		.2byte	0x4
 1234 0076 F3       		.byte	0xf3
 1235 0077 01       		.uleb128 0x1
ARM GAS  C:\Users\JamesN4\AppData\Local\Temp\cc78NrIU.s 			page 30


 1236 0078 50       		.byte	0x50
 1237 0079 9F       		.byte	0x9f
 1238 007a 00000000 		.4byte	0
 1239 007e 00000000 		.4byte	0
 1240              		.section	.debug_aranges,"",%progbits
 1241 0000 7C000000 		.4byte	0x7c
 1242 0004 0200     		.2byte	0x2
 1243 0006 00000000 		.4byte	.Ldebug_info0
 1244 000a 04       		.byte	0x4
 1245 000b 00       		.byte	0
 1246 000c 0000     		.2byte	0
 1247 000e 0000     		.2byte	0
 1248 0010 00000000 		.4byte	.LFB4
 1249 0014 02000000 		.4byte	.LFE4-.LFB4
 1250 0018 00000000 		.4byte	.LFB5
 1251 001c 0C000000 		.4byte	.LFE5-.LFB5
 1252 0020 00000000 		.4byte	.LFB6
 1253 0024 0C000000 		.4byte	.LFE6-.LFB6
 1254 0028 00000000 		.4byte	.LFB7
 1255 002c 24000000 		.4byte	.LFE7-.LFB7
 1256 0030 00000000 		.4byte	.LFB8
 1257 0034 10000000 		.4byte	.LFE8-.LFB8
 1258 0038 00000000 		.4byte	.LFB9
 1259 003c 10000000 		.4byte	.LFE9-.LFB9
 1260 0040 00000000 		.4byte	.LFB10
 1261 0044 14000000 		.4byte	.LFE10-.LFB10
 1262 0048 00000000 		.4byte	.LFB11
 1263 004c 10000000 		.4byte	.LFE11-.LFB11
 1264 0050 00000000 		.4byte	.LFB1
 1265 0054 1C000000 		.4byte	.LFE1-.LFB1
 1266 0058 00000000 		.4byte	.LFB2
 1267 005c 1A000000 		.4byte	.LFE2-.LFB2
 1268 0060 00000000 		.4byte	.LFB3
 1269 0064 14000000 		.4byte	.LFE3-.LFB3
 1270 0068 00000000 		.4byte	.LFB12
 1271 006c 10000000 		.4byte	.LFE12-.LFB12
 1272 0070 00000000 		.4byte	.LFB13
 1273 0074 10000000 		.4byte	.LFE13-.LFB13
 1274 0078 00000000 		.4byte	0
 1275 007c 00000000 		.4byte	0
 1276              		.section	.debug_ranges,"",%progbits
 1277              	.Ldebug_ranges0:
 1278 0000 00000000 		.4byte	.LFB4
 1279 0004 02000000 		.4byte	.LFE4
 1280 0008 00000000 		.4byte	.LFB5
 1281 000c 0C000000 		.4byte	.LFE5
 1282 0010 00000000 		.4byte	.LFB6
 1283 0014 0C000000 		.4byte	.LFE6
 1284 0018 00000000 		.4byte	.LFB7
 1285 001c 24000000 		.4byte	.LFE7
 1286 0020 00000000 		.4byte	.LFB8
 1287 0024 10000000 		.4byte	.LFE8
 1288 0028 00000000 		.4byte	.LFB9
 1289 002c 10000000 		.4byte	.LFE9
 1290 0030 00000000 		.4byte	.LFB10
 1291 0034 14000000 		.4byte	.LFE10
 1292 0038 00000000 		.4byte	.LFB11
ARM GAS  C:\Users\JamesN4\AppData\Local\Temp\cc78NrIU.s 			page 31


 1293 003c 10000000 		.4byte	.LFE11
 1294 0040 00000000 		.4byte	.LFB1
 1295 0044 1C000000 		.4byte	.LFE1
 1296 0048 00000000 		.4byte	.LFB2
 1297 004c 1A000000 		.4byte	.LFE2
 1298 0050 00000000 		.4byte	.LFB3
 1299 0054 14000000 		.4byte	.LFE3
 1300 0058 00000000 		.4byte	.LFB12
 1301 005c 10000000 		.4byte	.LFE12
 1302 0060 00000000 		.4byte	.LFB13
 1303 0064 10000000 		.4byte	.LFE13
 1304 0068 00000000 		.4byte	0
 1305 006c 00000000 		.4byte	0
 1306              		.section	.debug_line,"",%progbits
 1307              	.Ldebug_line0:
 1308 0000 51010000 		.section	.debug_str,"MS",%progbits,1
 1308      02005100 
 1308      00000201 
 1308      FB0E0D00 
 1308      01010101 
 1309              	.LASF14:
 1310 0000 72656733 		.ascii	"reg32\000"
 1310      3200
 1311              	.LASF30:
 1312 0006 54696D65 		.ascii	"Timer_Int_StartEx\000"
 1312      725F496E 
 1312      745F5374 
 1312      61727445 
 1312      7800
 1313              	.LASF18:
 1314 0018 54696D65 		.ascii	"Timer_Int_SetVector\000"
 1314      725F496E 
 1314      745F5365 
 1314      74566563 
 1314      746F7200 
 1315              	.LASF40:
 1316 002c 43795261 		.ascii	"CyRamVectors\000"
 1316      6D566563 
 1316      746F7273 
 1316      00
 1317              	.LASF39:
 1318 0039 54696D65 		.ascii	"Timer_Int_GetPriority\000"
 1318      725F496E 
 1318      745F4765 
 1318      74507269 
 1318      6F726974 
 1319              	.LASF3:
 1320 004f 73686F72 		.ascii	"short unsigned int\000"
 1320      7420756E 
 1320      7369676E 
 1320      65642069 
 1320      6E7400
 1321              	.LASF38:
 1322 0062 433A5C55 		.ascii	"C:\\Users\\JamesN4\\Documents\\PSoC Creator\\Hybrid"
 1322      73657273 
 1322      5C4A616D 
 1322      65734E34 
ARM GAS  C:\Users\JamesN4\AppData\Local\Temp\cc78NrIU.s 			page 32


 1322      5C446F63 
 1323 0090 456E636F 		.ascii	"EncoderCY8CKIT43\\firmware\\HybridEncoder.cydsn\000"
 1323      64657243 
 1323      5938434B 
 1323      49543433 
 1323      5C666972 
 1324              	.LASF28:
 1325 00be 54696D65 		.ascii	"Timer_Int_Disable\000"
 1325      725F496E 
 1325      745F4469 
 1325      7361626C 
 1325      6500
 1326              	.LASF11:
 1327 00d0 666C6F61 		.ascii	"float\000"
 1327      7400
 1328              	.LASF7:
 1329 00d6 6C6F6E67 		.ascii	"long long unsigned int\000"
 1329      206C6F6E 
 1329      6720756E 
 1329      7369676E 
 1329      65642069 
 1330              	.LASF1:
 1331 00ed 756E7369 		.ascii	"unsigned char\000"
 1331      676E6564 
 1331      20636861 
 1331      7200
 1332              	.LASF22:
 1333 00fb 696E7465 		.ascii	"interruptState\000"
 1333      72727570 
 1333      74537461 
 1333      746500
 1334              	.LASF5:
 1335 010a 6C6F6E67 		.ascii	"long unsigned int\000"
 1335      20756E73 
 1335      69676E65 
 1335      6420696E 
 1335      7400
 1336              	.LASF9:
 1337 011c 75696E74 		.ascii	"uint8\000"
 1337      3800
 1338              	.LASF19:
 1339 0122 54696D65 		.ascii	"Timer_Int_SetPriority\000"
 1339      725F496E 
 1339      745F5365 
 1339      74507269 
 1339      6F726974 
 1340              	.LASF21:
 1341 0138 7072696F 		.ascii	"priority\000"
 1341      72697479 
 1341      00
 1342              	.LASF26:
 1343 0141 54696D65 		.ascii	"Timer_Int_GetVector\000"
 1343      725F496E 
 1343      745F4765 
 1343      74566563 
 1343      746F7200 
 1344              	.LASF12:
ARM GAS  C:\Users\JamesN4\AppData\Local\Temp\cc78NrIU.s 			page 33


 1345 0155 646F7562 		.ascii	"double\000"
 1345      6C6500
 1346              	.LASF24:
 1347 015c 54696D65 		.ascii	"Timer_Int_Interrupt\000"
 1347      725F496E 
 1347      745F496E 
 1347      74657272 
 1347      75707400 
 1348              	.LASF10:
 1349 0170 75696E74 		.ascii	"uint32\000"
 1349      333200
 1350              	.LASF34:
 1351 0177 4379456E 		.ascii	"CyEnterCriticalSection\000"
 1351      74657243 
 1351      72697469 
 1351      63616C53 
 1351      65637469 
 1352              	.LASF8:
 1353 018e 756E7369 		.ascii	"unsigned int\000"
 1353      676E6564 
 1353      20696E74 
 1353      00
 1354              	.LASF20:
 1355 019b 61646472 		.ascii	"address\000"
 1355      65737300 
 1356              	.LASF35:
 1357 01a3 43794578 		.ascii	"CyExitCriticalSection\000"
 1357      69744372 
 1357      69746963 
 1357      616C5365 
 1357      6374696F 
 1358              	.LASF27:
 1359 01b9 54696D65 		.ascii	"Timer_Int_GetState\000"
 1359      725F496E 
 1359      745F4765 
 1359      74537461 
 1359      746500
 1360              	.LASF31:
 1361 01cc 54696D65 		.ascii	"Timer_Int_Stop\000"
 1361      725F496E 
 1361      745F5374 
 1361      6F7000
 1362              	.LASF15:
 1363 01db 63796973 		.ascii	"cyisraddress\000"
 1363      72616464 
 1363      72657373 
 1363      00
 1364              	.LASF36:
 1365 01e8 474E5520 		.ascii	"GNU C11 5.4.1 20160609 (release) [ARM/embedded-5-br"
 1365      43313120 
 1365      352E342E 
 1365      31203230 
 1365      31363036 
 1366 021b 616E6368 		.ascii	"anch revision 237715] -mcpu=cortex-m0 -mthumb -g -O"
 1366      20726576 
 1366      6973696F 
 1366      6E203233 
ARM GAS  C:\Users\JamesN4\AppData\Local\Temp\cc78NrIU.s 			page 34


 1366      37373135 
 1367 024e 67202D66 		.ascii	"g -ffunction-sections -ffat-lto-objects\000"
 1367      66756E63 
 1367      74696F6E 
 1367      2D736563 
 1367      74696F6E 
 1368              	.LASF17:
 1369 0276 73697A65 		.ascii	"sizetype\000"
 1369      74797065 
 1369      00
 1370              	.LASF6:
 1371 027f 6C6F6E67 		.ascii	"long long int\000"
 1371      206C6F6E 
 1371      6720696E 
 1371      7400
 1372              	.LASF37:
 1373 028d 47656E65 		.ascii	"Generated_Source\\PSoC4\\Timer_Int.c\000"
 1373      72617465 
 1373      645F536F 
 1373      75726365 
 1373      5C50536F 
 1374              	.LASF33:
 1375 02b0 54696D65 		.ascii	"Timer_Int_ClearPending\000"
 1375      725F496E 
 1375      745F436C 
 1375      65617250 
 1375      656E6469 
 1376              	.LASF2:
 1377 02c7 73686F72 		.ascii	"short int\000"
 1377      7420696E 
 1377      7400
 1378              	.LASF32:
 1379 02d1 54696D65 		.ascii	"Timer_Int_SetPending\000"
 1379      725F496E 
 1379      745F5365 
 1379      7450656E 
 1379      64696E67 
 1380              	.LASF23:
 1381 02e6 7072696F 		.ascii	"priorityOffset\000"
 1381      72697479 
 1381      4F666673 
 1381      657400
 1382              	.LASF4:
 1383 02f5 6C6F6E67 		.ascii	"long int\000"
 1383      20696E74 
 1383      00
 1384              	.LASF13:
 1385 02fe 63686172 		.ascii	"char\000"
 1385      00
 1386              	.LASF16:
 1387 0303 6C6F6E67 		.ascii	"long double\000"
 1387      20646F75 
 1387      626C6500 
 1388              	.LASF29:
 1389 030f 54696D65 		.ascii	"Timer_Int_Start\000"
 1389      725F496E 
 1389      745F5374 
ARM GAS  C:\Users\JamesN4\AppData\Local\Temp\cc78NrIU.s 			page 35


 1389      61727400 
 1390              	.LASF0:
 1391 031f 7369676E 		.ascii	"signed char\000"
 1391      65642063 
 1391      68617200 
 1392              	.LASF25:
 1393 032b 54696D65 		.ascii	"Timer_Int_Enable\000"
 1393      725F496E 
 1393      745F456E 
 1393      61626C65 
 1393      00
 1394              		.ident	"GCC: (GNU Tools for ARM Embedded Processors) 5.4.1 20160609 (release) [ARM/embedded-5-bran
